Archive member included because of file (symbol)

c:/program files (x86)/atmel/atmel toolchain/arm gcc/native/4.8.1443/arm-gnu-toolchain/bin/../lib/gcc/arm-none-eabi/4.8.4/../../../../arm-none-eabi/lib/armv7-m\libm.a(lib_a-w_acos.o)
                              src/CalculateAngle.o (acos)
c:/program files (x86)/atmel/atmel toolchain/arm gcc/native/4.8.1443/arm-gnu-toolchain/bin/../lib/gcc/arm-none-eabi/4.8.4/../../../../arm-none-eabi/lib/armv7-m\libm.a(lib_a-w_sqrt.o)
                              src/CalculateAngle.o (sqrt)
c:/program files (x86)/atmel/atmel toolchain/arm gcc/native/4.8.1443/arm-gnu-toolchain/bin/../lib/gcc/arm-none-eabi/4.8.4/../../../../arm-none-eabi/lib/armv7-m\libm.a(lib_a-e_acos.o)
                              c:/program files (x86)/atmel/atmel toolchain/arm gcc/native/4.8.1443/arm-gnu-toolchain/bin/../lib/gcc/arm-none-eabi/4.8.4/../../../../arm-none-eabi/lib/armv7-m\libm.a(lib_a-w_acos.o) (__ieee754_acos)
c:/program files (x86)/atmel/atmel toolchain/arm gcc/native/4.8.1443/arm-gnu-toolchain/bin/../lib/gcc/arm-none-eabi/4.8.4/../../../../arm-none-eabi/lib/armv7-m\libm.a(lib_a-e_sqrt.o)
                              c:/program files (x86)/atmel/atmel toolchain/arm gcc/native/4.8.1443/arm-gnu-toolchain/bin/../lib/gcc/arm-none-eabi/4.8.4/../../../../arm-none-eabi/lib/armv7-m\libm.a(lib_a-w_sqrt.o) (__ieee754_sqrt)
c:/program files (x86)/atmel/atmel toolchain/arm gcc/native/4.8.1443/arm-gnu-toolchain/bin/../lib/gcc/arm-none-eabi/4.8.4/../../../../arm-none-eabi/lib/armv7-m\libm.a(lib_a-s_fabs.o)
                              c:/program files (x86)/atmel/atmel toolchain/arm gcc/native/4.8.1443/arm-gnu-toolchain/bin/../lib/gcc/arm-none-eabi/4.8.4/../../../../arm-none-eabi/lib/armv7-m\libm.a(lib_a-w_acos.o) (fabs)
c:/program files (x86)/atmel/atmel toolchain/arm gcc/native/4.8.1443/arm-gnu-toolchain/bin/../lib/gcc/arm-none-eabi/4.8.4/../../../../arm-none-eabi/lib/armv7-m\libm.a(lib_a-s_fpclassify.o)
                              c:/program files (x86)/atmel/atmel toolchain/arm gcc/native/4.8.1443/arm-gnu-toolchain/bin/../lib/gcc/arm-none-eabi/4.8.4/../../../../arm-none-eabi/lib/armv7-m\libm.a(lib_a-w_acos.o) (__fpclassifyd)
c:/program files (x86)/atmel/atmel toolchain/arm gcc/native/4.8.1443/arm-gnu-toolchain/bin/../lib/gcc/arm-none-eabi/4.8.4/../../../../arm-none-eabi/lib/armv7-m\libm.a(lib_a-s_lib_ver.o)
                              c:/program files (x86)/atmel/atmel toolchain/arm gcc/native/4.8.1443/arm-gnu-toolchain/bin/../lib/gcc/arm-none-eabi/4.8.4/../../../../arm-none-eabi/lib/armv7-m\libm.a(lib_a-w_acos.o) (__fdlib_version)
c:/program files (x86)/atmel/atmel toolchain/arm gcc/native/4.8.1443/arm-gnu-toolchain/bin/../lib/gcc/arm-none-eabi/4.8.4/../../../../arm-none-eabi/lib/armv7-m\libm.a(lib_a-s_matherr.o)
                              c:/program files (x86)/atmel/atmel toolchain/arm gcc/native/4.8.1443/arm-gnu-toolchain/bin/../lib/gcc/arm-none-eabi/4.8.4/../../../../arm-none-eabi/lib/armv7-m\libm.a(lib_a-w_acos.o) (matherr)
c:/program files (x86)/atmel/atmel toolchain/arm gcc/native/4.8.1443/arm-gnu-toolchain/bin/../lib/gcc/arm-none-eabi/4.8.4/../../../../arm-none-eabi/lib/armv7-m\libm.a(lib_a-s_nan.o)
                              c:/program files (x86)/atmel/atmel toolchain/arm gcc/native/4.8.1443/arm-gnu-toolchain/bin/../lib/gcc/arm-none-eabi/4.8.4/../../../../arm-none-eabi/lib/armv7-m\libm.a(lib_a-w_acos.o) (nan)
c:/program files (x86)/atmel/atmel toolchain/arm gcc/native/4.8.1443/arm-gnu-toolchain/bin/../lib/gcc/arm-none-eabi/4.8.4/armv7-m\libgcc.a(_arm_addsubdf3.o)
                              c:/program files (x86)/atmel/atmel toolchain/arm gcc/native/4.8.1443/arm-gnu-toolchain/bin/../lib/gcc/arm-none-eabi/4.8.4/../../../../arm-none-eabi/lib/armv7-m\libm.a(lib_a-e_acos.o) (__aeabi_dsub)
c:/program files (x86)/atmel/atmel toolchain/arm gcc/native/4.8.1443/arm-gnu-toolchain/bin/../lib/gcc/arm-none-eabi/4.8.4/armv7-m\libgcc.a(_arm_muldivdf3.o)
                              src/CalculateAngle.o (__aeabi_dmul)
c:/program files (x86)/atmel/atmel toolchain/arm gcc/native/4.8.1443/arm-gnu-toolchain/bin/../lib/gcc/arm-none-eabi/4.8.4/armv7-m\libgcc.a(_arm_cmpdf2.o)
                              src/Rotate.o (__aeabi_dcmplt)
c:/program files (x86)/atmel/atmel toolchain/arm gcc/native/4.8.1443/arm-gnu-toolchain/bin/../lib/gcc/arm-none-eabi/4.8.4/armv7-m\libgcc.a(_arm_fixdfsi.o)
                              src/CalculateAngle.o (__aeabi_d2iz)
c:/program files (x86)/atmel/atmel toolchain/arm gcc/native/4.8.1443/arm-gnu-toolchain/bin/../lib/gcc/arm-none-eabi/4.8.4/../../../../arm-none-eabi/lib/armv7-m\libc.a(lib_a-errno.o)
                              c:/program files (x86)/atmel/atmel toolchain/arm gcc/native/4.8.1443/arm-gnu-toolchain/bin/../lib/gcc/arm-none-eabi/4.8.4/../../../../arm-none-eabi/lib/armv7-m\libm.a(lib_a-w_acos.o) (__errno)
[...]
Memory Configuration

Name             Origin             Length             Attributes
rom              0x00080000         0x00080000         xr
sram0            0x20000000         0x00010000         xrw
sram1            0x20080000         0x00008000         xrw
ram              0x20070000         0x00018000         xrw
*default*        0x00000000         0xffffffff

Linker script and memory map

LOAD c:/program files (x86)/atmel/atmel toolchain/arm gcc/native/4.8.1443/arm-gnu-toolchain/bin/../lib/gcc/arm-none-eabi/4.8.4/armv7-m/crti.o
LOAD c:/program files (x86)/atmel/atmel toolchain/arm gcc/native/4.8.1443/arm-gnu-toolchain/bin/../lib/gcc/arm-none-eabi/4.8.4/armv7-m/crtbegin.o
LOAD c:/program files (x86)/atmel/atmel toolchain/arm gcc/native/4.8.1443/arm-gnu-toolchain/bin/../lib/gcc/arm-none-eabi/4.8.4/../../../../arm-none-eabi/lib/armv7-m/crt0.o
LOAD src/ASF/common/services/serial/usart_serial.o
LOAD src/ASF/common/utils/stdio/read.o
LOAD src/ASF/common/utils/stdio/write.o
LOAD src/ASF/sam/drivers/rtc/rtc.o
LOAD src/ASF/sam/drivers/rtt/rtt.o
LOAD src/ASF/sam/drivers/tc/tc.o
LOAD src/ASF/sam/drivers/uart/uart.o
LOAD src/ASF/sam/drivers/usart/usart.o
LOAD src/ASF/sam/drivers/wdt/wdt.o
LOAD src/ASF/thirdparty/wireless/addons/sio2host/uart/sio2host.o
LOAD src/CalculateAngle.o
LOAD src/Drive.o
LOAD src/Regulator.o
LOAD src/DelayFunctions.o
LOAD src/Motorfunctions.o
LOAD src/Rotate.o
LOAD src/ASF/common/services/clock/sam3x/sysclk.o
LOAD src/ASF/common/utils/interrupt/interrupt_sam_nvic.o
LOAD src/ASF/sam/boards/arduino_due_x/init.o
LOAD src/ASF/sam/drivers/pio/pio.o
LOAD src/ASF/sam/drivers/pio/pio_handler.o
LOAD src/ASF/sam/drivers/pmc/pmc.o
LOAD src/ASF/sam/drivers/pmc/sleep.o
LOAD src/ASF/sam/utils/cmsis/sam3x/source/templates/exceptions.o
LOAD src/ASF/sam/utils/cmsis/sam3x/source/templates/gcc/startup_sam3x.o
LOAD src/ASF/sam/utils/cmsis/sam3x/source/templates/system_sam3x.o
LOAD src/ASF/sam/utils/syscalls/gcc/syscalls.o
LOAD src/main.o
START GROUP
LOAD ../src/ASF/thirdparty/CMSIS/Lib/GCC\libarm_cortexM3l_math.a
LOAD c:/program files (x86)/atmel/atmel toolchain/arm gcc/native/4.8.1443/arm-gnu-toolchain/bin/../lib/gcc/arm-none-eabi/4.8.4/../../../../arm-none-eabi/lib/armv7-m\libm.a
END GROUP
START GROUP
LOAD c:/program files (x86)/atmel/atmel toolchain/arm gcc/native/4.8.1443/arm-gnu-toolchain/bin/../lib/gcc/arm-none-eabi/4.8.4/armv7-m\libgcc.a
LOAD c:/program files (x86)/atmel/atmel toolchain/arm gcc/native/4.8.1443/arm-gnu-toolchain/bin/../lib/gcc/arm-none-eabi/4.8.4/../../../../arm-none-eabi/lib/armv7-m\libc.a
END GROUP
LOAD c:/program files (x86)/atmel/atmel toolchain/arm gcc/native/4.8.1443/arm-gnu-toolchain/bin/../lib/gcc/arm-none-eabi/4.8.4/armv7-m/crtend.o
LOAD c:/program files (x86)/atmel/atmel toolchain/arm gcc/native/4.8.1443/arm-gnu-toolchain/bin/../lib/gcc/arm-none-eabi/4.8.4/armv7-m/crtn.o
                0x00002000                __stack_size__ = DEFINED (__stack_size__)?__stack_size__:0x2000
                0x20087ffc                __ram_end__ = ((ORIGIN (ram) + 0x18000) - 0x4)

.text           0x00080000     0x8318
                0x00080000                . = ALIGN (0x4)
                0x00080000                _sfixed = .
 *(.vectors .vectors.*)
 .vectors       0x00080000       0xf4 src/ASF/sam/utils/cmsis/sam3x/source/templates/gcc/startup_sam3x.o
                0x00080000                exception_table
 *(.text .text.* .gnu.linkonce.t.*)
 .text          0x000800f4       0x54 c:/program files (x86)/atmel/atmel toolchain/arm gcc/native/4.8.1443/arm-gnu-toolchain/bin/../lib/gcc/arm-none-eabi/4.8.4/armv7-m/crtbegin.o
 .text.usart_serial_read_packet
                0x00080148       0xc4 src/ASF/common/services/serial/usart_serial.o
                0x00080148                usart_serial_read_packet
 .text._read    0x0008020c       0x40 src/ASF/common/utils/stdio/read.o
                0x0008020c                _read
 .text._write   0x0008024c       0x54 src/ASF/common/utils/stdio/write.o
                0x0008024c                _write
 .text.tc_init  0x000802a0       0x1c src/ASF/sam/drivers/tc/tc.o
                0x000802a0                tc_init
 .text.tc_set_block_mode
                0x000802bc        0x8 src/ASF/sam/drivers/tc/tc.o
                0x000802bc                tc_set_block_mode
 .text.tc_start
                0x000802c4        0x8 src/ASF/sam/drivers/tc/tc.o
                0x000802c4                tc_start
 .text.tc_stop  0x000802cc        0x8 src/ASF/sam/drivers/tc/tc.o
                0x000802cc                tc_stop
 .text.tc_read_cv
                0x000802d4        0x8 src/ASF/sam/drivers/tc/tc.o
                0x000802d4                tc_read_cv
 .text.uart_init
                0x000802dc       0x38 src/ASF/sam/drivers/uart/uart.o
                0x000802dc                uart_init
 .text.uart_write
                0x00080314       0x10 src/ASF/sam/drivers/uart/uart.o
                0x00080314                uart_write
 .text.uart_read
                0x00080324       0x14 src/ASF/sam/drivers/uart/uart.o
                0x00080324                uart_read
 .text.usart_write
                0x00080338       0x14 src/ASF/sam/drivers/usart/usart.o
                0x00080338                usart_write
 .text.usart_read
                0x0008034c       0x18 src/ASF/sam/drivers/usart/usart.o
                0x0008034c                usart_read
 .text.USART0_Handler
                0x00080364       0x60 src/ASF/thirdparty/wireless/addons/sio2host/uart/sio2host.o
                0x00080364                USART0_Handler
 .text.getX_diff
                0x000803c4        0x4 src/CalculateAngle.o
                0x000803c4                getX_diff
 .text.getY_diff
                0x000803c8        0x4 src/CalculateAngle.o
                0x000803c8                getY_diff
 *fill*         0x000803cc        0x4 
 .text.calculateAngle
                0x000803d0       0x60 src/CalculateAngle.o
                0x000803d0                calculateAngle
 .text.initDrive
                0x00080430       0x94 src/Drive.o
                0x00080430                initDrive
 .text.driveTo  0x000804c4      0x144 src/Drive.o
                0x000804c4                driveTo
 .text.initRegulator
                0x00080608        0x4 src/Regulator.o
                0x00080608                initRegulator
 .text.P_regulator
                0x0008060c       0x78 src/Regulator.o
                0x0008060c                P_regulator
 .text.delayInit
                0x00080684       0x3c src/DelayFunctions.o
                0x00080684                delayInit
 .text.delayMicroseconds
                0x000806c0       0x3c src/DelayFunctions.o
                0x000806c0                delayMicroseconds
 .text.initMotor
                0x000806fc       0x18 src/Motorfunctions.o
                0x000806fc                initMotor
 .text.pulseLeft
                0x00080714       0x18 src/Motorfunctions.o
                0x00080714                pulseLeft
 .text.pulseRight
                0x0008072c       0x18 src/Motorfunctions.o
                0x0008072c                pulseRight
 .text.moveForward
                0x00080744       0x24 src/Motorfunctions.o
                0x00080744                moveForward
 .text.initRotateMotor
                0x00080768       0x94 src/Rotate.o
                0x00080768                initRotateMotor
 .text.rotate   0x000807fc      0x1cc src/Rotate.o
                0x000807fc                rotate
 .text.sysclk_init
                0x000809c8       0x64 src/ASF/common/services/clock/sam3x/sysclk.o
                0x000809c8                sysclk_init
 .text.board_init
                0x00080a2c       0x70 src/ASF/sam/boards/arduino_due_x/init.o
                0x00080a2c                board_init
 .text.pio_set_peripheral
                0x00080a9c       0x40 src/ASF/sam/drivers/pio/pio.o
                0x00080a9c                pio_set_peripheral
 .text.pio_set_input
                0x00080adc       0x34 src/ASF/sam/drivers/pio/pio.o
                0x00080adc                pio_set_input
 .text.pio_set_output
                0x00080b10       0x28 src/ASF/sam/drivers/pio/pio.o
                0x00080b10                pio_set_output
 .text.pio_get_interrupt_status
                0x00080b38        0x4 src/ASF/sam/drivers/pio/pio.o
                0x00080b38                pio_get_interrupt_status
 .text.pio_get_interrupt_mask
                0x00080b3c        0x4 src/ASF/sam/drivers/pio/pio.o
                0x00080b3c                pio_get_interrupt_mask
 .text.pio_configure_pin
                0x00080b40       0xd4 src/ASF/sam/drivers/pio/pio.o
                0x00080b40                pio_configure_pin
 .text.pio_configure_pin_group
                0x00080c14       0xa0 src/ASF/sam/drivers/pio/pio.o
                0x00080c14                pio_configure_pin_group
 .text.pio_handler_process
                0x00080cb4       0x58 src/ASF/sam/drivers/pio/pio_handler.o
                0x00080cb4                pio_handler_process
 .text.PIOA_Handler
                0x00080d0c       0x14 src/ASF/sam/drivers/pio/pio_handler.o
                0x00080d0c                PIOA_Handler
 .text.PIOB_Handler
                0x00080d20       0x14 src/ASF/sam/drivers/pio/pio_handler.o
                0x00080d20                PIOB_Handler
 .text.PIOC_Handler
                0x00080d34       0x14 src/ASF/sam/drivers/pio/pio_handler.o
                0x00080d34                PIOC_Handler
 .text.PIOD_Handler
                0x00080d48       0x14 src/ASF/sam/drivers/pio/pio_handler.o
                0x00080d48                PIOD_Handler
 .text.pmc_switch_mck_to_pllack
                0x00080d5c       0x64 src/ASF/sam/drivers/pmc/pmc.o
                0x00080d5c                pmc_switch_mck_to_pllack
 .text.pmc_switch_mainck_to_xtal
                0x00080dc0       0x54 src/ASF/sam/drivers/pmc/pmc.o
                0x00080dc0                pmc_switch_mainck_to_xtal
 .text.pmc_osc_is_ready_mainck
                0x00080e14       0x10 src/ASF/sam/drivers/pmc/pmc.o
                0x00080e14                pmc_osc_is_ready_mainck
 .text.pmc_disable_pllack
                0x00080e24       0x10 src/ASF/sam/drivers/pmc/pmc.o
                0x00080e24                pmc_disable_pllack
 .text.pmc_is_locked_pllack
                0x00080e34       0x10 src/ASF/sam/drivers/pmc/pmc.o
                0x00080e34                pmc_is_locked_pllack
 .text.pmc_enable_periph_clk
                0x00080e44       0x58 src/ASF/sam/drivers/pmc/pmc.o
                0x00080e44                pmc_enable_periph_clk
 .text.Dummy_Handler
                0x00080e9c        0x4 src/ASF/sam/utils/cmsis/sam3x/source/templates/exceptions.o
                0x00080e9c                DACC_Handler
                0x00080e9c                DebugMon_Handler
                0x00080e9c                DMAC_Handler
                0x00080e9c                TRNG_Handler
                0x00080e9c                HardFault_Handler
                0x00080e9c                TC2_Handler
                0x00080e9c                SysTick_Handler
                0x00080e9c                USART3_Handler
                0x00080e9c                TWI1_Handler
                0x00080e9c                PendSV_Handler
                0x00080e9c                NMI_Handler
                0x00080e9c                TC7_Handler
                0x00080e9c                ADC_Handler
                0x00080e9c                SMC_Handler
                0x00080e9c                RTT_Handler
                0x00080e9c                EFC1_Handler
                0x00080e9c                RTC_Handler
                0x00080e9c                UsageFault_Handler
                0x00080e9c                TC6_Handler
                0x00080e9c                WDT_Handler
                0x00080e9c                CAN0_Handler
                0x00080e9c                TC4_Handler
                0x00080e9c                TC1_Handler
                0x00080e9c                HSMCI_Handler
                0x00080e9c                TC3_Handler
                0x00080e9c                Dummy_Handler
                0x00080e9c                TWI0_Handler
                0x00080e9c                USART1_Handler
                0x00080e9c                SSC_Handler
                0x00080e9c                EFC0_Handler
                0x00080e9c                PMC_Handler
                0x00080e9c                PWM_Handler
                0x00080e9c                CAN1_Handler
                0x00080e9c                MemManage_Handler
                0x00080e9c                SUPC_Handler
                0x00080e9c                SVC_Handler
                0x00080e9c                TC8_Handler
                0x00080e9c                USART2_Handler
                0x00080e9c                EMAC_Handler
                0x00080e9c                UART_Handler
                0x00080e9c                BusFault_Handler
                0x00080e9c                RSTC_Handler
                0x00080e9c                TC0_Handler
                0x00080e9c                TC5_Handler
                0x00080e9c                UOTGHS_Handler
                0x00080e9c                SPI0_Handler
 .text.Reset_Handler
                0x00080ea0       0xb0 src/ASF/sam/utils/cmsis/sam3x/source/templates/gcc/startup_sam3x.o
                0x00080ea0                Reset_Handler
 .text.SystemCoreClockUpdate
                0x00080f50      0x11c src/ASF/sam/utils/cmsis/sam3x/source/templates/system_sam3x.o
                0x00080f50                SystemCoreClockUpdate
 .text._sbrk    0x0008106c       0x34 src/ASF/sam/utils/syscalls/gcc/syscalls.o
                0x0008106c                _sbrk
 .text._close   0x000810a0        0x8 src/ASF/sam/utils/syscalls/gcc/syscalls.o
                0x000810a0                _close
 .text._fstat   0x000810a8        0xc src/ASF/sam/utils/syscalls/gcc/syscalls.o
                0x000810a8                _fstat
 .text._isatty  0x000810b4        0x4 src/ASF/sam/utils/syscalls/gcc/syscalls.o
                0x000810b4                _isatty
 .text._lseek   0x000810b8        0x4 src/ASF/sam/utils/syscalls/gcc/syscalls.o
                0x000810b8                _lseek
 .text.usart_serial_getchar
                0x000810bc       0xa8 src/main.o
 .text.usart_serial_putchar
                0x00081164       0xa8 src/main.o
 .text.main     0x0008120c      0x1c4 src/main.o
                0x0008120c                main
 .text.acos     0x000813d0       0xa8 c:/program files (x86)/atmel/atmel toolchain/arm gcc/native/4.8.1443/arm-gnu-toolchain/bin/../lib/gcc/arm-none-eabi/4.8.4/../../../../arm-none-eabi/lib/armv7-m\libm.a(lib_a-w_acos.o)
                0x000813d0                acos
 .text.sqrt     0x00081478       0xac c:/program files (x86)/atmel/atmel toolchain/arm gcc/native/4.8.1443/arm-gnu-toolchain/bin/../lib/gcc/arm-none-eabi/4.8.4/../../../../arm-none-eabi/lib/armv7-m\libm.a(lib_a-w_sqrt.o)
                0x00081478                sqrt
 *fill*         0x00081524        0x4 
 .text.__ieee754_acos
                0x00081528      0x4b8 c:/program files (x86)/atmel/atmel toolchain/arm gcc/native/4.8.1443/arm-gnu-toolchain/bin/../lib/gcc/arm-none-eabi/4.8.4/../../../../arm-none-eabi/lib/armv7-m\libm.a(lib_a-e_acos.o)
                0x00081528                __ieee754_acos
 .text.__ieee754_sqrt
                0x000819e0      0x180 c:/program files (x86)/atmel/atmel toolchain/arm gcc/native/4.8.1443/arm-gnu-toolchain/bin/../lib/gcc/arm-none-eabi/4.8.4/../../../../arm-none-eabi/lib/armv7-m\libm.a(lib_a-e_sqrt.o)
                0x000819e0                __ieee754_sqrt
 .text.fabs     0x00081b60        0x8 c:/program files (x86)/atmel/atmel toolchain/arm gcc/native/4.8.1443/arm-gnu-toolchain/bin/../lib/gcc/arm-none-eabi/4.8.4/../../../../arm-none-eabi/lib/armv7-m\libm.a(lib_a-s_fabs.o)
                0x00081b60                fabs
 .text.__fpclassifyd
                0x00081b68       0x50 c:/program files (x86)/atmel/atmel toolchain/arm gcc/native/4.8.1443/arm-gnu-toolchain/bin/../lib/gcc/arm-none-eabi/4.8.4/../../../../arm-none-eabi/lib/armv7-m\libm.a(lib_a-s_fpclassify.o)
                0x00081b68                __fpclassifyd
 .text.matherr  0x00081bb8        0x4 c:/program files (x86)/atmel/atmel toolchain/arm gcc/native/4.8.1443/arm-gnu-toolchain/bin/../lib/gcc/arm-none-eabi/4.8.4/../../../../arm-none-eabi/lib/armv7-m\libm.a(lib_a-s_matherr.o)
                0x00081bb8                matherr
 .text.nan      0x00081bbc        0xc c:/program files (x86)/atmel/atmel toolchain/arm gcc/native/4.8.1443/arm-gnu-toolchain/bin/../lib/gcc/arm-none-eabi/4.8.4/../../../../arm-none-eabi/lib/armv7-m\libm.a(lib_a-s_nan.o)
                0x00081bbc                nan
 .text          0x00081bc8      0x370 c:/program files (x86)/atmel/atmel toolchain/arm gcc/native/4.8.1443/arm-gnu-toolchain/bin/../lib/gcc/arm-none-eabi/4.8.4/armv7-m\libgcc.a(_arm_addsubdf3.o)
                0x00081bc8                __aeabi_drsub
                0x00081bd0                __aeabi_dsub
                0x00081bd0                __subdf3
                0x00081bd4                __aeabi_dadd
                0x00081bd4                __adddf3
                0x00081e4c                __floatunsidf
                0x00081e4c                __aeabi_ui2d
                0x00081e6c                __floatsidf
                0x00081e6c                __aeabi_i2d
                0x00081e90                __aeabi_f2d
                0x00081e90                __extendsfdf2
                0x00081ecc                __floatundidf
                0x00081ecc                __aeabi_ul2d
                0x00081edc                __floatdidf
                0x00081edc                __aeabi_l2d
 .text          0x00081f38      0x424 c:/program files (x86)/atmel/atmel toolchain/arm gcc/native/4.8.1443/arm-gnu-toolchain/bin/../lib/gcc/arm-none-eabi/4.8.4/armv7-m\libgcc.a(_arm_muldivdf3.o)
                0x00081f38                __aeabi_dmul
                0x00081f38                __muldf3
                0x0008218c                __divdf3
                0x0008218c                __aeabi_ddiv
 .text          0x0008235c      0x110 c:/program files (x86)/atmel/atmel toolchain/arm gcc/native/4.8.1443/arm-gnu-toolchain/bin/../lib/gcc/arm-none-eabi/4.8.4/armv7-m\libgcc.a(_arm_cmpdf2.o)
                0x0008235c                __gtdf2
                0x0008235c                __gedf2
                0x00082364                __ltdf2
                0x00082364                __ledf2
                0x0008236c                __nedf2
                0x0008236c                __eqdf2
                0x0008236c                __cmpdf2
                0x000823e8                __aeabi_cdrcmple
                0x000823f8                __aeabi_cdcmpeq
                0x000823f8                __aeabi_cdcmple
                0x00082408                __aeabi_dcmpeq
                0x0008241c                __aeabi_dcmplt
                0x00082430                __aeabi_dcmple
                0x00082444                __aeabi_dcmpge
                0x00082458                __aeabi_dcmpgt
 .text          0x0008246c       0x50 c:/program files (x86)/atmel/atmel toolchain/arm gcc/native/4.8.1443/arm-gnu-toolchain/bin/../lib/gcc/arm-none-eabi/4.8.4/armv7-m\libgcc.a(_arm_fixdfsi.o)
                0x0008246c                __aeabi_d2iz
                0x0008246c                __fixdfsi
 .text.__errno  0x000824bc        0xc c:/program files (x86)/atmel/atmel toolchain/arm gcc/native/4.8.1443/arm-gnu-toolchain/bin/../lib/gcc/arm-none-eabi/4.8.4/../../../../arm-none-eabi/lib/armv7-m\libc.a(lib_a-errno.o)
                0x000824bc                __errno
 .text.__libc_init_array
                0x000824c8       0x50 c:/program files (x86)/atmel/atmel toolchain/arm gcc/native/4.8.1443/arm-gnu-toolchain/bin/../lib/gcc/arm-none-eabi/4.8.4/../../../../arm-none-eabi/lib/armv7-m\libc.a(lib_a-init.o)
                0x000824c8                __libc_init_array
 .text.iprintf  0x00082518       0x28 c:/program files (x86)/atmel/atmel toolchain/arm gcc/native/4.8.1443/arm-gnu-toolchain/bin/../lib/gcc/arm-none-eabi/4.8.4/../../../../arm-none-eabi/lib/armv7-m\libc.a(lib_a-iprintf.o)
                0x00082518                iprintf
 .text.memset   0x00082540       0x94 c:/program files (x86)/atmel/atmel toolchain/arm gcc/native/4.8.1443/arm-gnu-toolchain/bin/../lib/gcc/arm-none-eabi/4.8.4/../../../../arm-none-eabi/lib/armv7-m\libc.a(lib_a-memset.o)
                0x00082540                memset
 .text.setbuf   0x000825d4       0x10 c:/program files (x86)/atmel/atmel toolchain/arm gcc/native/4.8.1443/arm-gnu-toolchain/bin/../lib/gcc/arm-none-eabi/4.8.4/../../../../arm-none-eabi/lib/armv7-m\libc.a(lib_a-setbuf.o)
                0x000825d4                setbuf
 .text.setvbuf  0x000825e4      0x100 c:/program files (x86)/atmel/atmel toolchain/arm gcc/native/4.8.1443/arm-gnu-toolchain/bin/../lib/gcc/arm-none-eabi/4.8.4/../../../../arm-none-eabi/lib/armv7-m\libc.a(lib_a-setvbuf.o)
                0x000825e4                setvbuf
 .text.sprintf  0x000826e4       0x4c c:/program files (x86)/atmel/atmel toolchain/arm gcc/native/4.8.1443/arm-gnu-toolchain/bin/../lib/gcc/arm-none-eabi/4.8.4/../../../../arm-none-eabi/lib/armv7-m\libc.a(lib_a-sprintf.o)
                0x000826e4                sprintf
 .text._svfprintf_r
                0x00082730     0x14e0 c:/program files (x86)/atmel/atmel toolchain/arm gcc/native/4.8.1443/arm-gnu-toolchain/bin/../lib/gcc/arm-none-eabi/4.8.4/../../../../arm-none-eabi/lib/armv7-m\libc.a(lib_a-svfprintf.o)
                0x00082730                _svfprintf_r
 .text.__sprint_r.part.0
                0x00083c10       0x78 c:/program files (x86)/atmel/atmel toolchain/arm gcc/native/4.8.1443/arm-gnu-toolchain/bin/../lib/gcc/arm-none-eabi/4.8.4/../../../../arm-none-eabi/lib/armv7-m\libc.a(lib_a-vfiprintf.o)
 .text._vfiprintf_r
                0x00083c88      0xc54 c:/program files (x86)/atmel/atmel toolchain/arm gcc/native/4.8.1443/arm-gnu-toolchain/bin/../lib/gcc/arm-none-eabi/4.8.4/../../../../arm-none-eabi/lib/armv7-m\libc.a(lib_a-vfiprintf.o)
                0x00083c88                _vfiprintf_r
 .text.__sbprintf
                0x000848dc       0x7c c:/program files (x86)/atmel/atmel toolchain/arm gcc/native/4.8.1443/arm-gnu-toolchain/bin/../lib/gcc/arm-none-eabi/4.8.4/../../../../arm-none-eabi/lib/armv7-m\libc.a(lib_a-vfiprintf.o)
 .text.__swsetup_r
                0x00084958       0xc4 c:/program files (x86)/atmel/atmel toolchain/arm gcc/native/4.8.1443/arm-gnu-toolchain/bin/../lib/gcc/arm-none-eabi/4.8.4/../../../../arm-none-eabi/lib/armv7-m\libc.a(lib_a-wsetup.o)
                0x00084958                __swsetup_r
 .text.startup.register_fini
                0x00084a1c       0x14 c:/program files (x86)/atmel/atmel toolchain/arm gcc/native/4.8.1443/arm-gnu-toolchain/bin/../lib/gcc/arm-none-eabi/4.8.4/../../../../arm-none-eabi/lib/armv7-m\libc.a(lib_a-__call_atexit.o)
 .text.atexit   0x00084a30        0xc c:/program files (x86)/atmel/atmel toolchain/arm gcc/native/4.8.1443/arm-gnu-toolchain/bin/../lib/gcc/arm-none-eabi/4.8.4/../../../../arm-none-eabi/lib/armv7-m\libc.a(lib_a-atexit.o)
                0x00084a30                atexit
 .text.quorem   0x00084a3c      0x134 c:/program files (x86)/atmel/atmel toolchain/arm gcc/native/4.8.1443/arm-gnu-toolchain/bin/../lib/gcc/arm-none-eabi/4.8.4/../../../../arm-none-eabi/lib/armv7-m\libc.a(lib_a-dtoa.o)
 .text._dtoa_r  0x00084b70      0xe38 c:/program files (x86)/atmel/atmel toolchain/arm gcc/native/4.8.1443/arm-gnu-toolchain/bin/../lib/gcc/arm-none-eabi/4.8.4/../../../../arm-none-eabi/lib/armv7-m\libc.a(lib_a-dtoa.o)
                0x00084b70                _dtoa_r
 .text.__sflush_r
                0x000859a8      0x148 c:/program files (x86)/atmel/atmel toolchain/arm gcc/native/4.8.1443/arm-gnu-toolchain/bin/../lib/gcc/arm-none-eabi/4.8.4/../../../../arm-none-eabi/lib/armv7-m\libc.a(lib_a-fflush.o)
                0x000859a8                __sflush_r
 .text._fflush_r
                0x00085af0       0x2c c:/program files (x86)/atmel/atmel toolchain/arm gcc/native/4.8.1443/arm-gnu-toolchain/bin/../lib/gcc/arm-none-eabi/4.8.4/../../../../arm-none-eabi/lib/armv7-m\libc.a(lib_a-fflush.o)
                0x00085af0                _fflush_r
 .text._cleanup_r
                0x00085b1c        0xc c:/program files (x86)/atmel/atmel toolchain/arm gcc/native/4.8.1443/arm-gnu-toolchain/bin/../lib/gcc/arm-none-eabi/4.8.4/../../../../arm-none-eabi/lib/armv7-m\libc.a(lib_a-findfp.o)
                0x00085b1c                _cleanup_r
 .text.__sinit  0x00085b28       0xf4 c:/program files (x86)/atmel/atmel toolchain/arm gcc/native/4.8.1443/arm-gnu-toolchain/bin/../lib/gcc/arm-none-eabi/4.8.4/../../../../arm-none-eabi/lib/armv7-m\libc.a(lib_a-findfp.o)
                0x00085b28                __sinit
 .text.__sfp_lock_acquire
                0x00085c1c        0x4 c:/program files (x86)/atmel/atmel toolchain/arm gcc/native/4.8.1443/arm-gnu-toolchain/bin/../lib/gcc/arm-none-eabi/4.8.4/../../../../arm-none-eabi/lib/armv7-m\libc.a(lib_a-findfp.o)
                0x00085c1c                __sfp_lock_acquire
 .text.__sfp_lock_release
                0x00085c20        0x4 c:/program files (x86)/atmel/atmel toolchain/arm gcc/native/4.8.1443/arm-gnu-toolchain/bin/../lib/gcc/arm-none-eabi/4.8.4/../../../../arm-none-eabi/lib/armv7-m\libc.a(lib_a-findfp.o)
                0x00085c20                __sfp_lock_release
 .text.__libc_fini_array
                0x00085c24       0x30 c:/program files (x86)/atmel/atmel toolchain/arm gcc/native/4.8.1443/arm-gnu-toolchain/bin/../lib/gcc/arm-none-eabi/4.8.4/../../../../arm-none-eabi/lib/armv7-m\libc.a(lib_a-fini.o)
                0x00085c24                __libc_fini_array
 .text._fputwc_r
                0x00085c54       0xc0 c:/program files (x86)/atmel/atmel toolchain/arm gcc/native/4.8.1443/arm-gnu-toolchain/bin/../lib/gcc/arm-none-eabi/4.8.4/../../../../arm-none-eabi/lib/armv7-m\libc.a(lib_a-fputwc.o)
                0x00085c54                _fputwc_r
 .text._malloc_trim_r
                0x00085d14       0x9c c:/program files (x86)/atmel/atmel toolchain/arm gcc/native/4.8.1443/arm-gnu-toolchain/bin/../lib/gcc/arm-none-eabi/4.8.4/../../../../arm-none-eabi/lib/armv7-m\libc.a(lib_a-freer.o)
                0x00085d14                _malloc_trim_r
 .text._free_r  0x00085db0      0x198 c:/program files (x86)/atmel/atmel toolchain/arm gcc/native/4.8.1443/arm-gnu-toolchain/bin/../lib/gcc/arm-none-eabi/4.8.4/../../../../arm-none-eabi/lib/armv7-m\libc.a(lib_a-freer.o)
                0x00085db0                _free_r
 .text.__sfvwrite_r
                0x00085f48      0x318 c:/program files (x86)/atmel/atmel toolchain/arm gcc/native/4.8.1443/arm-gnu-toolchain/bin/../lib/gcc/arm-none-eabi/4.8.4/../../../../arm-none-eabi/lib/armv7-m\libc.a(lib_a-fvwrite.o)
                0x00085f48                __sfvwrite_r
 .text._fwalk   0x00086260       0x48 c:/program files (x86)/atmel/atmel toolchain/arm gcc/native/4.8.1443/arm-gnu-toolchain/bin/../lib/gcc/arm-none-eabi/4.8.4/../../../../arm-none-eabi/lib/armv7-m\libc.a(lib_a-fwalk.o)
                0x00086260                _fwalk
 .text.__locale_charset
                0x000862a8        0x8 c:/program files (x86)/atmel/atmel toolchain/arm gcc/native/4.8.1443/arm-gnu-toolchain/bin/../lib/gcc/arm-none-eabi/4.8.4/../../../../arm-none-eabi/lib/armv7-m\libc.a(lib_a-locale.o)
                0x000862a8                __locale_charset
 .text.__locale_mb_cur_max
                0x000862b0        0xc c:/program files (x86)/atmel/atmel toolchain/arm gcc/native/4.8.1443/arm-gnu-toolchain/bin/../lib/gcc/arm-none-eabi/4.8.4/../../../../arm-none-eabi/lib/armv7-m\libc.a(lib_a-locale.o)
                0x000862b0                __locale_mb_cur_max
 .text._localeconv_r
                0x000862bc        0x8 c:/program files (x86)/atmel/atmel toolchain/arm gcc/native/4.8.1443/arm-gnu-toolchain/bin/../lib/gcc/arm-none-eabi/4.8.4/../../../../arm-none-eabi/lib/armv7-m\libc.a(lib_a-locale.o)
                0x000862bc                _localeconv_r
 .text.__smakebuf_r
                0x000862c4       0xe0 c:/program files (x86)/atmel/atmel toolchain/arm gcc/native/4.8.1443/arm-gnu-toolchain/bin/../lib/gcc/arm-none-eabi/4.8.4/../../../../arm-none-eabi/lib/armv7-m\libc.a(lib_a-makebuf.o)
                0x000862c4                __smakebuf_r
 .text.malloc   0x000863a4       0x10 c:/program files (x86)/atmel/atmel toolchain/arm gcc/native/4.8.1443/arm-gnu-toolchain/bin/../lib/gcc/arm-none-eabi/4.8.4/../../../../arm-none-eabi/lib/armv7-m\libc.a(lib_a-malloc.o)
                0x000863a4                malloc
 .text._malloc_r
                0x000863b4      0x538 c:/program files (x86)/atmel/atmel toolchain/arm gcc/native/4.8.1443/arm-gnu-toolchain/bin/../lib/gcc/arm-none-eabi/4.8.4/../../../../arm-none-eabi/lib/armv7-m\libc.a(lib_a-mallocr.o)
                0x000863b4                _malloc_r
 .text.memchr   0x000868ec       0x94 c:/program files (x86)/atmel/atmel toolchain/arm gcc/native/4.8.1443/arm-gnu-toolchain/bin/../lib/gcc/arm-none-eabi/4.8.4/../../../../arm-none-eabi/lib/armv7-m\libc.a(lib_a-memchr-stub.o)
                0x000868ec                memchr
 .text          0x00086980       0xec c:/program files (x86)/atmel/atmel toolchain/arm gcc/native/4.8.1443/arm-gnu-toolchain/bin/../lib/gcc/arm-none-eabi/4.8.4/../../../../arm-none-eabi/lib/armv7-m\libc.a(lib_a-memcpy.o)
                0x00086980                memcpy
 .text.memmove  0x00086a6c       0xcc c:/program files (x86)/atmel/atmel toolchain/arm gcc/native/4.8.1443/arm-gnu-toolchain/bin/../lib/gcc/arm-none-eabi/4.8.4/../../../../arm-none-eabi/lib/armv7-m\libc.a(lib_a-memmove.o)
                0x00086a6c                memmove
 .text.__malloc_lock
                0x00086b38        0x4 c:/program files (x86)/atmel/atmel toolchain/arm gcc/native/4.8.1443/arm-gnu-toolchain/bin/../lib/gcc/arm-none-eabi/4.8.4/../../../../arm-none-eabi/lib/armv7-m\libc.a(lib_a-mlock.o)
                0x00086b38                __malloc_lock
 .text.__malloc_unlock
                0x00086b3c        0x4 c:/program files (x86)/atmel/atmel toolchain/arm gcc/native/4.8.1443/arm-gnu-toolchain/bin/../lib/gcc/arm-none-eabi/4.8.4/../../../../arm-none-eabi/lib/armv7-m\libc.a(lib_a-mlock.o)
                0x00086b3c                __malloc_unlock
 .text._Balloc  0x00086b40       0x4c c:/program files (x86)/atmel/atmel toolchain/arm gcc/native/4.8.1443/arm-gnu-toolchain/bin/../lib/gcc/arm-none-eabi/4.8.4/../../../../arm-none-eabi/lib/armv7-m\libc.a(lib_a-mprec.o)
                0x00086b40                _Balloc
 .text._Bfree   0x00086b8c       0x14 c:/program files (x86)/atmel/atmel toolchain/arm gcc/native/4.8.1443/arm-gnu-toolchain/bin/../lib/gcc/arm-none-eabi/4.8.4/../../../../arm-none-eabi/lib/armv7-m\libc.a(lib_a-mprec.o)
                0x00086b8c                _Bfree
 .text.__multadd
                0x00086ba0       0x94 c:/program files (x86)/atmel/atmel toolchain/arm gcc/native/4.8.1443/arm-gnu-toolchain/bin/../lib/gcc/arm-none-eabi/4.8.4/../../../../arm-none-eabi/lib/armv7-m\libc.a(lib_a-mprec.o)
                0x00086ba0                __multadd
 .text.__hi0bits
                0x00086c34       0x40 c:/program files (x86)/atmel/atmel toolchain/arm gcc/native/4.8.1443/arm-gnu-toolchain/bin/../lib/gcc/arm-none-eabi/4.8.4/../../../../arm-none-eabi/lib/armv7-m\libc.a(lib_a-mprec.o)
                0x00086c34                __hi0bits
 .text.__lo0bits
                0x00086c74       0x5c c:/program files (x86)/atmel/atmel toolchain/arm gcc/native/4.8.1443/arm-gnu-toolchain/bin/../lib/gcc/arm-none-eabi/4.8.4/../../../../arm-none-eabi/lib/armv7-m\libc.a(lib_a-mprec.o)
                0x00086c74                __lo0bits
 .text.__i2b    0x00086cd0       0x14 c:/program files (x86)/atmel/atmel toolchain/arm gcc/native/4.8.1443/arm-gnu-toolchain/bin/../lib/gcc/arm-none-eabi/4.8.4/../../../../arm-none-eabi/lib/armv7-m\libc.a(lib_a-mprec.o)
                0x00086cd0                __i2b
 .text.__multiply
                0x00086ce4      0x13c c:/program files (x86)/atmel/atmel toolchain/arm gcc/native/4.8.1443/arm-gnu-toolchain/bin/../lib/gcc/arm-none-eabi/4.8.4/../../../../arm-none-eabi/lib/armv7-m\libc.a(lib_a-mprec.o)
                0x00086ce4                __multiply
 .text.__pow5mult
                0x00086e20       0x9c c:/program files (x86)/atmel/atmel toolchain/arm gcc/native/4.8.1443/arm-gnu-toolchain/bin/../lib/gcc/arm-none-eabi/4.8.4/../../../../arm-none-eabi/lib/armv7-m\libc.a(lib_a-mprec.o)
                0x00086e20                __pow5mult
 .text.__lshift
                0x00086ebc       0xbc c:/program files (x86)/atmel/atmel toolchain/arm gcc/native/4.8.1443/arm-gnu-toolchain/bin/../lib/gcc/arm-none-eabi/4.8.4/../../../../arm-none-eabi/lib/armv7-m\libc.a(lib_a-mprec.o)
                0x00086ebc                __lshift
 .text.__mcmp   0x00086f78       0x48 c:/program files (x86)/atmel/atmel toolchain/arm gcc/native/4.8.1443/arm-gnu-toolchain/bin/../lib/gcc/arm-none-eabi/4.8.4/../../../../arm-none-eabi/lib/armv7-m\libc.a(lib_a-mprec.o)
                0x00086f78                __mcmp
 .text.__mdiff  0x00086fc0       0xd8 c:/program files (x86)/atmel/atmel toolchain/arm gcc/native/4.8.1443/arm-gnu-toolchain/bin/../lib/gcc/arm-none-eabi/4.8.4/../../../../arm-none-eabi/lib/armv7-m\libc.a(lib_a-mprec.o)
                0x00086fc0                __mdiff
 .text.__d2b    0x00087098       0xbc c:/program files (x86)/atmel/atmel toolchain/arm gcc/native/4.8.1443/arm-gnu-toolchain/bin/../lib/gcc/arm-none-eabi/4.8.4/../../../../arm-none-eabi/lib/armv7-m\libc.a(lib_a-mprec.o)
                0x00087098                __d2b
 .text._realloc_r
                0x00087154      0x3c0 c:/program files (x86)/atmel/atmel toolchain/arm gcc/native/4.8.1443/arm-gnu-toolchain/bin/../lib/gcc/arm-none-eabi/4.8.4/../../../../arm-none-eabi/lib/armv7-m\libc.a(lib_a-reallocr.o)
                0x00087154                _realloc_r
 .text._sbrk_r  0x00087514       0x24 c:/program files (x86)/atmel/atmel toolchain/arm gcc/native/4.8.1443/arm-gnu-toolchain/bin/../lib/gcc/arm-none-eabi/4.8.4/../../../../arm-none-eabi/lib/armv7-m\libc.a(lib_a-sbrkr.o)
                0x00087514                _sbrk_r
 .text.__sread  0x00087538       0x24 c:/program files (x86)/atmel/atmel toolchain/arm gcc/native/4.8.1443/arm-gnu-toolchain/bin/../lib/gcc/arm-none-eabi/4.8.4/../../../../arm-none-eabi/lib/armv7-m\libc.a(lib_a-stdio.o)
                0x00087538                __sread
 .text.__swrite
                0x0008755c       0x38 c:/program files (x86)/atmel/atmel toolchain/arm gcc/native/4.8.1443/arm-gnu-toolchain/bin/../lib/gcc/arm-none-eabi/4.8.4/../../../../arm-none-eabi/lib/armv7-m\libc.a(lib_a-stdio.o)
                0x0008755c                __swrite
 .text.__sseek  0x00087594       0x20 c:/program files (x86)/atmel/atmel toolchain/arm gcc/native/4.8.1443/arm-gnu-toolchain/bin/../lib/gcc/arm-none-eabi/4.8.4/../../../../arm-none-eabi/lib/armv7-m\libc.a(lib_a-stdio.o)
                0x00087594                __sseek
 .text.__sclose
                0x000875b4        0x8 c:/program files (x86)/atmel/atmel toolchain/arm gcc/native/4.8.1443/arm-gnu-toolchain/bin/../lib/gcc/arm-none-eabi/4.8.4/../../../../arm-none-eabi/lib/armv7-m\libc.a(lib_a-stdio.o)
                0x000875b4                __sclose
 .text.strlen   0x000875bc       0x60 c:/program files (x86)/atmel/atmel toolchain/arm gcc/native/4.8.1443/arm-gnu-toolchain/bin/../lib/gcc/arm-none-eabi/4.8.4/../../../../arm-none-eabi/lib/armv7-m\libc.a(lib_a-strlen.o)
                0x000875bc                strlen
 .text.__ssprint_r
                0x0008761c      0x100 c:/program files (x86)/atmel/atmel toolchain/arm gcc/native/4.8.1443/arm-gnu-toolchain/bin/../lib/gcc/arm-none-eabi/4.8.4/../../../../arm-none-eabi/lib/armv7-m\libc.a(lib_a-svfiprintf.o)
                0x0008761c                __ssprint_r
 .text.__swbuf_r
                0x0008771c       0xa8 c:/program files (x86)/atmel/atmel toolchain/arm gcc/native/4.8.1443/arm-gnu-toolchain/bin/../lib/gcc/arm-none-eabi/4.8.4/../../../../arm-none-eabi/lib/armv7-m\libc.a(lib_a-wbuf.o)
                0x0008771c                __swbuf_r
 .text._wcrtomb_r
                0x000877c4       0x50 c:/program files (x86)/atmel/atmel toolchain/arm gcc/native/4.8.1443/arm-gnu-toolchain/bin/../lib/gcc/arm-none-eabi/4.8.4/../../../../arm-none-eabi/lib/armv7-m\libc.a(lib_a-wcrtomb.o)
                0x000877c4                _wcrtomb_r
 .text.__ascii_wctomb
                0x00087814       0x1c c:/program files (x86)/atmel/atmel toolchain/arm gcc/native/4.8.1443/arm-gnu-toolchain/bin/../lib/gcc/arm-none-eabi/4.8.4/../../../../arm-none-eabi/lib/armv7-m\libc.a(lib_a-wctomb_r.o)
                0x00087814                __ascii_wctomb
 .text._write_r
                0x00087830       0x28 c:/program files (x86)/atmel/atmel toolchain/arm gcc/native/4.8.1443/arm-gnu-toolchain/bin/../lib/gcc/arm-none-eabi/4.8.4/../../../../arm-none-eabi/lib/armv7-m\libc.a(lib_a-writer.o)
                0x00087830                _write_r
 .text.__register_exitproc
                0x00087858       0xa8 c:/program files (x86)/atmel/atmel toolchain/arm gcc/native/4.8.1443/arm-gnu-toolchain/bin/../lib/gcc/arm-none-eabi/4.8.4/../../../../arm-none-eabi/lib/armv7-m\libc.a(lib_a-__atexit.o)
                0x00087858                __register_exitproc
 .text._calloc_r
                0x00087900       0x60 c:/program files (x86)/atmel/atmel toolchain/arm gcc/native/4.8.1443/arm-gnu-toolchain/bin/../lib/gcc/arm-none-eabi/4.8.4/../../../../arm-none-eabi/lib/armv7-m\libc.a(lib_a-callocr.o)
                0x00087900                _calloc_r
 .text._close_r
                0x00087960       0x24 c:/program files (x86)/atmel/atmel toolchain/arm gcc/native/4.8.1443/arm-gnu-toolchain/bin/../lib/gcc/arm-none-eabi/4.8.4/../../../../arm-none-eabi/lib/armv7-m\libc.a(lib_a-closer.o)
                0x00087960                _close_r
 .text._fclose_r
                0x00087984       0x80 c:/program files (x86)/atmel/atmel toolchain/arm gcc/native/4.8.1443/arm-gnu-toolchain/bin/../lib/gcc/arm-none-eabi/4.8.4/../../../../arm-none-eabi/lib/armv7-m\libc.a(lib_a-fclose.o)
                0x00087984                _fclose_r
 .text.fclose   0x00087a04       0x10 c:/program files (x86)/atmel/atmel toolchain/arm gcc/native/4.8.1443/arm-gnu-toolchain/bin/../lib/gcc/arm-none-eabi/4.8.4/../../../../arm-none-eabi/lib/armv7-m\libc.a(lib_a-fclose.o)
                0x00087a04                fclose
 .text._fstat_r
                0x00087a14       0x28 c:/program files (x86)/atmel/atmel toolchain/arm gcc/native/4.8.1443/arm-gnu-toolchain/bin/../lib/gcc/arm-none-eabi/4.8.4/../../../../arm-none-eabi/lib/armv7-m\libc.a(lib_a-fstatr.o)
                0x00087a14                _fstat_r
 .text._isatty_r
                0x00087a3c       0x24 c:/program files (x86)/atmel/atmel toolchain/arm gcc/native/4.8.1443/arm-gnu-toolchain/bin/../lib/gcc/arm-none-eabi/4.8.4/../../../../arm-none-eabi/lib/armv7-m\libc.a(lib_a-isattyr.o)
                0x00087a3c                _isatty_r
 .text._lseek_r
                0x00087a60       0x28 c:/program files (x86)/atmel/atmel toolchain/arm gcc/native/4.8.1443/arm-gnu-toolchain/bin/../lib/gcc/arm-none-eabi/4.8.4/../../../../arm-none-eabi/lib/armv7-m\libc.a(lib_a-lseekr.o)
                0x00087a60                _lseek_r
 .text._read_r  0x00087a88       0x28 c:/program files (x86)/atmel/atmel toolchain/arm gcc/native/4.8.1443/arm-gnu-toolchain/bin/../lib/gcc/arm-none-eabi/4.8.4/../../../../arm-none-eabi/lib/armv7-m\libc.a(lib_a-readr.o)
                0x00087a88                _read_r
 .text          0x00087ab0       0x2c c:/program files (x86)/atmel/atmel toolchain/arm gcc/native/4.8.1443/arm-gnu-toolchain/bin/../lib/gcc/arm-none-eabi/4.8.4/armv7-m\libgcc.a(_aeabi_uldivmod.o)
                0x00087ab0                __aeabi_uldivmod
 .text          0x00087adc       0x60 c:/program files (x86)/atmel/atmel toolchain/arm gcc/native/4.8.1443/arm-gnu-toolchain/bin/../lib/gcc/arm-none-eabi/4.8.4/armv7-m\libgcc.a(bpabi.o)
                0x00087adc                __gnu_ldivmod_helper
                0x00087b0c                __gnu_uldivmod_helper
 .text          0x00087b3c        0x4 c:/program files (x86)/atmel/atmel toolchain/arm gcc/native/4.8.1443/arm-gnu-toolchain/bin/../lib/gcc/arm-none-eabi/4.8.4/armv7-m\libgcc.a(_dvmd_tls.o)
                0x00087b3c                __aeabi_idiv0
                0x00087b3c                __aeabi_ldiv0
 .text          0x00087b40      0x2a0 c:/program files (x86)/atmel/atmel toolchain/arm gcc/native/4.8.1443/arm-gnu-toolchain/bin/../lib/gcc/arm-none-eabi/4.8.4/armv7-m\libgcc.a(_divdi3.o)
                0x00087b40                __divdi3
 .text          0x00087de0      0x290 c:/program files (x86)/atmel/atmel toolchain/arm gcc/native/4.8.1443/arm-gnu-toolchain/bin/../lib/gcc/arm-none-eabi/4.8.4/armv7-m\libgcc.a(_udivdi3.o)
                0x00087de0                __udivdi3
 *(.glue_7t)
 .glue_7t       0x00000000        0x0 linker stubs
 *(.glue_7)
 .glue_7        0x00000000        0x0 linker stubs
 *(.rodata .rodata* .gnu.linkonce.r.*)
 .rodata.str1.4
                0x00088070       0x27 src/Drive.o
                                 0x28 (size before relaxing)
 *fill*         0x00088097        0x1 
 .rodata.str1.4
                0x00088098       0x17 src/Rotate.o
                                 0x18 (size before relaxing)
 *fill*         0x000880af        0x1 
 .rodata.str1.4
                0x000880b0       0x8f src/main.o
                                 0x90 (size before relaxing)
 *fill*         0x0008813f        0x1 
 .rodata.str1.4
                0x00088140        0x5 c:/program files (x86)/atmel/atmel toolchain/arm gcc/native/4.8.1443/arm-gnu-toolchain/bin/../lib/gcc/arm-none-eabi/4.8.4/../../../../arm-none-eabi/lib/armv7-m\libm.a(lib_a-w_acos.o)
                                  0xc (size before relaxing)
 *fill*         0x00088145        0x3 
 .rodata.str1.4
                0x00088148        0x5 c:/program files (x86)/atmel/atmel toolchain/arm gcc/native/4.8.1443/arm-gnu-toolchain/bin/../lib/gcc/arm-none-eabi/4.8.4/../../../../arm-none-eabi/lib/armv7-m\libm.a(lib_a-w_sqrt.o)
                                  0x8 (size before relaxing)
 *fill*         0x0008814d        0x3 
 .rodata.str1.4
                0x00088150        0x2 c:/program files (x86)/atmel/atmel toolchain/arm gcc/native/4.8.1443/arm-gnu-toolchain/bin/../lib/gcc/arm-none-eabi/4.8.4/../../../../arm-none-eabi/lib/armv7-m\libc.a(lib_a-impure.o)
                                  0x4 (size before relaxing)
 *fill*         0x00088152        0x2 
 .rodata._global_impure_ptr
                0x00088154        0x4 c:/program files (x86)/atmel/atmel toolchain/arm gcc/native/4.8.1443/arm-gnu-toolchain/bin/../lib/gcc/arm-none-eabi/4.8.4/../../../../arm-none-eabi/lib/armv7-m\libc.a(lib_a-impure.o)
                0x00088154                _global_impure_ptr
 .rodata.zeroes.6763
                0x00088158       0x10 c:/program files (x86)/atmel/atmel toolchain/arm gcc/native/4.8.1443/arm-gnu-toolchain/bin/../lib/gcc/arm-none-eabi/4.8.4/../../../../arm-none-eabi/lib/armv7-m\libc.a(lib_a-svfprintf.o)
 .rodata.str1.4
                0x00088168       0x42 c:/program files (x86)/atmel/atmel toolchain/arm gcc/native/4.8.1443/arm-gnu-toolchain/bin/../lib/gcc/arm-none-eabi/4.8.4/../../../../arm-none-eabi/lib/armv7-m\libc.a(lib_a-svfprintf.o)
                                 0x44 (size before relaxing)
 *fill*         0x000881aa        0x2 
 .rodata.blanks.6762
                0x000881ac       0x10 c:/program files (x86)/atmel/atmel toolchain/arm gcc/native/4.8.1443/arm-gnu-toolchain/bin/../lib/gcc/arm-none-eabi/4.8.4/../../../../arm-none-eabi/lib/armv7-m\libc.a(lib_a-svfprintf.o)
 .rodata.str1.4
                0x00000000       0x30 c:/program files (x86)/atmel/atmel toolchain/arm gcc/native/4.8.1443/arm-gnu-toolchain/bin/../lib/gcc/arm-none-eabi/4.8.4/../../../../arm-none-eabi/lib/armv7-m\libc.a(lib_a-vfiprintf.o)
 .rodata.zeroes.6721
                0x000881bc       0x10 c:/program files (x86)/atmel/atmel toolchain/arm gcc/native/4.8.1443/arm-gnu-toolchain/bin/../lib/gcc/arm-none-eabi/4.8.4/../../../../arm-none-eabi/lib/armv7-m\libc.a(lib_a-vfiprintf.o)
 .rodata.blanks.6720
                0x000881cc       0x10 c:/program files (x86)/atmel/atmel toolchain/arm gcc/native/4.8.1443/arm-gnu-toolchain/bin/../lib/gcc/arm-none-eabi/4.8.4/../../../../arm-none-eabi/lib/armv7-m\libc.a(lib_a-vfiprintf.o)
 .rodata.str1.4
                0x000881dc       0x10 c:/program files (x86)/atmel/atmel toolchain/arm gcc/native/4.8.1443/arm-gnu-toolchain/bin/../lib/gcc/arm-none-eabi/4.8.4/../../../../arm-none-eabi/lib/armv7-m\libc.a(lib_a-dtoa.o)
                                 0x14 (size before relaxing)
 .rodata.str1.4
                0x000881ec        0xc c:/program files (x86)/atmel/atmel toolchain/arm gcc/native/4.8.1443/arm-gnu-toolchain/bin/../lib/gcc/arm-none-eabi/4.8.4/../../../../arm-none-eabi/lib/armv7-m\libc.a(lib_a-locale.o)
                                 0x14 (size before relaxing)
 .rodata.__mprec_tens
                0x000881f8       0xc8 c:/program files (x86)/atmel/atmel toolchain/arm gcc/native/4.8.1443/arm-gnu-toolchain/bin/../lib/gcc/arm-none-eabi/4.8.4/../../../../arm-none-eabi/lib/armv7-m\libc.a(lib_a-mprec.o)
                0x000881f8                __mprec_tens
 .rodata.__mprec_bigtens
                0x000882c0       0x28 c:/program files (x86)/atmel/atmel toolchain/arm gcc/native/4.8.1443/arm-gnu-toolchain/bin/../lib/gcc/arm-none-eabi/4.8.4/../../../../arm-none-eabi/lib/armv7-m\libc.a(lib_a-mprec.o)
                0x000882c0                __mprec_bigtens
 .rodata.p05.5269
                0x000882e8        0xc c:/program files (x86)/atmel/atmel toolchain/arm gcc/native/4.8.1443/arm-gnu-toolchain/bin/../lib/gcc/arm-none-eabi/4.8.4/../../../../arm-none-eabi/lib/armv7-m\libc.a(lib_a-mprec.o)
 *(.ARM.extab* .gnu.linkonce.armextab.*)
                0x000882f4                . = ALIGN (0x4)
 *(.init)
 .init          0x000882f4        0x4 c:/program files (x86)/atmel/atmel toolchain/arm gcc/native/4.8.1443/arm-gnu-toolchain/bin/../lib/gcc/arm-none-eabi/4.8.4/armv7-m/crti.o
                0x000882f4                _init
 .init          0x000882f8        0x8 c:/program files (x86)/atmel/atmel toolchain/arm gcc/native/4.8.1443/arm-gnu-toolchain/bin/../lib/gcc/arm-none-eabi/4.8.4/armv7-m/crtn.o
                0x00088300                . = ALIGN (0x4)
                0x00088300                __preinit_array_start = .
 *(.preinit_array)
                0x00088300                __preinit_array_end = .
                0x00088300                . = ALIGN (0x4)
                0x00088300                __init_array_start = .
 *(SORT(.init_array.*))
 .init_array.00000
                0x00088300        0x4 c:/program files (x86)/atmel/atmel toolchain/arm gcc/native/4.8.1443/arm-gnu-toolchain/bin/../lib/gcc/arm-none-eabi/4.8.4/../../../../arm-none-eabi/lib/armv7-m\libc.a(lib_a-__call_atexit.o)
 *(.init_array)
 .init_array    0x00088304        0x4 c:/program files (x86)/atmel/atmel toolchain/arm gcc/native/4.8.1443/arm-gnu-toolchain/bin/../lib/gcc/arm-none-eabi/4.8.4/armv7-m/crtbegin.o
                0x00088308                __init_array_end = .
                0x00088308                . = ALIGN (0x4)
 *crtbegin.o(.ctors)
 *(EXCLUDE_FILE(*crtend.o) .ctors)
 *(SORT(.ctors.*))
 *crtend.o(.ctors)
                0x00088308                . = ALIGN (0x4)
 *(.fini)
 .fini          0x00088308        0x4 c:/program files (x86)/atmel/atmel toolchain/arm gcc/native/4.8.1443/arm-gnu-toolchain/bin/../lib/gcc/arm-none-eabi/4.8.4/armv7-m/crti.o
                0x00088308                _fini
 .fini          0x0008830c        0x8 c:/program files (x86)/atmel/atmel toolchain/arm gcc/native/4.8.1443/arm-gnu-toolchain/bin/../lib/gcc/arm-none-eabi/4.8.4/armv7-m/crtn.o
                0x00088314                . = ALIGN (0x4)
                0x00088314                __fini_array_start = .
 *(.fini_array)
 .fini_array    0x00088314        0x4 c:/program files (x86)/atmel/atmel toolchain/arm gcc/native/4.8.1443/arm-gnu-toolchain/bin/../lib/gcc/arm-none-eabi/4.8.4/armv7-m/crtbegin.o
 *(SORT(.fini_array.*))
                0x00088318                __fini_array_end = .
 *crtbegin.o(.dtors)
 *(EXCLUDE_FILE(*crtend.o) .dtors)
 *(SORT(.dtors.*))
 *crtend.o(.dtors)
                0x00088318                . = ALIGN (0x4)
                0x00088318                _efixed = .
                0x00088318                PROVIDE (__exidx_start, .)

.vfp11_veneer   0x00088318        0x0
 .vfp11_veneer  0x00000000        0x0 linker stubs

.v4_bx          0x00088318        0x0
 .v4_bx         0x00000000        0x0 linker stubs

.iplt           0x00088318        0x0
 .iplt          0x00000000        0x0 c:/program files (x86)/atmel/atmel toolchain/arm gcc/native/4.8.1443/arm-gnu-toolchain/bin/../lib/gcc/arm-none-eabi/4.8.4/armv7-m/crtbegin.o

.ARM.exidx      0x00088318        0x8
 *(.ARM.exidx* .gnu.linkonce.armexidx.*)
 .ARM.exidx     0x00088318        0x8 c:/program files (x86)/atmel/atmel toolchain/arm gcc/native/4.8.1443/arm-gnu-toolchain/bin/../lib/gcc/arm-none-eabi/4.8.4/armv7-m\libgcc.a(_divdi3.o)
 .ARM.exidx     0x00088320        0x0 c:/program files (x86)/atmel/atmel toolchain/arm gcc/native/4.8.1443/arm-gnu-toolchain/bin/../lib/gcc/arm-none-eabi/4.8.4/armv7-m\libgcc.a(_udivdi3.o)
                                  0x8 (size before relaxing)
                0x00088320                PROVIDE (__exidx_end, .)

.eh_frame       0x00088320        0x0
 .eh_frame      0x00088320        0x0 c:/program files (x86)/atmel/atmel toolchain/arm gcc/native/4.8.1443/arm-gnu-toolchain/bin/../lib/gcc/arm-none-eabi/4.8.4/armv7-m/crtbegin.o

.rel.dyn        0x00088320        0x0
 .rel.iplt      0x00000000        0x0 c:/program files (x86)/atmel/atmel toolchain/arm gcc/native/4.8.1443/arm-gnu-toolchain/bin/../lib/gcc/arm-none-eabi/4.8.4/armv7-m/crtbegin.o

.jcr            0x00088320        0x0
 .jcr           0x00088320        0x0 c:/program files (x86)/atmel/atmel toolchain/arm gcc/native/4.8.1443/arm-gnu-toolchain/bin/../lib/gcc/arm-none-eabi/4.8.4/armv7-m/crtbegin.o

.igot.plt       0x00088320        0x0
 .igot.plt      0x00000000        0x0 c:/program files (x86)/atmel/atmel toolchain/arm gcc/native/4.8.1443/arm-gnu-toolchain/bin/../lib/gcc/arm-none-eabi/4.8.4/armv7-m/crtbegin.o
                0x00088320                . = ALIGN (0x4)
                0x00088320                _etext = .

.relocate       0x20070000      0x9e4 load address 0x00088320
                0x20070000                . = ALIGN (0x4)
                0x20070000                _srelocate = .
 *(.ramfunc .ramfunc.*)
 .ramfunc       0x20070000      0x12c src/ASF/sam/utils/cmsis/sam3x/source/templates/system_sam3x.o
                0x20070000                SystemInit
                0x200700a4                system_init_flash
 *(.data .data.*)
 .data.Kp       0x2007012c        0x4 src/Regulator.o
                0x2007012c                Kp
 .data.speed    0x20070130        0x4 src/Regulator.o
                0x20070130                speed
 .data.g_interrupt_enabled
                0x20070134        0x1 src/ASF/common/utils/interrupt/interrupt_sam_nvic.o
                0x20070134                g_interrupt_enabled
 *fill*         0x20070135        0x3 
 .data.SystemCoreClock
                0x20070138        0x4 src/ASF/sam/utils/cmsis/sam3x/source/templates/system_sam3x.o
                0x20070138                SystemCoreClock
 .data.x1       0x2007013c        0x2 src/main.o
                0x2007013c                x1
 .data.x2       0x2007013e        0x2 src/main.o
                0x2007013e                x2
 .data.__fdlib_version
                0x20070140        0x1 c:/program files (x86)/atmel/atmel toolchain/arm gcc/native/4.8.1443/arm-gnu-toolchain/bin/../lib/gcc/arm-none-eabi/4.8.4/../../../../arm-none-eabi/lib/armv7-m\libm.a(lib_a-s_lib_ver.o)
                0x20070140                __fdlib_version
 *fill*         0x20070141        0x7 
 .data.impure_data
                0x20070148      0x428 c:/program files (x86)/atmel/atmel toolchain/arm gcc/native/4.8.1443/arm-gnu-toolchain/bin/../lib/gcc/arm-none-eabi/4.8.4/../../../../arm-none-eabi/lib/armv7-m\libc.a(lib_a-impure.o)
 .data._impure_ptr
                0x20070570        0x4 c:/program files (x86)/atmel/atmel toolchain/arm gcc/native/4.8.1443/arm-gnu-toolchain/bin/../lib/gcc/arm-none-eabi/4.8.4/../../../../arm-none-eabi/lib/armv7-m\libc.a(lib_a-impure.o)
                0x20070570                _impure_ptr
 .data.lconv    0x20070574       0x38 c:/program files (x86)/atmel/atmel toolchain/arm gcc/native/4.8.1443/arm-gnu-toolchain/bin/../lib/gcc/arm-none-eabi/4.8.4/../../../../arm-none-eabi/lib/armv7-m\libc.a(lib_a-locale.o)
 .data.lc_ctype_charset
                0x200705ac       0x20 c:/program files (x86)/atmel/atmel toolchain/arm gcc/native/4.8.1443/arm-gnu-toolchain/bin/../lib/gcc/arm-none-eabi/4.8.4/../../../../arm-none-eabi/lib/armv7-m\libc.a(lib_a-locale.o)
 .data.__mb_cur_max
                0x200705cc        0x4 c:/program files (x86)/atmel/atmel toolchain/arm gcc/native/4.8.1443/arm-gnu-toolchain/bin/../lib/gcc/arm-none-eabi/4.8.4/../../../../arm-none-eabi/lib/armv7-m\libc.a(lib_a-locale.o)
                0x200705cc                __mb_cur_max
 .data.__malloc_av_
                0x200705d0      0x408 c:/program files (x86)/atmel/atmel toolchain/arm gcc/native/4.8.1443/arm-gnu-toolchain/bin/../lib/gcc/arm-none-eabi/4.8.4/../../../../arm-none-eabi/lib/armv7-m\libc.a(lib_a-mallocr.o)
                0x200705d0                __malloc_av_
 .data.__malloc_trim_threshold
                0x200709d8        0x4 c:/program files (x86)/atmel/atmel toolchain/arm gcc/native/4.8.1443/arm-gnu-toolchain/bin/../lib/gcc/arm-none-eabi/4.8.4/../../../../arm-none-eabi/lib/armv7-m\libc.a(lib_a-mallocr.o)
                0x200709d8                __malloc_trim_threshold
 .data.__malloc_sbrk_base
                0x200709dc        0x4 c:/program files (x86)/atmel/atmel toolchain/arm gcc/native/4.8.1443/arm-gnu-toolchain/bin/../lib/gcc/arm-none-eabi/4.8.4/../../../../arm-none-eabi/lib/armv7-m\libc.a(lib_a-mallocr.o)
                0x200709dc                __malloc_sbrk_base
 .data.__wctomb
                0x200709e0        0x4 c:/program files (x86)/atmel/atmel toolchain/arm gcc/native/4.8.1443/arm-gnu-toolchain/bin/../lib/gcc/arm-none-eabi/4.8.4/../../../../arm-none-eabi/lib/armv7-m\libc.a(lib_a-wctomb_r.o)
                0x200709e0                __wctomb
                0x200709e4                . = ALIGN (0x4)
                0x200709e4                _erelocate = .

.bss            0x200709e4      0x188 load address 0x00088d04
                0x200709e4                . = ALIGN (0x4)
                0x200709e4                _sbss = .
                0x200709e4                _szero = .
 *(.bss .bss.*)
 .bss           0x200709e4       0x1c c:/program files (x86)/atmel/atmel toolchain/arm gcc/native/4.8.1443/arm-gnu-toolchain/bin/../lib/gcc/arm-none-eabi/4.8.4/armv7-m/crtbegin.o
 .bss.serial_rx_buf
                0x20070a00       0x9c src/ASF/thirdparty/wireless/addons/sio2host/uart/sio2host.o
 .bss.serial_rx_buf_tail
                0x20070a9c        0x1 src/ASF/thirdparty/wireless/addons/sio2host/uart/sio2host.o
 *fill*         0x20070a9d        0x3 
 .bss.r_speed   0x20070aa0        0x4 src/Regulator.o
                0x20070aa0                r_speed
 .bss.l_speed   0x20070aa4        0x4 src/Regulator.o
                0x20070aa4                l_speed
 .bss.l_count   0x20070aa8        0x4 src/Rotate.o
                0x20070aa8                l_count
 .bss.r_count   0x20070aac        0x4 src/Rotate.o
                0x20070aac                r_count
 .bss.gs_interrupt_sources
                0x20070ab0       0x70 src/ASF/sam/drivers/pio/pio_handler.o
 .bss.heap.5098
                0x20070b20        0x4 src/ASF/sam/utils/syscalls/gcc/syscalls.o
 .bss.direction
                0x20070b24        0x4 src/main.o
                0x20070b24                direction
 .bss.__malloc_max_total_mem
                0x20070b28        0x4 c:/program files (x86)/atmel/atmel toolchain/arm gcc/native/4.8.1443/arm-gnu-toolchain/bin/../lib/gcc/arm-none-eabi/4.8.4/../../../../arm-none-eabi/lib/armv7-m\libc.a(lib_a-mallocr.o)
                0x20070b28                __malloc_max_total_mem
 .bss.__malloc_max_sbrked_mem
                0x20070b2c        0x4 c:/program files (x86)/atmel/atmel toolchain/arm gcc/native/4.8.1443/arm-gnu-toolchain/bin/../lib/gcc/arm-none-eabi/4.8.4/../../../../arm-none-eabi/lib/armv7-m\libc.a(lib_a-mallocr.o)
                0x20070b2c                __malloc_max_sbrked_mem
 .bss.__malloc_top_pad
                0x20070b30        0x4 c:/program files (x86)/atmel/atmel toolchain/arm gcc/native/4.8.1443/arm-gnu-toolchain/bin/../lib/gcc/arm-none-eabi/4.8.4/../../../../arm-none-eabi/lib/armv7-m\libc.a(lib_a-mallocr.o)
                0x20070b30                __malloc_top_pad
 .bss.__malloc_current_mallinfo
                0x20070b34       0x28 c:/program files (x86)/atmel/atmel toolchain/arm gcc/native/4.8.1443/arm-gnu-toolchain/bin/../lib/gcc/arm-none-eabi/4.8.4/../../../../arm-none-eabi/lib/armv7-m\libc.a(lib_a-mallocr.o)
                0x20070b34                __malloc_current_mallinfo
 *(COMMON)
 COMMON         0x20070b5c        0x4 src/ASF/common/utils/stdio/read.o
                0x20070b5c                ptr_get
 COMMON         0x20070b60        0x8 src/ASF/common/utils/stdio/write.o
                0x20070b60                ptr_put
                0x20070b64                stdio_base
 COMMON         0x20070b68        0x4 c:/program files (x86)/atmel/atmel toolchain/arm gcc/native/4.8.1443/arm-gnu-toolchain/bin/../lib/gcc/arm-none-eabi/4.8.4/../../../../arm-none-eabi/lib/armv7-m\libc.a(lib_a-reent.o)
                0x20070b68                errno
                0x20070b6c                . = ALIGN (0x4)
                0x20070b6c                _ebss = .
                0x20070b6c                _ezero = .

.stack          0x20070b6c     0x2004 load address 0x00088e8c
                0x20070b70                . = ALIGN (0x8)
 *fill*         0x20070b6c        0x4 
                0x20070b70                _sstack = .
                0x20072b70                . = (. + __stack_size__)
 *fill*         0x20070b70     0x2000 
                0x20072b70                . = ALIGN (0x8)
                0x20072b70                _estack = .
                0x20072b70                . = ALIGN (0x4)
                0x20072b70                _end = .
OUTPUT(Test_AA.elf elf32-littlearm)

.ARM.attributes
                0x00000000       0x29
 .ARM.attributes
                0x00000000       0x1d c:/program files (x86)/atmel/atmel toolchain/arm gcc/native/4.8.1443/arm-gnu-toolchain/bin/../lib/gcc/arm-none-eabi/4.8.4/armv7-m/crti.o
 .ARM.attributes
                0x0000001d       0x2d c:/program files (x86)/atmel/atmel toolchain/arm gcc/native/4.8.1443/arm-gnu-toolchain/bin/../lib/gcc/arm-none-eabi/4.8.4/armv7-m/crtbegin.o
 .ARM.attributes
                0x0000004a       0x33 src/ASF/common/services/serial/usart_serial.o
 .ARM.attributes
                0x0000007d       0x33 src/ASF/common/utils/stdio/read.o
 .ARM.attributes
                0x000000b0       0x33 src/ASF/common/utils/stdio/write.o
 .ARM.attributes
                0x000000e3       0x33 src/ASF/sam/drivers/tc/tc.o
 .ARM.attributes
                0x00000116       0x33 src/ASF/sam/drivers/uart/uart.o
 .ARM.attributes
                0x00000149       0x33 src/ASF/sam/drivers/usart/usart.o
 .ARM.attributes
                0x0000017c       0x33 src/ASF/thirdparty/wireless/addons/sio2host/uart/sio2host.o
 .ARM.attributes
                0x000001af       0x33 src/CalculateAngle.o
 .ARM.attributes
                0x000001e2       0x33 src/Drive.o
 .ARM.attributes
                0x00000215       0x33 src/Regulator.o
 .ARM.attributes
                0x00000248       0x33 src/DelayFunctions.o
 .ARM.attributes
                0x0000027b       0x33 src/Motorfunctions.o
 .ARM.attributes
                0x000002ae       0x33 src/Rotate.o
 .ARM.attributes
                0x000002e1       0x33 src/ASF/common/services/clock/sam3x/sysclk.o
 .ARM.attributes
                0x00000314       0x33 src/ASF/common/utils/interrupt/interrupt_sam_nvic.o
 .ARM.attributes
                0x00000347       0x33 src/ASF/sam/boards/arduino_due_x/init.o
 .ARM.attributes
                0x0000037a       0x33 src/ASF/sam/drivers/pio/pio.o
 .ARM.attributes
                0x000003ad       0x33 src/ASF/sam/drivers/pio/pio_handler.o
 .ARM.attributes
                0x000003e0       0x33 src/ASF/sam/drivers/pmc/pmc.o
 .ARM.attributes
                0x00000413       0x33 src/ASF/sam/utils/cmsis/sam3x/source/templates/exceptions.o
 .ARM.attributes
                0x00000446       0x33 src/ASF/sam/utils/cmsis/sam3x/source/templates/gcc/startup_sam3x.o
 .ARM.attributes
                0x00000479       0x33 src/ASF/sam/utils/cmsis/sam3x/source/templates/system_sam3x.o
 .ARM.attributes
                0x000004ac       0x33 src/ASF/sam/utils/syscalls/gcc/syscalls.o
 .ARM.attributes
                0x000004df       0x33 src/main.o
 .ARM.attributes
                0x00000512       0x2d c:/program files (x86)/atmel/atmel toolchain/arm gcc/native/4.8.1443/arm-gnu-toolchain/bin/../lib/gcc/arm-none-eabi/4.8.4/../../../../arm-none-eabi/lib/armv7-m\libm.a(lib_a-w_acos.o)
 .ARM.attributes
                0x0000053f       0x2d c:/program files (x86)/atmel/atmel toolchain/arm gcc/native/4.8.1443/arm-gnu-toolchain/bin/../lib/gcc/arm-none-eabi/4.8.4/../../../../arm-none-eabi/lib/armv7-m\libm.a(lib_a-w_sqrt.o)
 .ARM.attributes
                0x0000056c       0x2d c:/program files (x86)/atmel/atmel toolchain/arm gcc/native/4.8.1443/arm-gnu-toolchain/bin/../lib/gcc/arm-none-eabi/4.8.4/../../../../arm-none-eabi/lib/armv7-m\libm.a(lib_a-e_acos.o)
 .ARM.attributes
                0x00000599       0x2d c:/program files (x86)/atmel/atmel toolchain/arm gcc/native/4.8.1443/arm-gnu-toolchain/bin/../lib/gcc/arm-none-eabi/4.8.4/../../../../arm-none-eabi/lib/armv7-m\libm.a(lib_a-e_sqrt.o)
 .ARM.attributes
                0x000005c6       0x2d c:/program files (x86)/atmel/atmel toolchain/arm gcc/native/4.8.1443/arm-gnu-toolchain/bin/../lib/gcc/arm-none-eabi/4.8.4/../../../../arm-none-eabi/lib/armv7-m\libm.a(lib_a-s_fabs.o)
 .ARM.attributes
                0x000005f3       0x2d c:/program files (x86)/atmel/atmel toolchain/arm gcc/native/4.8.1443/arm-gnu-toolchain/bin/../lib/gcc/arm-none-eabi/4.8.4/../../../../arm-none-eabi/lib/armv7-m\libm.a(lib_a-s_fpclassify.o)
 .ARM.attributes
                0x00000620       0x2d c:/program files (x86)/atmel/atmel toolchain/arm gcc/native/4.8.1443/arm-gnu-toolchain/bin/../lib/gcc/arm-none-eabi/4.8.4/../../../../arm-none-eabi/lib/armv7-m\libm.a(lib_a-s_lib_ver.o)
 .ARM.attributes
                0x0000064d       0x2d c:/program files (x86)/atmel/atmel toolchain/arm gcc/native/4.8.1443/arm-gnu-toolchain/bin/../lib/gcc/arm-none-eabi/4.8.4/../../../../arm-none-eabi/lib/armv7-m\libm.a(lib_a-s_matherr.o)
 .ARM.attributes
                0x0000067a       0x2d c:/program files (x86)/atmel/atmel toolchain/arm gcc/native/4.8.1443/arm-gnu-toolchain/bin/../lib/gcc/arm-none-eabi/4.8.4/../../../../arm-none-eabi/lib/armv7-m\libm.a(lib_a-s_nan.o)
 .ARM.attributes
                0x000006a7       0x1d c:/program files (x86)/atmel/atmel toolchain/arm gcc/native/4.8.1443/arm-gnu-toolchain/bin/../lib/gcc/arm-none-eabi/4.8.4/armv7-m\libgcc.a(_arm_addsubdf3.o)
 .ARM.attributes
                0x000006c4       0x1d c:/program files (x86)/atmel/atmel toolchain/arm gcc/native/4.8.1443/arm-gnu-toolchain/bin/../lib/gcc/arm-none-eabi/4.8.4/armv7-m\libgcc.a(_arm_muldivdf3.o)
 .ARM.attributes
                0x000006e1       0x1d c:/program files (x86)/atmel/atmel toolchain/arm gcc/native/4.8.1443/arm-gnu-toolchain/bin/../lib/gcc/arm-none-eabi/4.8.4/armv7-m\libgcc.a(_arm_cmpdf2.o)
 .ARM.attributes
                0x000006fe       0x1d c:/program files (x86)/atmel/atmel toolchain/arm gcc/native/4.8.1443/arm-gnu-toolchain/bin/../lib/gcc/arm-none-eabi/4.8.4/armv7-m\libgcc.a(_arm_fixdfsi.o)
 .ARM.attributes
                0x0000071b       0x2d c:/program files (x86)/atmel/atmel toolchain/arm gcc/native/4.8.1443/arm-gnu-toolchain/bin/../lib/gcc/arm-none-eabi/4.8.4/../../../../arm-none-eabi/lib/armv7-m\libc.a(lib_a-errno.o)
 .ARM.attributes
                0x00000748       0x2d c:/program files (x86)/atmel/atmel toolchain/arm gcc/native/4.8.1443/arm-gnu-toolchain/bin/../lib/gcc/arm-none-eabi/4.8.4/../../../../arm-none-eabi/lib/armv7-m\libc.a(lib_a-impure.o)
 .ARM.attributes
                0x00000775       0x2d c:/program files (x86)/atmel/atmel toolchain/arm gcc/native/4.8.1443/arm-gnu-toolchain/bin/../lib/gcc/arm-none-eabi/4.8.4/../../../../arm-none-eabi/lib/armv7-m\libc.a(lib_a-init.o)
 .ARM.attributes
                0x000007a2       0x2d c:/program files (x86)/atmel/atmel toolchain/arm gcc/native/4.8.1443/arm-gnu-toolchain/bin/../lib/gcc/arm-none-eabi/4.8.4/../../../../arm-none-eabi/lib/armv7-m\libc.a(lib_a-iprintf.o)
 .ARM.attributes
                0x000007cf       0x2d c:/program files (x86)/atmel/atmel toolchain/arm gcc/native/4.8.1443/arm-gnu-toolchain/bin/../lib/gcc/arm-none-eabi/4.8.4/../../../../arm-none-eabi/lib/armv7-m\libc.a(lib_a-memset.o)
 .ARM.attributes
                0x000007fc       0x2d c:/program files (x86)/atmel/atmel toolchain/arm gcc/native/4.8.1443/arm-gnu-toolchain/bin/../lib/gcc/arm-none-eabi/4.8.4/../../../../arm-none-eabi/lib/armv7-m\libc.a(lib_a-setbuf.o)
 .ARM.attributes
                0x00000829       0x2d c:/program files (x86)/atmel/atmel toolchain/arm gcc/native/4.8.1443/arm-gnu-toolchain/bin/../lib/gcc/arm-none-eabi/4.8.4/../../../../arm-none-eabi/lib/armv7-m\libc.a(lib_a-setvbuf.o)
 .ARM.attributes
                0x00000856       0x2d c:/program files (x86)/atmel/atmel toolchain/arm gcc/native/4.8.1443/arm-gnu-toolchain/bin/../lib/gcc/arm-none-eabi/4.8.4/../../../../arm-none-eabi/lib/armv7-m\libc.a(lib_a-sprintf.o)
 .ARM.attributes
                0x00000883       0x2d c:/program files (x86)/atmel/atmel toolchain/arm gcc/native/4.8.1443/arm-gnu-toolchain/bin/../lib/gcc/arm-none-eabi/4.8.4/../../../../arm-none-eabi/lib/armv7-m\libc.a(lib_a-svfprintf.o)
 .ARM.attributes
                0x000008b0       0x2d c:/program files (x86)/atmel/atmel toolchain/arm gcc/native/4.8.1443/arm-gnu-toolchain/bin/../lib/gcc/arm-none-eabi/4.8.4/../../../../arm-none-eabi/lib/armv7-m\libc.a(lib_a-vfiprintf.o)
 .ARM.attributes
                0x000008dd       0x2d c:/program files (x86)/atmel/atmel toolchain/arm gcc/native/4.8.1443/arm-gnu-toolchain/bin/../lib/gcc/arm-none-eabi/4.8.4/../../../../arm-none-eabi/lib/armv7-m\libc.a(lib_a-wsetup.o)
 .ARM.attributes
                0x0000090a       0x2d c:/program files (x86)/atmel/atmel toolchain/arm gcc/native/4.8.1443/arm-gnu-toolchain/bin/../lib/gcc/arm-none-eabi/4.8.4/../../../../arm-none-eabi/lib/armv7-m\libc.a(lib_a-__call_atexit.o)
 .ARM.attributes
                0x00000937       0x2d c:/program files (x86)/atmel/atmel toolchain/arm gcc/native/4.8.1443/arm-gnu-toolchain/bin/../lib/gcc/arm-none-eabi/4.8.4/../../../../arm-none-eabi/lib/armv7-m\libc.a(lib_a-atexit.o)
 .ARM.attributes
                0x00000964       0x2d c:/program files (x86)/atmel/atmel toolchain/arm gcc/native/4.8.1443/arm-gnu-toolchain/bin/../lib/gcc/arm-none-eabi/4.8.4/../../../../arm-none-eabi/lib/armv7-m\libc.a(lib_a-dtoa.o)
 .ARM.attributes
                0x00000991       0x2d c:/program files (x86)/atmel/atmel toolchain/arm gcc/native/4.8.1443/arm-gnu-toolchain/bin/../lib/gcc/arm-none-eabi/4.8.4/../../../../arm-none-eabi/lib/armv7-m\libc.a(lib_a-fflush.o)
 .ARM.attributes
                0x000009be       0x2d c:/program files (x86)/atmel/atmel toolchain/arm gcc/native/4.8.1443/arm-gnu-toolchain/bin/../lib/gcc/arm-none-eabi/4.8.4/../../../../arm-none-eabi/lib/armv7-m\libc.a(lib_a-findfp.o)
 .ARM.attributes
                0x000009eb       0x2d c:/program files (x86)/atmel/atmel toolchain/arm gcc/native/4.8.1443/arm-gnu-toolchain/bin/../lib/gcc/arm-none-eabi/4.8.4/../../../../arm-none-eabi/lib/armv7-m\libc.a(lib_a-fini.o)
 .ARM.attributes
                0x00000a18       0x2d c:/program files (x86)/atmel/atmel toolchain/arm gcc/native/4.8.1443/arm-gnu-toolchain/bin/../lib/gcc/arm-none-eabi/4.8.4/../../../../arm-none-eabi/lib/armv7-m\libc.a(lib_a-fputwc.o)
 .ARM.attributes
                0x00000a45       0x2d c:/program files (x86)/atmel/atmel toolchain/arm gcc/native/4.8.1443/arm-gnu-toolchain/bin/../lib/gcc/arm-none-eabi/4.8.4/../../../../arm-none-eabi/lib/armv7-m\libc.a(lib_a-freer.o)
 .ARM.attributes
                0x00000a72       0x2d c:/program files (x86)/atmel/atmel toolchain/arm gcc/native/4.8.1443/arm-gnu-toolchain/bin/../lib/gcc/arm-none-eabi/4.8.4/../../../../arm-none-eabi/lib/armv7-m\libc.a(lib_a-fvwrite.o)
 .ARM.attributes
                0x00000a9f       0x2d c:/program files (x86)/atmel/atmel toolchain/arm gcc/native/4.8.1443/arm-gnu-toolchain/bin/../lib/gcc/arm-none-eabi/4.8.4/../../../../arm-none-eabi/lib/armv7-m\libc.a(lib_a-fwalk.o)
 .ARM.attributes
                0x00000acc       0x2d c:/program files (x86)/atmel/atmel toolchain/arm gcc/native/4.8.1443/arm-gnu-toolchain/bin/../lib/gcc/arm-none-eabi/4.8.4/../../../../arm-none-eabi/lib/armv7-m\libc.a(lib_a-locale.o)
 .ARM.attributes
                0x00000af9       0x2d c:/program files (x86)/atmel/atmel toolchain/arm gcc/native/4.8.1443/arm-gnu-toolchain/bin/../lib/gcc/arm-none-eabi/4.8.4/../../../../arm-none-eabi/lib/armv7-m\libc.a(lib_a-makebuf.o)
 .ARM.attributes
                0x00000b26       0x2d c:/program files (x86)/atmel/atmel toolchain/arm gcc/native/4.8.1443/arm-gnu-toolchain/bin/../lib/gcc/arm-none-eabi/4.8.4/../../../../arm-none-eabi/lib/armv7-m\libc.a(lib_a-malloc.o)
 .ARM.attributes
                0x00000b53       0x2d c:/program files (x86)/atmel/atmel toolchain/arm gcc/native/4.8.1443/arm-gnu-toolchain/bin/../lib/gcc/arm-none-eabi/4.8.4/../../../../arm-none-eabi/lib/armv7-m\libc.a(lib_a-mallocr.o)
 .ARM.attributes
                0x00000b80       0x2d c:/program files (x86)/atmel/atmel toolchain/arm gcc/native/4.8.1443/arm-gnu-toolchain/bin/../lib/gcc/arm-none-eabi/4.8.4/../../../../arm-none-eabi/lib/armv7-m\libc.a(lib_a-memchr-stub.o)
 .ARM.attributes
                0x00000bad       0x1b c:/program files (x86)/atmel/atmel toolchain/arm gcc/native/4.8.1443/arm-gnu-toolchain/bin/../lib/gcc/arm-none-eabi/4.8.4/../../../../arm-none-eabi/lib/armv7-m\libc.a(lib_a-memcpy.o)
 .ARM.attributes
                0x00000bc8       0x2d c:/program files (x86)/atmel/atmel toolchain/arm gcc/native/4.8.1443/arm-gnu-toolchain/bin/../lib/gcc/arm-none-eabi/4.8.4/../../../../arm-none-eabi/lib/armv7-m\libc.a(lib_a-memmove.o)
 .ARM.attributes
                0x00000bf5       0x2d c:/program files (x86)/atmel/atmel toolchain/arm gcc/native/4.8.1443/arm-gnu-toolchain/bin/../lib/gcc/arm-none-eabi/4.8.4/../../../../arm-none-eabi/lib/armv7-m\libc.a(lib_a-mlock.o)
 .ARM.attributes
                0x00000c22       0x2d c:/program files (x86)/atmel/atmel toolchain/arm gcc/native/4.8.1443/arm-gnu-toolchain/bin/../lib/gcc/arm-none-eabi/4.8.4/../../../../arm-none-eabi/lib/armv7-m\libc.a(lib_a-mprec.o)
 .ARM.attributes
                0x00000c4f       0x2d c:/program files (x86)/atmel/atmel toolchain/arm gcc/native/4.8.1443/arm-gnu-toolchain/bin/../lib/gcc/arm-none-eabi/4.8.4/../../../../arm-none-eabi/lib/armv7-m\libc.a(lib_a-reallocr.o)
 .ARM.attributes
                0x00000c7c       0x2d c:/program files (x86)/atmel/atmel toolchain/arm gcc/native/4.8.1443/arm-gnu-toolchain/bin/../lib/gcc/arm-none-eabi/4.8.4/../../../../arm-none-eabi/lib/armv7-m\libc.a(lib_a-sbrkr.o)
 .ARM.attributes
                0x00000ca9       0x2d c:/program files (x86)/atmel/atmel toolchain/arm gcc/native/4.8.1443/arm-gnu-toolchain/bin/../lib/gcc/arm-none-eabi/4.8.4/../../../../arm-none-eabi/lib/armv7-m\libc.a(lib_a-stdio.o)
 .ARM.attributes
                0x00000cd6       0x2d c:/program files (x86)/atmel/atmel toolchain/arm gcc/native/4.8.1443/arm-gnu-toolchain/bin/../lib/gcc/arm-none-eabi/4.8.4/../../../../arm-none-eabi/lib/armv7-m\libc.a(lib_a-strlen.o)
 .ARM.attributes
                0x00000d03       0x2d c:/program files (x86)/atmel/atmel toolchain/arm gcc/native/4.8.1443/arm-gnu-toolchain/bin/../lib/gcc/arm-none-eabi/4.8.4/../../../../arm-none-eabi/lib/armv7-m\libc.a(lib_a-svfiprintf.o)
 .ARM.attributes
                0x00000d30       0x2d c:/program files (x86)/atmel/atmel toolchain/arm gcc/native/4.8.1443/arm-gnu-toolchain/bin/../lib/gcc/arm-none-eabi/4.8.4/../../../../arm-none-eabi/lib/armv7-m\libc.a(lib_a-wbuf.o)
 .ARM.attributes
                0x00000d5d       0x2d c:/program files (x86)/atmel/atmel toolchain/arm gcc/native/4.8.1443/arm-gnu-toolchain/bin/../lib/gcc/arm-none-eabi/4.8.4/../../../../arm-none-eabi/lib/armv7-m\libc.a(lib_a-wcrtomb.o)
 .ARM.attributes
                0x00000d8a       0x2d c:/program files (x86)/atmel/atmel toolchain/arm gcc/native/4.8.1443/arm-gnu-toolchain/bin/../lib/gcc/arm-none-eabi/4.8.4/../../../../arm-none-eabi/lib/armv7-m\libc.a(lib_a-wctomb_r.o)
 .ARM.attributes
                0x00000db7       0x2d c:/program files (x86)/atmel/atmel toolchain/arm gcc/native/4.8.1443/arm-gnu-toolchain/bin/../lib/gcc/arm-none-eabi/4.8.4/../../../../arm-none-eabi/lib/armv7-m\libc.a(lib_a-writer.o)
 .ARM.attributes
                0x00000de4       0x2d c:/program files (x86)/atmel/atmel toolchain/arm gcc/native/4.8.1443/arm-gnu-toolchain/bin/../lib/gcc/arm-none-eabi/4.8.4/../../../../arm-none-eabi/lib/armv7-m\libc.a(lib_a-__atexit.o)
 .ARM.attributes
                0x00000e11       0x2d c:/program files (x86)/atmel/atmel toolchain/arm gcc/native/4.8.1443/arm-gnu-toolchain/bin/../lib/gcc/arm-none-eabi/4.8.4/../../../../arm-none-eabi/lib/armv7-m\libc.a(lib_a-callocr.o)
 .ARM.attributes
                0x00000e3e       0x2d c:/program files (x86)/atmel/atmel toolchain/arm gcc/native/4.8.1443/arm-gnu-toolchain/bin/../lib/gcc/arm-none-eabi/4.8.4/../../../../arm-none-eabi/lib/armv7-m\libc.a(lib_a-closer.o)
 .ARM.attributes
                0x00000e6b       0x2d c:/program files (x86)/atmel/atmel toolchain/arm gcc/native/4.8.1443/arm-gnu-toolchain/bin/../lib/gcc/arm-none-eabi/4.8.4/../../../../arm-none-eabi/lib/armv7-m\libc.a(lib_a-fclose.o)
 .ARM.attributes
                0x00000e98       0x2d c:/program files (x86)/atmel/atmel toolchain/arm gcc/native/4.8.1443/arm-gnu-toolchain/bin/../lib/gcc/arm-none-eabi/4.8.4/../../../../arm-none-eabi/lib/armv7-m\libc.a(lib_a-fstatr.o)
 .ARM.attributes
                0x00000ec5       0x2d c:/program files (x86)/atmel/atmel toolchain/arm gcc/native/4.8.1443/arm-gnu-toolchain/bin/../lib/gcc/arm-none-eabi/4.8.4/../../../../arm-none-eabi/lib/armv7-m\libc.a(lib_a-isattyr.o)
 .ARM.attributes
                0x00000ef2       0x2d c:/program files (x86)/atmel/atmel toolchain/arm gcc/native/4.8.1443/arm-gnu-toolchain/bin/../lib/gcc/arm-none-eabi/4.8.4/../../../../arm-none-eabi/lib/armv7-m\libc.a(lib_a-lseekr.o)
 .ARM.attributes
                0x00000f1f       0x2d c:/program files (x86)/atmel/atmel toolchain/arm gcc/native/4.8.1443/arm-gnu-toolchain/bin/../lib/gcc/arm-none-eabi/4.8.4/../../../../arm-none-eabi/lib/armv7-m\libc.a(lib_a-readr.o)
 .ARM.attributes
                0x00000f4c       0x2d c:/program files (x86)/atmel/atmel toolchain/arm gcc/native/4.8.1443/arm-gnu-toolchain/bin/../lib/gcc/arm-none-eabi/4.8.4/../../../../arm-none-eabi/lib/armv7-m\libc.a(lib_a-reent.o)
 .ARM.attributes
                0x00000f79       0x1d c:/program files (x86)/atmel/atmel toolchain/arm gcc/native/4.8.1443/arm-gnu-toolchain/bin/../lib/gcc/arm-none-eabi/4.8.4/armv7-m\libgcc.a(_aeabi_uldivmod.o)
 .ARM.attributes
                0x00000f96       0x2d c:/program files (x86)/atmel/atmel toolchain/arm gcc/native/4.8.1443/arm-gnu-toolchain/bin/../lib/gcc/arm-none-eabi/4.8.4/armv7-m\libgcc.a(bpabi.o)
 .ARM.attributes
                0x00000fc3       0x1d c:/program files (x86)/atmel/atmel toolchain/arm gcc/native/4.8.1443/arm-gnu-toolchain/bin/../lib/gcc/arm-none-eabi/4.8.4/armv7-m\libgcc.a(_dvmd_tls.o)
 .ARM.attributes
                0x00000fe0       0x2d c:/program files (x86)/atmel/atmel toolchain/arm gcc/native/4.8.1443/arm-gnu-toolchain/bin/../lib/gcc/arm-none-eabi/4.8.4/armv7-m\libgcc.a(_divdi3.o)
 .ARM.attributes
                0x0000100d       0x2d c:/program files (x86)/atmel/atmel toolchain/arm gcc/native/4.8.1443/arm-gnu-toolchain/bin/../lib/gcc/arm-none-eabi/4.8.4/armv7-m\libgcc.a(_udivdi3.o)
 .ARM.attributes
                0x0000103a       0x1d c:/program files (x86)/atmel/atmel toolchain/arm gcc/native/4.8.1443/arm-gnu-toolchain/bin/../lib/gcc/arm-none-eabi/4.8.4/armv7-m/crtn.o

.comment        0x00000000       0x5b
 .comment       0x00000000       0x5b src/ASF/common/services/serial/usart_serial.o
                                 0x5c (size before relaxing)
 .comment       0x00000000       0x5c src/ASF/common/utils/stdio/read.o
 .comment       0x00000000       0x5c src/ASF/common/utils/stdio/write.o
 .comment       0x00000000       0x5c src/ASF/sam/drivers/tc/tc.o
 .comment       0x00000000       0x5c src/ASF/sam/drivers/uart/uart.o
 .comment       0x00000000       0x5c src/ASF/sam/drivers/usart/usart.o
 .comment       0x00000000       0x5c src/ASF/thirdparty/wireless/addons/sio2host/uart/sio2host.o
 .comment       0x00000000       0x5c src/CalculateAngle.o
 .comment       0x00000000       0x5c src/Drive.o
 .comment       0x00000000       0x5c src/Regulator.o
 .comment       0x00000000       0x5c src/DelayFunctions.o
 .comment       0x00000000       0x5c src/Motorfunctions.o
 .comment       0x00000000       0x5c src/Rotate.o
 .comment       0x00000000       0x5c src/ASF/common/services/clock/sam3x/sysclk.o
 .comment       0x00000000       0x5c src/ASF/common/utils/interrupt/interrupt_sam_nvic.o
 .comment       0x00000000       0x5c src/ASF/sam/boards/arduino_due_x/init.o
 .comment       0x00000000       0x5c src/ASF/sam/drivers/pio/pio.o
 .comment       0x00000000       0x5c src/ASF/sam/drivers/pio/pio_handler.o
 .comment       0x00000000       0x5c src/ASF/sam/drivers/pmc/pmc.o
 .comment       0x00000000       0x5c src/ASF/sam/utils/cmsis/sam3x/source/templates/exceptions.o
 .comment       0x00000000       0x5c src/ASF/sam/utils/cmsis/sam3x/source/templates/gcc/startup_sam3x.o
 .comment       0x00000000       0x5c src/ASF/sam/utils/cmsis/sam3x/source/templates/system_sam3x.o
 .comment       0x00000000       0x5c src/ASF/sam/utils/syscalls/gcc/syscalls.o
 .comment       0x00000000       0x5c src/main.o

.debug_info     0x00000000    0x118b0
 .debug_info    0x00000000      0x7c5 src/ASF/common/services/serial/usart_serial.o
 .debug_info    0x000007c5      0x1bb src/ASF/common/utils/stdio/read.o
 .debug_info    0x00000980      0x1c0 src/ASF/common/utils/stdio/write.o
 .debug_info    0x00000b40      0x94f src/ASF/sam/drivers/tc/tc.o
 .debug_info    0x0000148f      0x889 src/ASF/sam/drivers/uart/uart.o
 .debug_info    0x00001d18     0x1bfa src/ASF/sam/drivers/usart/usart.o
 .debug_info    0x00003912     0x187d src/ASF/thirdparty/wireless/addons/sio2host/uart/sio2host.o
 .debug_info    0x0000518f      0x1e9 src/CalculateAngle.o
 .debug_info    0x00005378     0x1a4c src/Drive.o
 .debug_info    0x00006dc4      0xb00 src/Regulator.o
 .debug_info    0x000078c4      0xd12 src/DelayFunctions.o
 .debug_info    0x000085d6     0x1264 src/Motorfunctions.o
 .debug_info    0x0000983a     0x194c src/Rotate.o
 .debug_info    0x0000b186      0x796 src/ASF/common/services/clock/sam3x/sysclk.o
 .debug_info    0x0000b91c      0x1e8 src/ASF/common/utils/interrupt/interrupt_sam_nvic.o
 .debug_info    0x0000bb04      0x728 src/ASF/sam/boards/arduino_due_x/init.o
 .debug_info    0x0000c22c     0x1385 src/ASF/sam/drivers/pio/pio.o
 .debug_info    0x0000d5b1      0xe52 src/ASF/sam/drivers/pio/pio_handler.o
 .debug_info    0x0000e403     0x1080 src/ASF/sam/drivers/pmc/pmc.o
 .debug_info    0x0000f483      0x124 src/ASF/sam/utils/cmsis/sam3x/source/templates/exceptions.o
 .debug_info    0x0000f5a7      0x3bd src/ASF/sam/utils/cmsis/sam3x/source/templates/gcc/startup_sam3x.o
 .debug_info    0x0000f964      0x4c6 src/ASF/sam/utils/cmsis/sam3x/source/templates/system_sam3x.o
 .debug_info    0x0000fe2a      0x43f src/ASF/sam/utils/syscalls/gcc/syscalls.o
 .debug_info    0x00010269     0x1647 src/main.o

.debug_abbrev   0x00000000     0x2fcf
 .debug_abbrev  0x00000000      0x1a8 src/ASF/common/services/serial/usart_serial.o
 .debug_abbrev  0x000001a8      0x101 src/ASF/common/utils/stdio/read.o
 .debug_abbrev  0x000002a9       0xf5 src/ASF/common/utils/stdio/write.o
 .debug_abbrev  0x0000039e      0x1bb src/ASF/sam/drivers/tc/tc.o
 .debug_abbrev  0x00000559      0x1bd src/ASF/sam/drivers/uart/uart.o
 .debug_abbrev  0x00000716      0x325 src/ASF/sam/drivers/usart/usart.o
 .debug_abbrev  0x00000a3b      0x3da src/ASF/thirdparty/wireless/addons/sio2host/uart/sio2host.o
 .debug_abbrev  0x00000e15       0xe1 src/CalculateAngle.o
 .debug_abbrev  0x00000ef6      0x329 src/Drive.o
 .debug_abbrev  0x0000121f      0x218 src/Regulator.o
 .debug_abbrev  0x00001437      0x1de src/DelayFunctions.o
 .debug_abbrev  0x00001615      0x2c0 src/Motorfunctions.o
 .debug_abbrev  0x000018d5      0x334 src/Rotate.o
 .debug_abbrev  0x00001c09      0x227 src/ASF/common/services/clock/sam3x/sysclk.o
 .debug_abbrev  0x00001e30       0xef src/ASF/common/utils/interrupt/interrupt_sam_nvic.o
 .debug_abbrev  0x00001f1f      0x16d src/ASF/sam/boards/arduino_due_x/init.o
 .debug_abbrev  0x0000208c      0x2d5 src/ASF/sam/drivers/pio/pio.o
 .debug_abbrev  0x00002361      0x257 src/ASF/sam/drivers/pio/pio_handler.o
 .debug_abbrev  0x000025b8      0x268 src/ASF/sam/drivers/pmc/pmc.o
 .debug_abbrev  0x00002820       0x8c src/ASF/sam/utils/cmsis/sam3x/source/templates/exceptions.o
 .debug_abbrev  0x000028ac      0x118 src/ASF/sam/utils/cmsis/sam3x/source/templates/gcc/startup_sam3x.o
 .debug_abbrev  0x000029c4      0x115 src/ASF/sam/utils/cmsis/sam3x/source/templates/system_sam3x.o
 .debug_abbrev  0x00002ad9      0x14e src/ASF/sam/utils/syscalls/gcc/syscalls.o
 .debug_abbrev  0x00002c27      0x3a8 src/main.o

.debug_loc      0x00000000     0x4f81
 .debug_loc     0x00000000      0x2d1 src/ASF/common/services/serial/usart_serial.o
 .debug_loc     0x000002d1       0xc5 src/ASF/common/utils/stdio/read.o
 .debug_loc     0x00000396      0x161 src/ASF/common/utils/stdio/write.o
 .debug_loc     0x000004f7      0x57a src/ASF/sam/drivers/tc/tc.o
 .debug_loc     0x00000a71      0x236 src/ASF/sam/drivers/uart/uart.o
 .debug_loc     0x00000ca7     0x128d src/ASF/sam/drivers/usart/usart.o
 .debug_loc     0x00001f34      0x4b5 src/ASF/thirdparty/wireless/addons/sio2host/uart/sio2host.o
 .debug_loc     0x000023e9      0x15f src/CalculateAngle.o
 .debug_loc     0x00002548      0x300 src/Drive.o
 .debug_loc     0x00002848       0xf3 src/Regulator.o
 .debug_loc     0x0000293b       0x6c src/DelayFunctions.o
 .debug_loc     0x000029a7       0xef src/Motorfunctions.o
 .debug_loc     0x00002a96      0x18b src/Rotate.o
 .debug_loc     0x00002c21      0x12d src/ASF/common/services/clock/sam3x/sysclk.o
 .debug_loc     0x00002d4e       0x1e src/ASF/common/utils/interrupt/interrupt_sam_nvic.o
 .debug_loc     0x00002d6c       0x20 src/ASF/sam/boards/arduino_due_x/init.o
 .debug_loc     0x00002d8c      0xa83 src/ASF/sam/drivers/pio/pio.o
 .debug_loc     0x0000380f      0x53d src/ASF/sam/drivers/pio/pio_handler.o
 .debug_loc     0x00003d4c      0xc95 src/ASF/sam/drivers/pmc/pmc.o
 .debug_loc     0x000049e1       0x7e src/ASF/sam/utils/cmsis/sam3x/source/templates/gcc/startup_sam3x.o
 .debug_loc     0x00004a5f      0x12b src/ASF/sam/utils/syscalls/gcc/syscalls.o
 .debug_loc     0x00004b8a      0x3f7 src/main.o

.debug_aranges  0x00000000      0xb60
 .debug_aranges
                0x00000000       0x28 src/ASF/common/services/serial/usart_serial.o
 .debug_aranges
                0x00000028       0x20 src/ASF/common/utils/stdio/read.o
 .debug_aranges
                0x00000048       0x20 src/ASF/common/utils/stdio/write.o
 .debug_aranges
                0x00000068       0xd0 src/ASF/sam/drivers/tc/tc.o
 .debug_aranges
                0x00000138       0xe8 src/ASF/sam/drivers/uart/uart.o
 .debug_aranges
                0x00000220      0x2a8 src/ASF/sam/drivers/usart/usart.o
 .debug_aranges
                0x000004c8       0x60 src/ASF/thirdparty/wireless/addons/sio2host/uart/sio2host.o
 .debug_aranges
                0x00000528       0x38 src/CalculateAngle.o
 .debug_aranges
                0x00000560       0x28 src/Drive.o
 .debug_aranges
                0x00000588       0x28 src/Regulator.o
 .debug_aranges
                0x000005b0       0x28 src/DelayFunctions.o
 .debug_aranges
                0x000005d8       0x38 src/Motorfunctions.o
 .debug_aranges
                0x00000610       0x28 src/Rotate.o
 .debug_aranges
                0x00000638       0x40 src/ASF/common/services/clock/sam3x/sysclk.o
 .debug_aranges
                0x00000678       0x28 src/ASF/common/utils/interrupt/interrupt_sam_nvic.o
 .debug_aranges
                0x000006a0       0x20 src/ASF/sam/boards/arduino_due_x/init.o
 .debug_aranges
                0x000006c0      0x148 src/ASF/sam/drivers/pio/pio.o
 .debug_aranges
                0x00000808       0x58 src/ASF/sam/drivers/pio/pio_handler.o
 .debug_aranges
                0x00000860      0x200 src/ASF/sam/drivers/pmc/pmc.o
 .debug_aranges
                0x00000a60       0x20 src/ASF/sam/utils/cmsis/sam3x/source/templates/exceptions.o
 .debug_aranges
                0x00000a80       0x20 src/ASF/sam/utils/cmsis/sam3x/source/templates/gcc/startup_sam3x.o
 .debug_aranges
                0x00000aa0       0x30 src/ASF/sam/utils/cmsis/sam3x/source/templates/system_sam3x.o
 .debug_aranges
                0x00000ad0       0x60 src/ASF/sam/utils/syscalls/gcc/syscalls.o
 .debug_aranges
                0x00000b30       0x30 src/main.o

.debug_ranges   0x00000000      0xc90
 .debug_ranges  0x00000000       0x30 src/ASF/common/services/serial/usart_serial.o
 .debug_ranges  0x00000030       0x10 src/ASF/common/utils/stdio/read.o
 .debug_ranges  0x00000040       0x10 src/ASF/common/utils/stdio/write.o
 .debug_ranges  0x00000050       0xc0 src/ASF/sam/drivers/tc/tc.o
 .debug_ranges  0x00000110       0xd8 src/ASF/sam/drivers/uart/uart.o
 .debug_ranges  0x000001e8      0x298 src/ASF/sam/drivers/usart/usart.o
 .debug_ranges  0x00000480       0x50 src/ASF/thirdparty/wireless/addons/sio2host/uart/sio2host.o
 .debug_ranges  0x000004d0       0x28 src/CalculateAngle.o
 .debug_ranges  0x000004f8      0x160 src/Drive.o
 .debug_ranges  0x00000658       0x18 src/Regulator.o
 .debug_ranges  0x00000670       0x18 src/DelayFunctions.o
 .debug_ranges  0x00000688       0x28 src/Motorfunctions.o
 .debug_ranges  0x000006b0      0x168 src/Rotate.o
 .debug_ranges  0x00000818       0x30 src/ASF/common/services/clock/sam3x/sysclk.o
 .debug_ranges  0x00000848       0x18 src/ASF/common/utils/interrupt/interrupt_sam_nvic.o
 .debug_ranges  0x00000860       0x10 src/ASF/sam/boards/arduino_due_x/init.o
 .debug_ranges  0x00000870      0x138 src/ASF/sam/drivers/pio/pio.o
 .debug_ranges  0x000009a8       0x48 src/ASF/sam/drivers/pio/pio_handler.o
 .debug_ranges  0x000009f0      0x1f0 src/ASF/sam/drivers/pmc/pmc.o
 .debug_ranges  0x00000be0       0x10 src/ASF/sam/utils/cmsis/sam3x/source/templates/exceptions.o
 .debug_ranges  0x00000bf0       0x10 src/ASF/sam/utils/cmsis/sam3x/source/templates/gcc/startup_sam3x.o
 .debug_ranges  0x00000c00       0x20 src/ASF/sam/utils/cmsis/sam3x/source/templates/system_sam3x.o
 .debug_ranges  0x00000c20       0x50 src/ASF/sam/utils/syscalls/gcc/syscalls.o
 .debug_ranges  0x00000c70       0x20 src/main.o

.debug_macro    0x00000000    0x1a234
 .debug_macro   0x00000000      0x55c src/ASF/common/services/serial/usart_serial.o
 .debug_macro   0x0000055c      0x874 src/ASF/common/services/serial/usart_serial.o
 .debug_macro   0x00000dd0      0x621 src/ASF/common/services/serial/usart_serial.o
 .debug_macro   0x000013f1      0x166 src/ASF/common/services/serial/usart_serial.o
 .debug_macro   0x00001557       0x76 src/ASF/common/services/serial/usart_serial.o
 .debug_macro   0x000015cd       0x16 src/ASF/common/services/serial/usart_serial.o
 .debug_macro   0x000015e3      0x6e4 src/ASF/common/services/serial/usart_serial.o
 .debug_macro   0x00001cc7       0x16 src/ASF/common/services/serial/usart_serial.o
 .debug_macro   0x00001cdd       0x44 src/ASF/common/services/serial/usart_serial.o
 .debug_macro   0x00001d21      0x209 src/ASF/common/services/serial/usart_serial.o
 .debug_macro   0x00001f2a       0x20 src/ASF/common/services/serial/usart_serial.o
 .debug_macro   0x00001f4a       0x3a src/ASF/common/services/serial/usart_serial.o
 .debug_macro   0x00001f84       0x2d src/ASF/common/services/serial/usart_serial.o
 .debug_macro   0x00001fb1      0xbb1 src/ASF/common/services/serial/usart_serial.o
 .debug_macro   0x00002b62      0xab6 src/ASF/common/services/serial/usart_serial.o
 .debug_macro   0x00003618      0x569 src/ASF/common/services/serial/usart_serial.o
 .debug_macro   0x00003b81      0x2b5 src/ASF/common/services/serial/usart_serial.o
 .debug_macro   0x00003e36      0x31a src/ASF/common/services/serial/usart_serial.o
 .debug_macro   0x00004150      0x74f src/ASF/common/services/serial/usart_serial.o
 .debug_macro   0x0000489f       0x82 src/ASF/common/services/serial/usart_serial.o
 .debug_macro   0x00004921      0x57b src/ASF/common/services/serial/usart_serial.o
 .debug_macro   0x00004e9c       0x1c src/ASF/common/services/serial/usart_serial.o
 .debug_macro   0x00004eb8      0x6b7 src/ASF/common/services/serial/usart_serial.o
 .debug_macro   0x0000556f      0x52d src/ASF/common/services/serial/usart_serial.o
 .debug_macro   0x00005a9c       0xbe src/ASF/common/services/serial/usart_serial.o
 .debug_macro   0x00005b5a     0x2342 src/ASF/common/services/serial/usart_serial.o
 .debug_macro   0x00007e9c      0x85d src/ASF/common/services/serial/usart_serial.o
 .debug_macro   0x000086f9      0xdc9 src/ASF/common/services/serial/usart_serial.o
 .debug_macro   0x000094c2       0x7c src/ASF/common/services/serial/usart_serial.o
 .debug_macro   0x0000953e      0x263 src/ASF/common/services/serial/usart_serial.o
 .debug_macro   0x000097a1       0x58 src/ASF/common/services/serial/usart_serial.o
 .debug_macro   0x000097f9      0x9a7 src/ASF/common/services/serial/usart_serial.o
 .debug_macro   0x0000a1a0      0x248 src/ASF/common/services/serial/usart_serial.o
 .debug_macro   0x0000a3e8      0x4df src/ASF/common/services/serial/usart_serial.o
 .debug_macro   0x0000a8c7      0x6b3 src/ASF/common/services/serial/usart_serial.o
 .debug_macro   0x0000af7a      0x59f src/ASF/common/services/serial/usart_serial.o
 .debug_macro   0x0000b519       0x46 src/ASF/common/services/serial/usart_serial.o
 .debug_macro   0x0000b55f      0x34d src/ASF/common/services/serial/usart_serial.o
 .debug_macro   0x0000b8ac      0x28c src/ASF/common/services/serial/usart_serial.o
 .debug_macro   0x0000bb38     0x14d7 src/ASF/common/services/serial/usart_serial.o
 .debug_macro   0x0000d00f      0x7ba src/ASF/common/services/serial/usart_serial.o
 .debug_macro   0x0000d7c9       0x76 src/ASF/common/services/serial/usart_serial.o
 .debug_macro   0x0000d83f       0x82 src/ASF/common/services/serial/usart_serial.o
 .debug_macro   0x0000d8c1       0x76 src/ASF/common/services/serial/usart_serial.o
 .debug_macro   0x0000d937       0x4c src/ASF/common/services/serial/usart_serial.o
 .debug_macro   0x0000d983      0x105 src/ASF/common/services/serial/usart_serial.o
 .debug_macro   0x0000da88      0x105 src/ASF/common/services/serial/usart_serial.o
 .debug_macro   0x0000db8d      0x105 src/ASF/common/services/serial/usart_serial.o
 .debug_macro   0x0000dc92       0x88 src/ASF/common/services/serial/usart_serial.o
 .debug_macro   0x0000dd1a       0x88 src/ASF/common/services/serial/usart_serial.o
 .debug_macro   0x0000dda2      0x3b4 src/ASF/common/services/serial/usart_serial.o
 .debug_macro   0x0000e156       0xb8 src/ASF/common/services/serial/usart_serial.o
 .debug_macro   0x0000e20e       0xb8 src/ASF/common/services/serial/usart_serial.o
 .debug_macro   0x0000e2c6       0xb8 src/ASF/common/services/serial/usart_serial.o
 .debug_macro   0x0000e37e       0xb8 src/ASF/common/services/serial/usart_serial.o
 .debug_macro   0x0000e436      0x2b8 src/ASF/common/services/serial/usart_serial.o
 .debug_macro   0x0000e6ee      0x125 src/ASF/common/services/serial/usart_serial.o
 .debug_macro   0x0000e813      0x225 src/ASF/common/services/serial/usart_serial.o
 .debug_macro   0x0000ea38      0x225 src/ASF/common/services/serial/usart_serial.o
 .debug_macro   0x0000ec5d       0x2e src/ASF/common/services/serial/usart_serial.o
 .debug_macro   0x0000ec8b       0xac src/ASF/common/services/serial/usart_serial.o
 .debug_macro   0x0000ed37      0x14d src/ASF/common/services/serial/usart_serial.o
 .debug_macro   0x0000ee84       0x7c src/ASF/common/services/serial/usart_serial.o
 .debug_macro   0x0000ef00      0x205 src/ASF/common/services/serial/usart_serial.o
 .debug_macro   0x0000f105       0x64 src/ASF/common/services/serial/usart_serial.o
 .debug_macro   0x0000f169       0xa6 src/ASF/common/services/serial/usart_serial.o
 .debug_macro   0x0000f20f       0x7c src/ASF/common/services/serial/usart_serial.o
 .debug_macro   0x0000f28b       0x16 src/ASF/common/services/serial/usart_serial.o
 .debug_macro   0x0000f2a1       0x22 src/ASF/common/services/serial/usart_serial.o
 .debug_macro   0x0000f2c3       0x22 src/ASF/common/services/serial/usart_serial.o
 .debug_macro   0x0000f2e5      0x115 src/ASF/common/services/serial/usart_serial.o
 .debug_macro   0x0000f3fa      0x115 src/ASF/common/services/serial/usart_serial.o
 .debug_macro   0x0000f50f      0x115 src/ASF/common/services/serial/usart_serial.o
 .debug_macro   0x0000f624      0x115 src/ASF/common/services/serial/usart_serial.o
 .debug_macro   0x0000f739       0x1c src/ASF/common/services/serial/usart_serial.o
 .debug_macro   0x0000f755       0x2e src/ASF/common/services/serial/usart_serial.o
 .debug_macro   0x0000f783       0x22 src/ASF/common/services/serial/usart_serial.o