Archive member included because of file (symbol)

c:/program files (x86)/atmel/atmel toolchain/arm gcc/native/4.8.1443/arm-gnu-toolchain/bin/../lib/gcc/arm-none-eabi/4.8.4/../../../../arm-none-eabi/lib/armv7-m\libm.a(lib_a-w_acos.o)
                              src/CalculateAngle.o (acos)
c:/program files (x86)/atmel/atmel toolchain/arm gcc/native/4.8.1443/arm-gnu-toolchain/bin/../lib/gcc/arm-none-eabi/4.8.4/../../../../arm-none-eabi/lib/armv7-m\libm.a(lib_a-w_sqrt.o)
                              src/CalculateAngle.o (sqrt)
c:/program files (x86)/atmel/atmel toolchain/arm gcc/native/4.8.1443/arm-gnu-toolchain/bin/../lib/gcc/arm-none-eabi/4.8.4/../../../../arm-none-eabi/lib/armv7-m\libm.a(lib_a-e_acos.o)
                              c:/program files (x86)/atmel/atmel toolchain/arm gcc/native/4.8.1443/arm-gnu-toolchain/bin/../lib/gcc/arm-none-eabi/4.8.4/../../../../arm-none-eabi/lib/armv7-m\libm.a(lib_a-w_acos.o) (__ieee754_acos)
c:/program files (x86)/atmel/atmel toolchain/arm gcc/native/4.8.1443/arm-gnu-toolchain/bin/../lib/gcc/arm-none-eabi/4.8.4/../../../../arm-none-eabi/lib/armv7-m\libm.a(lib_a-e_sqrt.o)
                              c:/program files (x86)/atmel/atmel toolchain/arm gcc/native/4.8.1443/arm-gnu-toolchain/bin/../lib/gcc/arm-none-eabi/4.8.4/../../../../arm-none-eabi/lib/armv7-m\libm.a(lib_a-w_sqrt.o) (__ieee754_sqrt)
c:/program files (x86)/atmel/atmel toolchain/arm gcc/native/4.8.1443/arm-gnu-toolchain/bin/../lib/gcc/arm-none-eabi/4.8.4/../../../../arm-none-eabi/lib/armv7-m\libm.a(lib_a-s_fabs.o)
                              c:/program files (x86)/atmel/atmel toolchain/arm gcc/native/4.8.1443/arm-gnu-toolchain/bin/../lib/gcc/arm-none-eabi/4.8.4/../../../../arm-none-eabi/lib/armv7-m\libm.a(lib_a-w_acos.o) (fabs)
c:/program files (x86)/atmel/atmel toolchain/arm gcc/native/4.8.1443/arm-gnu-toolchain/bin/../lib/gcc/arm-none-eabi/4.8.4/../../../../arm-none-eabi/lib/armv7-m\libm.a(lib_a-s_fpclassify.o)
                              c:/program files (x86)/atmel/atmel toolchain/arm gcc/native/4.8.1443/arm-gnu-toolchain/bin/../lib/gcc/arm-none-eabi/4.8.4/../../../../arm-none-eabi/lib/armv7-m\libm.a(lib_a-w_acos.o) (__fpclassifyd)
c:/program files (x86)/atmel/atmel toolchain/arm gcc/native/4.8.1443/arm-gnu-toolchain/bin/../lib/gcc/arm-none-eabi/4.8.4/../../../../arm-none-eabi/lib/armv7-m\libm.a(lib_a-s_lib_ver.o)
                              c:/program files (x86)/atmel/atmel toolchain/arm gcc/native/4.8.1443/arm-gnu-toolchain/bin/../lib/gcc/arm-none-eabi/4.8.4/../../../../arm-none-eabi/lib/armv7-m\libm.a(lib_a-w_acos.o) (__fdlib_version)
c:/program files (x86)/atmel/atmel toolchain/arm gcc/native/4.8.1443/arm-gnu-toolchain/bin/../lib/gcc/arm-none-eabi/4.8.4/../../../../arm-none-eabi/lib/armv7-m\libm.a(lib_a-s_matherr.o)
                              c:/program files (x86)/atmel/atmel toolchain/arm gcc/native/4.8.1443/arm-gnu-toolchain/bin/../lib/gcc/arm-none-eabi/4.8.4/../../../../arm-none-eabi/lib/armv7-m\libm.a(lib_a-w_acos.o) (matherr)
c:/program files (x86)/atmel/atmel toolchain/arm gcc/native/4.8.1443/arm-gnu-toolchain/bin/../lib/gcc/arm-none-eabi/4.8.4/../../../../arm-none-eabi/lib/armv7-m\libm.a(lib_a-s_nan.o)
                              c:/program files (x86)/atmel/atmel toolchain/arm gcc/native/4.8.1443/arm-gnu-toolchain/bin/../lib/gcc/arm-none-eabi/4.8.4/../../../../arm-none-eabi/lib/armv7-m\libm.a(lib_a-w_acos.o) (nan)
c:/program files (x86)/atmel/atmel toolchain/arm gcc/native/4.8.1443/arm-gnu-toolchain/bin/../lib/gcc/arm-none-eabi/4.8.4/armv7-m\libgcc.a(_arm_addsubdf3.o)
                              c:/program files (x86)/atmel/atmel toolchain/arm gcc/native/4.8.1443/arm-gnu-toolchain/bin/../lib/gcc/arm-none-eabi/4.8.4/../../../../arm-none-eabi/lib/armv7-m\libm.a(lib_a-e_acos.o) (__aeabi_dsub)
c:/program files (x86)/atmel/atmel toolchain/arm gcc/native/4.8.1443/arm-gnu-toolchain/bin/../lib/gcc/arm-none-eabi/4.8.4/armv7-m\libgcc.a(_arm_muldivdf3.o)
                              src/CalculateAngle.o (__aeabi_dmul)
c:/program files (x86)/atmel/atmel toolchain/arm gcc/native/4.8.1443/arm-gnu-toolchain/bin/../lib/gcc/arm-none-eabi/4.8.4/armv7-m\libgcc.a(_arm_cmpdf2.o)
                              src/Rotate.o (__aeabi_dcmplt)
c:/program files (x86)/atmel/atmel toolchain/arm gcc/native/4.8.1443/arm-gnu-toolchain/bin/../lib/gcc/arm-none-eabi/4.8.4/armv7-m\libgcc.a(_arm_fixdfsi.o)
                              src/CalculateAngle.o (__aeabi_d2iz)
c:/program files (x86)/atmel/atmel toolchain/arm gcc/native/4.8.1443/arm-gnu-toolchain/bin/../lib/gcc/arm-none-eabi/4.8.4/armv7-m\libgcc.a(_arm_addsubsf3.o)
                              src/Unity/unity.o (__aeabi_fsub)
c:/program files (x86)/atmel/atmel toolchain/arm gcc/native/4.8.1443/arm-gnu-toolchain/bin/../lib/gcc/arm-none-eabi/4.8.4/armv7-m\libgcc.a(_arm_muldivsf3.o)
                              src/Unity/unity.o (__aeabi_fmul)
[...]
Memory Configuration

Name             Origin             Length             Attributes
rom              0x00080000         0x00080000         xr
sram0            0x20000000         0x00010000         xrw
sram1            0x20080000         0x00008000         xrw
ram              0x20070000         0x00018000         xrw
*default*        0x00000000         0xffffffff

Linker script and memory map

LOAD c:/program files (x86)/atmel/atmel toolchain/arm gcc/native/4.8.1443/arm-gnu-toolchain/bin/../lib/gcc/arm-none-eabi/4.8.4/armv7-m/crti.o
LOAD c:/program files (x86)/atmel/atmel toolchain/arm gcc/native/4.8.1443/arm-gnu-toolchain/bin/../lib/gcc/arm-none-eabi/4.8.4/armv7-m/crtbegin.o
LOAD c:/program files (x86)/atmel/atmel toolchain/arm gcc/native/4.8.1443/arm-gnu-toolchain/bin/../lib/gcc/arm-none-eabi/4.8.4/../../../../arm-none-eabi/lib/armv7-m/crt0.o
LOAD src/Test/test_CalculateAngle.o
LOAD src/Unity/unity.o
LOAD src/ASF/common/services/serial/usart_serial.o
LOAD src/ASF/common/utils/stdio/read.o
LOAD src/ASF/common/utils/stdio/write.o
LOAD src/ASF/sam/drivers/rtc/rtc.o
LOAD src/ASF/sam/drivers/rtt/rtt.o
LOAD src/ASF/sam/drivers/tc/tc.o
LOAD src/ASF/sam/drivers/uart/uart.o
LOAD src/ASF/sam/drivers/usart/usart.o
LOAD src/ASF/sam/drivers/wdt/wdt.o
LOAD src/ASF/thirdparty/wireless/addons/sio2host/uart/sio2host.o
LOAD src/CalculateAngle.o
LOAD src/Drive.o
LOAD src/Regulator.o
LOAD src/DelayFunctions.o
LOAD src/Motorfunctions.o
LOAD src/Rotate.o
LOAD src/ASF/common/services/clock/sam3x/sysclk.o
LOAD src/ASF/common/utils/interrupt/interrupt_sam_nvic.o
LOAD src/ASF/sam/boards/arduino_due_x/init.o
LOAD src/ASF/sam/drivers/pio/pio.o
LOAD src/ASF/sam/drivers/pio/pio_handler.o
LOAD src/ASF/sam/drivers/pmc/pmc.o
LOAD src/ASF/sam/drivers/pmc/sleep.o
LOAD src/ASF/sam/utils/cmsis/sam3x/source/templates/exceptions.o
LOAD src/ASF/sam/utils/cmsis/sam3x/source/templates/gcc/startup_sam3x.o
LOAD src/ASF/sam/utils/cmsis/sam3x/source/templates/system_sam3x.o
LOAD src/ASF/sam/utils/syscalls/gcc/syscalls.o
LOAD src/main.o
START GROUP
LOAD ../src/ASF/thirdparty/CMSIS/Lib/GCC\libarm_cortexM3l_math.a
LOAD c:/program files (x86)/atmel/atmel toolchain/arm gcc/native/4.8.1443/arm-gnu-toolchain/bin/../lib/gcc/arm-none-eabi/4.8.4/../../../../arm-none-eabi/lib/armv7-m\libm.a
END GROUP
START GROUP
LOAD c:/program files (x86)/atmel/atmel toolchain/arm gcc/native/4.8.1443/arm-gnu-toolchain/bin/../lib/gcc/arm-none-eabi/4.8.4/armv7-m\libgcc.a
LOAD c:/program files (x86)/atmel/atmel toolchain/arm gcc/native/4.8.1443/arm-gnu-toolchain/bin/../lib/gcc/arm-none-eabi/4.8.4/../../../../arm-none-eabi/lib/armv7-m\libc.a
END GROUP
LOAD c:/program files (x86)/atmel/atmel toolchain/arm gcc/native/4.8.1443/arm-gnu-toolchain/bin/../lib/gcc/arm-none-eabi/4.8.4/armv7-m/crtend.o
LOAD c:/program files (x86)/atmel/atmel toolchain/arm gcc/native/4.8.1443/arm-gnu-toolchain/bin/../lib/gcc/arm-none-eabi/4.8.4/armv7-m/crtn.o
                0x00002000                __stack_size__ = DEFINED (__stack_size__)?__stack_size__:0x2000
                0x20087ffc                __ram_end__ = ((ORIGIN (ram) + 0x18000) - 0x4)

.text           0x00080000     0x5730
                0x00080000                . = ALIGN (0x4)
                0x00080000                _sfixed = .
 *(.vectors .vectors.*)
 .vectors       0x00080000       0xf4 src/ASF/sam/utils/cmsis/sam3x/source/templates/gcc/startup_sam3x.o
                0x00080000                exception_table
 *(.text .text.* .gnu.linkonce.t.*)
 .text          0x000800f4       0x54 c:/program files (x86)/atmel/atmel toolchain/arm gcc/native/4.8.1443/arm-gnu-toolchain/bin/../lib/gcc/arm-none-eabi/4.8.4/armv7-m/crtbegin.o
 .text.usart_serial_read_packet
                0x00080148       0xc4 src/ASF/common/services/serial/usart_serial.o
                0x00080148                usart_serial_read_packet
 .text._read    0x0008020c       0x40 src/ASF/common/utils/stdio/read.o
                0x0008020c                _read
 .text._write   0x0008024c       0x54 src/ASF/common/utils/stdio/write.o
                0x0008024c                _write
 .text.tc_init  0x000802a0       0x1c src/ASF/sam/drivers/tc/tc.o
                0x000802a0                tc_init
 .text.tc_set_block_mode
                0x000802bc        0x8 src/ASF/sam/drivers/tc/tc.o
                0x000802bc                tc_set_block_mode
 .text.tc_start
                0x000802c4        0x8 src/ASF/sam/drivers/tc/tc.o
                0x000802c4                tc_start
 .text.tc_stop  0x000802cc        0x8 src/ASF/sam/drivers/tc/tc.o
                0x000802cc                tc_stop
 .text.tc_read_cv
                0x000802d4        0x8 src/ASF/sam/drivers/tc/tc.o
                0x000802d4                tc_read_cv
 .text.uart_write
                0x000802dc       0x10 src/ASF/sam/drivers/uart/uart.o
                0x000802dc                uart_write
 .text.uart_read
                0x000802ec       0x14 src/ASF/sam/drivers/uart/uart.o
                0x000802ec                uart_read
 .text.usart_set_async_baudrate
                0x00080300       0x64 src/ASF/sam/drivers/usart/usart.o
                0x00080300                usart_set_async_baudrate
 .text.usart_reset
                0x00080364       0x28 src/ASF/sam/drivers/usart/usart.o
                0x00080364                usart_reset
 .text.usart_init_rs232
                0x0008038c       0x54 src/ASF/sam/drivers/usart/usart.o
                0x0008038c                usart_init_rs232
 .text.usart_enable_tx
                0x000803e0        0x8 src/ASF/sam/drivers/usart/usart.o
                0x000803e0                usart_enable_tx
 .text.usart_enable_rx
                0x000803e8        0x8 src/ASF/sam/drivers/usart/usart.o
                0x000803e8                usart_enable_rx
 .text.usart_write
                0x000803f0       0x14 src/ASF/sam/drivers/usart/usart.o
                0x000803f0                usart_write
 .text.usart_read
                0x00080404       0x18 src/ASF/sam/drivers/usart/usart.o
                0x00080404                usart_read
 .text.USART0_Handler
                0x0008041c       0x60 src/ASF/thirdparty/wireless/addons/sio2host/uart/sio2host.o
                0x0008041c                USART0_Handler
 .text.getX_diff
                0x0008047c        0x4 src/CalculateAngle.o
                0x0008047c                getX_diff
 .text.getY_diff
                0x00080480        0x4 src/CalculateAngle.o
                0x00080480                getY_diff
 *fill*         0x00080484        0x4 
 .text.calculateAngle
                0x00080488       0x88 src/CalculateAngle.o
                0x00080488                calculateAngle
 .text.calculateDistance
                0x00080510       0x28 src/CalculateAngle.o
                0x00080510                calculateDistance
 .text.initDrive
                0x00080538       0x94 src/Drive.o
                0x00080538                initDrive
 .text.driveTo  0x000805cc       0xfc src/Drive.o
                0x000805cc                driveTo
 .text.initRegulator
                0x000806c8        0x4 src/Regulator.o
                0x000806c8                initRegulator
 .text.P_regulator
                0x000806cc       0x78 src/Regulator.o
                0x000806cc                P_regulator
 .text.delayInit
                0x00080744       0x3c src/DelayFunctions.o
                0x00080744                delayInit
 .text.delayMicroseconds
                0x00080780       0x3c src/DelayFunctions.o
                0x00080780                delayMicroseconds
 .text.initMotor
                0x000807bc       0x18 src/Motorfunctions.o
                0x000807bc                initMotor
 .text.pulseLeft
                0x000807d4       0x18 src/Motorfunctions.o
                0x000807d4                pulseLeft
 .text.pulseRight
                0x000807ec       0x18 src/Motorfunctions.o
                0x000807ec                pulseRight
 .text.moveForward
                0x00080804       0x24 src/Motorfunctions.o
                0x00080804                moveForward
 .text.initRotateMotor
                0x00080828       0x94 src/Rotate.o
                0x00080828                initRotateMotor
 .text.startupMeasure1
                0x000808bc       0x14 src/Rotate.o
                0x000808bc                startupMeasure1
 .text.startupMeasure2
                0x000808d0       0x4c src/Rotate.o
                0x000808d0                startupMeasure2
 .text.updateDirection
                0x0008091c       0x2c src/Rotate.o
                0x0008091c                updateDirection
 .text.rotate   0x00080948      0x23c src/Rotate.o
                0x00080948                rotate
 .text.sysclk_init
                0x00080b84       0x64 src/ASF/common/services/clock/sam3x/sysclk.o
                0x00080b84                sysclk_init
 .text.board_init
                0x00080be8       0x88 src/ASF/sam/boards/arduino_due_x/init.o
                0x00080be8                board_init
 .text.pio_set_peripheral
                0x00080c70       0x40 src/ASF/sam/drivers/pio/pio.o
                0x00080c70                pio_set_peripheral
 .text.pio_set_input
                0x00080cb0       0x34 src/ASF/sam/drivers/pio/pio.o
                0x00080cb0                pio_set_input
 .text.pio_set_output
                0x00080ce4       0x28 src/ASF/sam/drivers/pio/pio.o
                0x00080ce4                pio_set_output
 .text.pio_get_interrupt_status
                0x00080d0c        0x4 src/ASF/sam/drivers/pio/pio.o
                0x00080d0c                pio_get_interrupt_status
 .text.pio_get_interrupt_mask
                0x00080d10        0x4 src/ASF/sam/drivers/pio/pio.o
                0x00080d10                pio_get_interrupt_mask
 .text.pio_configure_pin
                0x00080d14       0xd4 src/ASF/sam/drivers/pio/pio.o
                0x00080d14                pio_configure_pin
 .text.pio_configure_pin_group
                0x00080de8       0xa0 src/ASF/sam/drivers/pio/pio.o
                0x00080de8                pio_configure_pin_group
 .text.pio_handler_process
                0x00080e88       0x58 src/ASF/sam/drivers/pio/pio_handler.o
                0x00080e88                pio_handler_process
 .text.PIOA_Handler
                0x00080ee0       0x14 src/ASF/sam/drivers/pio/pio_handler.o
                0x00080ee0                PIOA_Handler
 .text.PIOB_Handler
                0x00080ef4       0x14 src/ASF/sam/drivers/pio/pio_handler.o
                0x00080ef4                PIOB_Handler
 .text.PIOC_Handler
                0x00080f08       0x14 src/ASF/sam/drivers/pio/pio_handler.o
                0x00080f08                PIOC_Handler
 .text.PIOD_Handler
                0x00080f1c       0x14 src/ASF/sam/drivers/pio/pio_handler.o
                0x00080f1c                PIOD_Handler
 .text.pmc_switch_mck_to_pllack
                0x00080f30       0x64 src/ASF/sam/drivers/pmc/pmc.o
                0x00080f30                pmc_switch_mck_to_pllack
 .text.pmc_switch_mainck_to_xtal
                0x00080f94       0x54 src/ASF/sam/drivers/pmc/pmc.o
                0x00080f94                pmc_switch_mainck_to_xtal
 .text.pmc_osc_is_ready_mainck
                0x00080fe8       0x10 src/ASF/sam/drivers/pmc/pmc.o
                0x00080fe8                pmc_osc_is_ready_mainck
 .text.pmc_disable_pllack
                0x00080ff8       0x10 src/ASF/sam/drivers/pmc/pmc.o
                0x00080ff8                pmc_disable_pllack
 .text.pmc_is_locked_pllack
                0x00081008       0x10 src/ASF/sam/drivers/pmc/pmc.o
                0x00081008                pmc_is_locked_pllack
 .text.pmc_enable_periph_clk
                0x00081018       0x58 src/ASF/sam/drivers/pmc/pmc.o
                0x00081018                pmc_enable_periph_clk
 .text.Dummy_Handler
                0x00081070        0x4 src/ASF/sam/utils/cmsis/sam3x/source/templates/exceptions.o
                0x00081070                DACC_Handler
                0x00081070                DebugMon_Handler
                0x00081070                DMAC_Handler
                0x00081070                TRNG_Handler
                0x00081070                HardFault_Handler
                0x00081070                TC2_Handler
                0x00081070                SysTick_Handler
                0x00081070                USART3_Handler
                0x00081070                TWI1_Handler
                0x00081070                PendSV_Handler
                0x00081070                NMI_Handler
                0x00081070                TC7_Handler
                0x00081070                ADC_Handler
                0x00081070                SMC_Handler
                0x00081070                RTT_Handler
                0x00081070                EFC1_Handler
                0x00081070                RTC_Handler
                0x00081070                UsageFault_Handler
                0x00081070                TC6_Handler
                0x00081070                WDT_Handler
                0x00081070                CAN0_Handler
                0x00081070                TC4_Handler
                0x00081070                TC1_Handler
                0x00081070                HSMCI_Handler
                0x00081070                TC3_Handler
                0x00081070                Dummy_Handler
                0x00081070                TWI0_Handler
                0x00081070                USART1_Handler
                0x00081070                SSC_Handler
                0x00081070                EFC0_Handler
                0x00081070                PMC_Handler
                0x00081070                PWM_Handler
                0x00081070                CAN1_Handler
                0x00081070                MemManage_Handler
                0x00081070                SUPC_Handler
                0x00081070                SVC_Handler
                0x00081070                TC8_Handler
                0x00081070                USART2_Handler
                0x00081070                EMAC_Handler
                0x00081070                UART_Handler
                0x00081070                BusFault_Handler
                0x00081070                RSTC_Handler
                0x00081070                TC0_Handler
                0x00081070                TC5_Handler
                0x00081070                UOTGHS_Handler
                0x00081070                SPI0_Handler
 .text.Reset_Handler
                0x00081074       0xb0 src/ASF/sam/utils/cmsis/sam3x/source/templates/gcc/startup_sam3x.o
                0x00081074                Reset_Handler
 .text.SystemCoreClockUpdate
                0x00081124      0x11c src/ASF/sam/utils/cmsis/sam3x/source/templates/system_sam3x.o
                0x00081124                SystemCoreClockUpdate
 .text._sbrk    0x00081240       0x34 src/ASF/sam/utils/syscalls/gcc/syscalls.o
                0x00081240                _sbrk
 .text._close   0x00081274        0x8 src/ASF/sam/utils/syscalls/gcc/syscalls.o
                0x00081274                _close
 .text._fstat   0x0008127c        0xc src/ASF/sam/utils/syscalls/gcc/syscalls.o
                0x0008127c                _fstat
 .text._isatty  0x00081288        0x4 src/ASF/sam/utils/syscalls/gcc/syscalls.o
                0x00081288                _isatty
 .text._lseek   0x0008128c        0x4 src/ASF/sam/utils/syscalls/gcc/syscalls.o
                0x0008128c                _lseek
 .text.usart_serial_getchar
                0x00081290       0xa8 src/main.o
 .text.usart_serial_putchar
                0x00081338       0xa8 src/main.o
 .text.main     0x000813e0      0x1c0 src/main.o
                0x000813e0                main
 .text.acos     0x000815a0       0xa8 c:/program files (x86)/atmel/atmel toolchain/arm gcc/native/4.8.1443/arm-gnu-toolchain/bin/../lib/gcc/arm-none-eabi/4.8.4/../../../../arm-none-eabi/lib/armv7-m\libm.a(lib_a-w_acos.o)
                0x000815a0                acos
 .text.sqrt     0x00081648       0xac c:/program files (x86)/atmel/atmel toolchain/arm gcc/native/4.8.1443/arm-gnu-toolchain/bin/../lib/gcc/arm-none-eabi/4.8.4/../../../../arm-none-eabi/lib/armv7-m\libm.a(lib_a-w_sqrt.o)
                0x00081648                sqrt
 *fill*         0x000816f4        0x4 
 .text.__ieee754_acos
                0x000816f8      0x4b8 c:/program files (x86)/atmel/atmel toolchain/arm gcc/native/4.8.1443/arm-gnu-toolchain/bin/../lib/gcc/arm-none-eabi/4.8.4/../../../../arm-none-eabi/lib/armv7-m\libm.a(lib_a-e_acos.o)
                0x000816f8                __ieee754_acos
 .text.__ieee754_sqrt
                0x00081bb0      0x180 c:/program files (x86)/atmel/atmel toolchain/arm gcc/native/4.8.1443/arm-gnu-toolchain/bin/../lib/gcc/arm-none-eabi/4.8.4/../../../../arm-none-eabi/lib/armv7-m\libm.a(lib_a-e_sqrt.o)
                0x00081bb0                __ieee754_sqrt
 .text.fabs     0x00081d30        0x8 c:/program files (x86)/atmel/atmel toolchain/arm gcc/native/4.8.1443/arm-gnu-toolchain/bin/../lib/gcc/arm-none-eabi/4.8.4/../../../../arm-none-eabi/lib/armv7-m\libm.a(lib_a-s_fabs.o)
                0x00081d30                fabs
 .text.__fpclassifyd
                0x00081d38       0x50 c:/program files (x86)/atmel/atmel toolchain/arm gcc/native/4.8.1443/arm-gnu-toolchain/bin/../lib/gcc/arm-none-eabi/4.8.4/../../../../arm-none-eabi/lib/armv7-m\libm.a(lib_a-s_fpclassify.o)
                0x00081d38                __fpclassifyd
 .text.matherr  0x00081d88        0x4 c:/program files (x86)/atmel/atmel toolchain/arm gcc/native/4.8.1443/arm-gnu-toolchain/bin/../lib/gcc/arm-none-eabi/4.8.4/../../../../arm-none-eabi/lib/armv7-m\libm.a(lib_a-s_matherr.o)
                0x00081d88                matherr
 .text.nan      0x00081d8c        0xc c:/program files (x86)/atmel/atmel toolchain/arm gcc/native/4.8.1443/arm-gnu-toolchain/bin/../lib/gcc/arm-none-eabi/4.8.4/../../../../arm-none-eabi/lib/armv7-m\libm.a(lib_a-s_nan.o)
                0x00081d8c                nan
 .text          0x00081d98      0x370 c:/program files (x86)/atmel/atmel toolchain/arm gcc/native/4.8.1443/arm-gnu-toolchain/bin/../lib/gcc/arm-none-eabi/4.8.4/armv7-m\libgcc.a(_arm_addsubdf3.o)
                0x00081d98                __aeabi_drsub
                0x00081da0                __aeabi_dsub
                0x00081da0                __subdf3
                0x00081da4                __aeabi_dadd
                0x00081da4                __adddf3
                0x0008201c                __floatunsidf
                0x0008201c                __aeabi_ui2d
                0x0008203c                __floatsidf
                0x0008203c                __aeabi_i2d
                0x00082060                __aeabi_f2d
                0x00082060                __extendsfdf2
                0x0008209c                __floatundidf
                0x0008209c                __aeabi_ul2d
                0x000820ac                __floatdidf
                0x000820ac                __aeabi_l2d
 .text          0x00082108      0x424 c:/program files (x86)/atmel/atmel toolchain/arm gcc/native/4.8.1443/arm-gnu-toolchain/bin/../lib/gcc/arm-none-eabi/4.8.4/armv7-m\libgcc.a(_arm_muldivdf3.o)
                0x00082108                __aeabi_dmul
                0x00082108                __muldf3
                0x0008235c                __divdf3
                0x0008235c                __aeabi_ddiv
 .text          0x0008252c      0x110 c:/program files (x86)/atmel/atmel toolchain/arm gcc/native/4.8.1443/arm-gnu-toolchain/bin/../lib/gcc/arm-none-eabi/4.8.4/armv7-m\libgcc.a(_arm_cmpdf2.o)
                0x0008252c                __gtdf2
                0x0008252c                __gedf2
                0x00082534                __ltdf2
                0x00082534                __ledf2
                0x0008253c                __nedf2
                0x0008253c                __eqdf2
                0x0008253c                __cmpdf2
                0x000825b8                __aeabi_cdrcmple
                0x000825c8                __aeabi_cdcmpeq
                0x000825c8                __aeabi_cdcmple
                0x000825d8                __aeabi_dcmpeq
                0x000825ec                __aeabi_dcmplt
                0x00082600                __aeabi_dcmple
                0x00082614                __aeabi_dcmpge
                0x00082628                __aeabi_dcmpgt
 .text          0x0008263c       0x50 c:/program files (x86)/atmel/atmel toolchain/arm gcc/native/4.8.1443/arm-gnu-toolchain/bin/../lib/gcc/arm-none-eabi/4.8.4/armv7-m\libgcc.a(_arm_fixdfsi.o)
                0x0008263c                __aeabi_d2iz
                0x0008263c                __fixdfsi
 .text.__errno  0x0008268c        0xc c:/program files (x86)/atmel/atmel toolchain/arm gcc/native/4.8.1443/arm-gnu-toolchain/bin/../lib/gcc/arm-none-eabi/4.8.4/../../../../arm-none-eabi/lib/armv7-m\libc.a(lib_a-errno.o)
                0x0008268c                __errno
 .text.__libc_init_array
                0x00082698       0x50 c:/program files (x86)/atmel/atmel toolchain/arm gcc/native/4.8.1443/arm-gnu-toolchain/bin/../lib/gcc/arm-none-eabi/4.8.4/../../../../arm-none-eabi/lib/armv7-m\libc.a(lib_a-init.o)
                0x00082698                __libc_init_array
 .text.iprintf  0x000826e8       0x28 c:/program files (x86)/atmel/atmel toolchain/arm gcc/native/4.8.1443/arm-gnu-toolchain/bin/../lib/gcc/arm-none-eabi/4.8.4/../../../../arm-none-eabi/lib/armv7-m\libc.a(lib_a-iprintf.o)
                0x000826e8                iprintf
 .text.memset   0x00082710       0x94 c:/program files (x86)/atmel/atmel toolchain/arm gcc/native/4.8.1443/arm-gnu-toolchain/bin/../lib/gcc/arm-none-eabi/4.8.4/../../../../arm-none-eabi/lib/armv7-m\libc.a(lib_a-memset.o)
                0x00082710                memset
 .text.setbuf   0x000827a4       0x10 c:/program files (x86)/atmel/atmel toolchain/arm gcc/native/4.8.1443/arm-gnu-toolchain/bin/../lib/gcc/arm-none-eabi/4.8.4/../../../../arm-none-eabi/lib/armv7-m\libc.a(lib_a-setbuf.o)
                0x000827a4                setbuf
 .text.setvbuf  0x000827b4      0x100 c:/program files (x86)/atmel/atmel toolchain/arm gcc/native/4.8.1443/arm-gnu-toolchain/bin/../lib/gcc/arm-none-eabi/4.8.4/../../../../arm-none-eabi/lib/armv7-m\libc.a(lib_a-setvbuf.o)
                0x000827b4                setvbuf
 .text.__sprint_r.part.0
                0x000828b4       0x78 c:/program files (x86)/atmel/atmel toolchain/arm gcc/native/4.8.1443/arm-gnu-toolchain/bin/../lib/gcc/arm-none-eabi/4.8.4/../../../../arm-none-eabi/lib/armv7-m\libc.a(lib_a-vfiprintf.o)
 .text._vfiprintf_r
                0x0008292c      0xc54 c:/program files (x86)/atmel/atmel toolchain/arm gcc/native/4.8.1443/arm-gnu-toolchain/bin/../lib/gcc/arm-none-eabi/4.8.4/../../../../arm-none-eabi/lib/armv7-m\libc.a(lib_a-vfiprintf.o)
                0x0008292c                _vfiprintf_r
 .text.__sbprintf
                0x00083580       0x7c c:/program files (x86)/atmel/atmel toolchain/arm gcc/native/4.8.1443/arm-gnu-toolchain/bin/../lib/gcc/arm-none-eabi/4.8.4/../../../../arm-none-eabi/lib/armv7-m\libc.a(lib_a-vfiprintf.o)
 .text.__swbuf_r
                0x000835fc       0xa8 c:/program files (x86)/atmel/atmel toolchain/arm gcc/native/4.8.1443/arm-gnu-toolchain/bin/../lib/gcc/arm-none-eabi/4.8.4/../../../../arm-none-eabi/lib/armv7-m\libc.a(lib_a-wbuf.o)
                0x000835fc                __swbuf_r
 .text.__swsetup_r
                0x000836a4       0xc4 c:/program files (x86)/atmel/atmel toolchain/arm gcc/native/4.8.1443/arm-gnu-toolchain/bin/../lib/gcc/arm-none-eabi/4.8.4/../../../../arm-none-eabi/lib/armv7-m\libc.a(lib_a-wsetup.o)
                0x000836a4                __swsetup_r
 .text.startup.register_fini
                0x00083768       0x14 c:/program files (x86)/atmel/atmel toolchain/arm gcc/native/4.8.1443/arm-gnu-toolchain/bin/../lib/gcc/arm-none-eabi/4.8.4/../../../../arm-none-eabi/lib/armv7-m\libc.a(lib_a-__call_atexit.o)
 .text.atexit   0x0008377c        0xc c:/program files (x86)/atmel/atmel toolchain/arm gcc/native/4.8.1443/arm-gnu-toolchain/bin/../lib/gcc/arm-none-eabi/4.8.4/../../../../arm-none-eabi/lib/armv7-m\libc.a(lib_a-atexit.o)
                0x0008377c                atexit
 .text.__sflush_r
                0x00083788      0x148 c:/program files (x86)/atmel/atmel toolchain/arm gcc/native/4.8.1443/arm-gnu-toolchain/bin/../lib/gcc/arm-none-eabi/4.8.4/../../../../arm-none-eabi/lib/armv7-m\libc.a(lib_a-fflush.o)
                0x00083788                __sflush_r
 .text._fflush_r
                0x000838d0       0x2c c:/program files (x86)/atmel/atmel toolchain/arm gcc/native/4.8.1443/arm-gnu-toolchain/bin/../lib/gcc/arm-none-eabi/4.8.4/../../../../arm-none-eabi/lib/armv7-m\libc.a(lib_a-fflush.o)
                0x000838d0                _fflush_r
 .text._cleanup_r
                0x000838fc        0xc c:/program files (x86)/atmel/atmel toolchain/arm gcc/native/4.8.1443/arm-gnu-toolchain/bin/../lib/gcc/arm-none-eabi/4.8.4/../../../../arm-none-eabi/lib/armv7-m\libc.a(lib_a-findfp.o)
                0x000838fc                _cleanup_r
 .text.__sinit  0x00083908       0xf4 c:/program files (x86)/atmel/atmel toolchain/arm gcc/native/4.8.1443/arm-gnu-toolchain/bin/../lib/gcc/arm-none-eabi/4.8.4/../../../../arm-none-eabi/lib/armv7-m\libc.a(lib_a-findfp.o)
                0x00083908                __sinit
 .text.__sfp_lock_acquire
                0x000839fc        0x4 c:/program files (x86)/atmel/atmel toolchain/arm gcc/native/4.8.1443/arm-gnu-toolchain/bin/../lib/gcc/arm-none-eabi/4.8.4/../../../../arm-none-eabi/lib/armv7-m\libc.a(lib_a-findfp.o)
                0x000839fc                __sfp_lock_acquire
 .text.__sfp_lock_release
                0x00083a00        0x4 c:/program files (x86)/atmel/atmel toolchain/arm gcc/native/4.8.1443/arm-gnu-toolchain/bin/../lib/gcc/arm-none-eabi/4.8.4/../../../../arm-none-eabi/lib/armv7-m\libc.a(lib_a-findfp.o)
                0x00083a00                __sfp_lock_release
 .text.__libc_fini_array
                0x00083a04       0x30 c:/program files (x86)/atmel/atmel toolchain/arm gcc/native/4.8.1443/arm-gnu-toolchain/bin/../lib/gcc/arm-none-eabi/4.8.4/../../../../arm-none-eabi/lib/armv7-m\libc.a(lib_a-fini.o)
                0x00083a04                __libc_fini_array
 .text._fputwc_r
                0x00083a34       0xc0 c:/program files (x86)/atmel/atmel toolchain/arm gcc/native/4.8.1443/arm-gnu-toolchain/bin/../lib/gcc/arm-none-eabi/4.8.4/../../../../arm-none-eabi/lib/armv7-m\libc.a(lib_a-fputwc.o)
                0x00083a34                _fputwc_r
 .text._malloc_trim_r
                0x00083af4       0x9c c:/program files (x86)/atmel/atmel toolchain/arm gcc/native/4.8.1443/arm-gnu-toolchain/bin/../lib/gcc/arm-none-eabi/4.8.4/../../../../arm-none-eabi/lib/armv7-m\libc.a(lib_a-freer.o)
                0x00083af4                _malloc_trim_r
 .text._free_r  0x00083b90      0x198 c:/program files (x86)/atmel/atmel toolchain/arm gcc/native/4.8.1443/arm-gnu-toolchain/bin/../lib/gcc/arm-none-eabi/4.8.4/../../../../arm-none-eabi/lib/armv7-m\libc.a(lib_a-freer.o)
                0x00083b90                _free_r
 .text.__sfvwrite_r
                0x00083d28      0x318 c:/program files (x86)/atmel/atmel toolchain/arm gcc/native/4.8.1443/arm-gnu-toolchain/bin/../lib/gcc/arm-none-eabi/4.8.4/../../../../arm-none-eabi/lib/armv7-m\libc.a(lib_a-fvwrite.o)
                0x00083d28                __sfvwrite_r
 .text._fwalk   0x00084040       0x48 c:/program files (x86)/atmel/atmel toolchain/arm gcc/native/4.8.1443/arm-gnu-toolchain/bin/../lib/gcc/arm-none-eabi/4.8.4/../../../../arm-none-eabi/lib/armv7-m\libc.a(lib_a-fwalk.o)
                0x00084040                _fwalk
 .text.__locale_charset
                0x00084088        0x8 c:/program files (x86)/atmel/atmel toolchain/arm gcc/native/4.8.1443/arm-gnu-toolchain/bin/../lib/gcc/arm-none-eabi/4.8.4/../../../../arm-none-eabi/lib/armv7-m\libc.a(lib_a-locale.o)
                0x00084088                __locale_charset
 .text.__locale_mb_cur_max
                0x00084090        0xc c:/program files (x86)/atmel/atmel toolchain/arm gcc/native/4.8.1443/arm-gnu-toolchain/bin/../lib/gcc/arm-none-eabi/4.8.4/../../../../arm-none-eabi/lib/armv7-m\libc.a(lib_a-locale.o)
                0x00084090                __locale_mb_cur_max
 .text.__smakebuf_r
                0x0008409c       0xe0 c:/program files (x86)/atmel/atmel toolchain/arm gcc/native/4.8.1443/arm-gnu-toolchain/bin/../lib/gcc/arm-none-eabi/4.8.4/../../../../arm-none-eabi/lib/armv7-m\libc.a(lib_a-makebuf.o)
                0x0008409c                __smakebuf_r
 .text.malloc   0x0008417c       0x10 c:/program files (x86)/atmel/atmel toolchain/arm gcc/native/4.8.1443/arm-gnu-toolchain/bin/../lib/gcc/arm-none-eabi/4.8.4/../../../../arm-none-eabi/lib/armv7-m\libc.a(lib_a-malloc.o)
                0x0008417c                malloc
 .text._malloc_r
                0x0008418c      0x538 c:/program files (x86)/atmel/atmel toolchain/arm gcc/native/4.8.1443/arm-gnu-toolchain/bin/../lib/gcc/arm-none-eabi/4.8.4/../../../../arm-none-eabi/lib/armv7-m\libc.a(lib_a-mallocr.o)
                0x0008418c                _malloc_r
 .text.memchr   0x000846c4       0x94 c:/program files (x86)/atmel/atmel toolchain/arm gcc/native/4.8.1443/arm-gnu-toolchain/bin/../lib/gcc/arm-none-eabi/4.8.4/../../../../arm-none-eabi/lib/armv7-m\libc.a(lib_a-memchr-stub.o)
                0x000846c4                memchr
 .text          0x00084758       0xec c:/program files (x86)/atmel/atmel toolchain/arm gcc/native/4.8.1443/arm-gnu-toolchain/bin/../lib/gcc/arm-none-eabi/4.8.4/../../../../arm-none-eabi/lib/armv7-m\libc.a(lib_a-memcpy.o)
                0x00084758                memcpy
 .text.memmove  0x00084844       0xcc c:/program files (x86)/atmel/atmel toolchain/arm gcc/native/4.8.1443/arm-gnu-toolchain/bin/../lib/gcc/arm-none-eabi/4.8.4/../../../../arm-none-eabi/lib/armv7-m\libc.a(lib_a-memmove.o)
                0x00084844                memmove
 .text.__malloc_lock
                0x00084910        0x4 c:/program files (x86)/atmel/atmel toolchain/arm gcc/native/4.8.1443/arm-gnu-toolchain/bin/../lib/gcc/arm-none-eabi/4.8.4/../../../../arm-none-eabi/lib/armv7-m\libc.a(lib_a-mlock.o)
                0x00084910                __malloc_lock
 .text.__malloc_unlock
                0x00084914        0x4 c:/program files (x86)/atmel/atmel toolchain/arm gcc/native/4.8.1443/arm-gnu-toolchain/bin/../lib/gcc/arm-none-eabi/4.8.4/../../../../arm-none-eabi/lib/armv7-m\libc.a(lib_a-mlock.o)
                0x00084914                __malloc_unlock
 .text._realloc_r
                0x00084918      0x3c0 c:/program files (x86)/atmel/atmel toolchain/arm gcc/native/4.8.1443/arm-gnu-toolchain/bin/../lib/gcc/arm-none-eabi/4.8.4/../../../../arm-none-eabi/lib/armv7-m\libc.a(lib_a-reallocr.o)
                0x00084918                _realloc_r
 .text._sbrk_r  0x00084cd8       0x24 c:/program files (x86)/atmel/atmel toolchain/arm gcc/native/4.8.1443/arm-gnu-toolchain/bin/../lib/gcc/arm-none-eabi/4.8.4/../../../../arm-none-eabi/lib/armv7-m\libc.a(lib_a-sbrkr.o)
                0x00084cd8                _sbrk_r
 .text.__sread  0x00084cfc       0x24 c:/program files (x86)/atmel/atmel toolchain/arm gcc/native/4.8.1443/arm-gnu-toolchain/bin/../lib/gcc/arm-none-eabi/4.8.4/../../../../arm-none-eabi/lib/armv7-m\libc.a(lib_a-stdio.o)
                0x00084cfc                __sread
 .text.__swrite
                0x00084d20       0x38 c:/program files (x86)/atmel/atmel toolchain/arm gcc/native/4.8.1443/arm-gnu-toolchain/bin/../lib/gcc/arm-none-eabi/4.8.4/../../../../arm-none-eabi/lib/armv7-m\libc.a(lib_a-stdio.o)
                0x00084d20                __swrite
 .text.__sseek  0x00084d58       0x20 c:/program files (x86)/atmel/atmel toolchain/arm gcc/native/4.8.1443/arm-gnu-toolchain/bin/../lib/gcc/arm-none-eabi/4.8.4/../../../../arm-none-eabi/lib/armv7-m\libc.a(lib_a-stdio.o)
                0x00084d58                __sseek
 .text.__sclose
                0x00084d78        0x8 c:/program files (x86)/atmel/atmel toolchain/arm gcc/native/4.8.1443/arm-gnu-toolchain/bin/../lib/gcc/arm-none-eabi/4.8.4/../../../../arm-none-eabi/lib/armv7-m\libc.a(lib_a-stdio.o)
                0x00084d78                __sclose
 .text.strlen   0x00084d80       0x60 c:/program files (x86)/atmel/atmel toolchain/arm gcc/native/4.8.1443/arm-gnu-toolchain/bin/../lib/gcc/arm-none-eabi/4.8.4/../../../../arm-none-eabi/lib/armv7-m\libc.a(lib_a-strlen.o)
                0x00084d80                strlen
 .text._wcrtomb_r
                0x00084de0       0x50 c:/program files (x86)/atmel/atmel toolchain/arm gcc/native/4.8.1443/arm-gnu-toolchain/bin/../lib/gcc/arm-none-eabi/4.8.4/../../../../arm-none-eabi/lib/armv7-m\libc.a(lib_a-wcrtomb.o)
                0x00084de0                _wcrtomb_r
 .text.__ascii_wctomb
                0x00084e30       0x1c c:/program files (x86)/atmel/atmel toolchain/arm gcc/native/4.8.1443/arm-gnu-toolchain/bin/../lib/gcc/arm-none-eabi/4.8.4/../../../../arm-none-eabi/lib/armv7-m\libc.a(lib_a-wctomb_r.o)
                0x00084e30                __ascii_wctomb
 .text._write_r
                0x00084e4c       0x28 c:/program files (x86)/atmel/atmel toolchain/arm gcc/native/4.8.1443/arm-gnu-toolchain/bin/../lib/gcc/arm-none-eabi/4.8.4/../../../../arm-none-eabi/lib/armv7-m\libc.a(lib_a-writer.o)
                0x00084e4c                _write_r
 .text.__register_exitproc
                0x00084e74       0xa8 c:/program files (x86)/atmel/atmel toolchain/arm gcc/native/4.8.1443/arm-gnu-toolchain/bin/../lib/gcc/arm-none-eabi/4.8.4/../../../../arm-none-eabi/lib/armv7-m\libc.a(lib_a-__atexit.o)
                0x00084e74                __register_exitproc
 .text._close_r
                0x00084f1c       0x24 c:/program files (x86)/atmel/atmel toolchain/arm gcc/native/4.8.1443/arm-gnu-toolchain/bin/../lib/gcc/arm-none-eabi/4.8.4/../../../../arm-none-eabi/lib/armv7-m\libc.a(lib_a-closer.o)
                0x00084f1c                _close_r
 .text._fclose_r
                0x00084f40       0x80 c:/program files (x86)/atmel/atmel toolchain/arm gcc/native/4.8.1443/arm-gnu-toolchain/bin/../lib/gcc/arm-none-eabi/4.8.4/../../../../arm-none-eabi/lib/armv7-m\libc.a(lib_a-fclose.o)
                0x00084f40                _fclose_r
 .text.fclose   0x00084fc0       0x10 c:/program files (x86)/atmel/atmel toolchain/arm gcc/native/4.8.1443/arm-gnu-toolchain/bin/../lib/gcc/arm-none-eabi/4.8.4/../../../../arm-none-eabi/lib/armv7-m\libc.a(lib_a-fclose.o)
                0x00084fc0                fclose
 .text._fstat_r
                0x00084fd0       0x28 c:/program files (x86)/atmel/atmel toolchain/arm gcc/native/4.8.1443/arm-gnu-toolchain/bin/../lib/gcc/arm-none-eabi/4.8.4/../../../../arm-none-eabi/lib/armv7-m\libc.a(lib_a-fstatr.o)
                0x00084fd0                _fstat_r
 .text._isatty_r
                0x00084ff8       0x24 c:/program files (x86)/atmel/atmel toolchain/arm gcc/native/4.8.1443/arm-gnu-toolchain/bin/../lib/gcc/arm-none-eabi/4.8.4/../../../../arm-none-eabi/lib/armv7-m\libc.a(lib_a-isattyr.o)
                0x00084ff8                _isatty_r
 .text._lseek_r
                0x0008501c       0x28 c:/program files (x86)/atmel/atmel toolchain/arm gcc/native/4.8.1443/arm-gnu-toolchain/bin/../lib/gcc/arm-none-eabi/4.8.4/../../../../arm-none-eabi/lib/armv7-m\libc.a(lib_a-lseekr.o)
                0x0008501c                _lseek_r
 .text._read_r  0x00085044       0x28 c:/program files (x86)/atmel/atmel toolchain/arm gcc/native/4.8.1443/arm-gnu-toolchain/bin/../lib/gcc/arm-none-eabi/4.8.4/../../../../arm-none-eabi/lib/armv7-m\libc.a(lib_a-readr.o)
                0x00085044                _read_r
 .text          0x0008506c       0x2c c:/program files (x86)/atmel/atmel toolchain/arm gcc/native/4.8.1443/arm-gnu-toolchain/bin/../lib/gcc/arm-none-eabi/4.8.4/armv7-m\libgcc.a(_aeabi_uldivmod.o)
                0x0008506c                __aeabi_uldivmod
 .text          0x00085098       0x60 c:/program files (x86)/atmel/atmel toolchain/arm gcc/native/4.8.1443/arm-gnu-toolchain/bin/../lib/gcc/arm-none-eabi/4.8.4/armv7-m\libgcc.a(bpabi.o)
                0x00085098                __gnu_ldivmod_helper
                0x000850c8                __gnu_uldivmod_helper
 .text          0x000850f8        0x4 c:/program files (x86)/atmel/atmel toolchain/arm gcc/native/4.8.1443/arm-gnu-toolchain/bin/../lib/gcc/arm-none-eabi/4.8.4/armv7-m\libgcc.a(_dvmd_tls.o)
                0x000850f8                __aeabi_idiv0
                0x000850f8                __aeabi_ldiv0
 .text          0x000850fc      0x2a0 c:/program files (x86)/atmel/atmel toolchain/arm gcc/native/4.8.1443/arm-gnu-toolchain/bin/../lib/gcc/arm-none-eabi/4.8.4/armv7-m\libgcc.a(_divdi3.o)
                0x000850fc                __divdi3
 .text          0x0008539c      0x290 c:/program files (x86)/atmel/atmel toolchain/arm gcc/native/4.8.1443/arm-gnu-toolchain/bin/../lib/gcc/arm-none-eabi/4.8.4/armv7-m\libgcc.a(_udivdi3.o)
                0x0008539c                __udivdi3
 *(.glue_7t)
 .glue_7t       0x00000000        0x0 linker stubs
 *(.glue_7)
 .glue_7        0x00000000        0x0 linker stubs
 *(.rodata .rodata* .gnu.linkonce.r.*)
 .rodata.str1.4
                0x0008562c       0x78 src/main.o
 .rodata.str1.4
                0x000856a4        0x5 c:/program files (x86)/atmel/atmel toolchain/arm gcc/native/4.8.1443/arm-gnu-toolchain/bin/../lib/gcc/arm-none-eabi/4.8.4/../../../../arm-none-eabi/lib/armv7-m\libm.a(lib_a-w_acos.o)
                                  0xc (size before relaxing)
 *fill*         0x000856a9        0x3 
 .rodata.str1.4
                0x000856ac        0x5 c:/program files (x86)/atmel/atmel toolchain/arm gcc/native/4.8.1443/arm-gnu-toolchain/bin/../lib/gcc/arm-none-eabi/4.8.4/../../../../arm-none-eabi/lib/armv7-m\libm.a(lib_a-w_sqrt.o)
                                  0x8 (size before relaxing)
 *fill*         0x000856b1        0x3 
 .rodata.str1.4
                0x000856b4        0x2 c:/program files (x86)/atmel/atmel toolchain/arm gcc/native/4.8.1443/arm-gnu-toolchain/bin/../lib/gcc/arm-none-eabi/4.8.4/../../../../arm-none-eabi/lib/armv7-m\libc.a(lib_a-impure.o)
                                  0x4 (size before relaxing)
 *fill*         0x000856b6        0x2 
 .rodata._global_impure_ptr
                0x000856b8        0x4 c:/program files (x86)/atmel/atmel toolchain/arm gcc/native/4.8.1443/arm-gnu-toolchain/bin/../lib/gcc/arm-none-eabi/4.8.4/../../../../arm-none-eabi/lib/armv7-m\libc.a(lib_a-impure.o)
                0x000856b8                _global_impure_ptr
 .rodata.str1.4
                0x000856bc       0x30 c:/program files (x86)/atmel/atmel toolchain/arm gcc/native/4.8.1443/arm-gnu-toolchain/bin/../lib/gcc/arm-none-eabi/4.8.4/../../../../arm-none-eabi/lib/armv7-m\libc.a(lib_a-vfiprintf.o)
 .rodata.zeroes.6721
                0x000856ec       0x10 c:/program files (x86)/atmel/atmel toolchain/arm gcc/native/4.8.1443/arm-gnu-toolchain/bin/../lib/gcc/arm-none-eabi/4.8.4/../../../../arm-none-eabi/lib/armv7-m\libc.a(lib_a-vfiprintf.o)
 .rodata.blanks.6720
                0x000856fc       0x10 c:/program files (x86)/atmel/atmel toolchain/arm gcc/native/4.8.1443/arm-gnu-toolchain/bin/../lib/gcc/arm-none-eabi/4.8.4/../../../../arm-none-eabi/lib/armv7-m\libc.a(lib_a-vfiprintf.o)
 *(.ARM.extab* .gnu.linkonce.armextab.*)
                0x0008570c                . = ALIGN (0x4)
 *(.init)
 .init          0x0008570c        0x4 c:/program files (x86)/atmel/atmel toolchain/arm gcc/native/4.8.1443/arm-gnu-toolchain/bin/../lib/gcc/arm-none-eabi/4.8.4/armv7-m/crti.o
                0x0008570c                _init
 .init          0x00085710        0x8 c:/program files (x86)/atmel/atmel toolchain/arm gcc/native/4.8.1443/arm-gnu-toolchain/bin/../lib/gcc/arm-none-eabi/4.8.4/armv7-m/crtn.o
                0x00085718                . = ALIGN (0x4)
                0x00085718                __preinit_array_start = .
 *(.preinit_array)
                0x00085718                __preinit_array_end = .
                0x00085718                . = ALIGN (0x4)
                0x00085718                __init_array_start = .
 *(SORT(.init_array.*))
 .init_array.00000
                0x00085718        0x4 c:/program files (x86)/atmel/atmel toolchain/arm gcc/native/4.8.1443/arm-gnu-toolchain/bin/../lib/gcc/arm-none-eabi/4.8.4/../../../../arm-none-eabi/lib/armv7-m\libc.a(lib_a-__call_atexit.o)
 *(.init_array)
 .init_array    0x0008571c        0x4 c:/program files (x86)/atmel/atmel toolchain/arm gcc/native/4.8.1443/arm-gnu-toolchain/bin/../lib/gcc/arm-none-eabi/4.8.4/armv7-m/crtbegin.o
                0x00085720                __init_array_end = .
                0x00085720                . = ALIGN (0x4)
 *crtbegin.o(.ctors)
 *(EXCLUDE_FILE(*crtend.o) .ctors)
 *(SORT(.ctors.*))
 *crtend.o(.ctors)
                0x00085720                . = ALIGN (0x4)
 *(.fini)
 .fini          0x00085720        0x4 c:/program files (x86)/atmel/atmel toolchain/arm gcc/native/4.8.1443/arm-gnu-toolchain/bin/../lib/gcc/arm-none-eabi/4.8.4/armv7-m/crti.o
                0x00085720                _fini
 .fini          0x00085724        0x8 c:/program files (x86)/atmel/atmel toolchain/arm gcc/native/4.8.1443/arm-gnu-toolchain/bin/../lib/gcc/arm-none-eabi/4.8.4/armv7-m/crtn.o
                0x0008572c                . = ALIGN (0x4)
                0x0008572c                __fini_array_start = .
 *(.fini_array)
 .fini_array    0x0008572c        0x4 c:/program files (x86)/atmel/atmel toolchain/arm gcc/native/4.8.1443/arm-gnu-toolchain/bin/../lib/gcc/arm-none-eabi/4.8.4/armv7-m/crtbegin.o
 *(SORT(.fini_array.*))
                0x00085730                __fini_array_end = .
 *crtbegin.o(.dtors)
 *(EXCLUDE_FILE(*crtend.o) .dtors)
 *(SORT(.dtors.*))
 *crtend.o(.dtors)
                0x00085730                . = ALIGN (0x4)
                0x00085730                _efixed = .
                0x00085730                PROVIDE (__exidx_start, .)

.vfp11_veneer   0x00085730        0x0
 .vfp11_veneer  0x00000000        0x0 linker stubs

.v4_bx          0x00085730        0x0
 .v4_bx         0x00000000        0x0 linker stubs

.iplt           0x00085730        0x0
 .iplt          0x00000000        0x0 c:/program files (x86)/atmel/atmel toolchain/arm gcc/native/4.8.1443/arm-gnu-toolchain/bin/../lib/gcc/arm-none-eabi/4.8.4/armv7-m/crtbegin.o

.ARM.exidx      0x00085730        0x8
 *(.ARM.exidx* .gnu.linkonce.armexidx.*)
 .ARM.exidx     0x00085730        0x8 c:/program files (x86)/atmel/atmel toolchain/arm gcc/native/4.8.1443/arm-gnu-toolchain/bin/../lib/gcc/arm-none-eabi/4.8.4/armv7-m\libgcc.a(_divdi3.o)
 .ARM.exidx     0x00085738        0x0 c:/program files (x86)/atmel/atmel toolchain/arm gcc/native/4.8.1443/arm-gnu-toolchain/bin/../lib/gcc/arm-none-eabi/4.8.4/armv7-m\libgcc.a(_udivdi3.o)
                                  0x8 (size before relaxing)
                0x00085738                PROVIDE (__exidx_end, .)

.eh_frame       0x00085738        0x0
 .eh_frame      0x00085738        0x0 c:/program files (x86)/atmel/atmel toolchain/arm gcc/native/4.8.1443/arm-gnu-toolchain/bin/../lib/gcc/arm-none-eabi/4.8.4/armv7-m/crtbegin.o

.rel.dyn        0x00085738        0x0
 .rel.iplt      0x00000000        0x0 c:/program files (x86)/atmel/atmel toolchain/arm gcc/native/4.8.1443/arm-gnu-toolchain/bin/../lib/gcc/arm-none-eabi/4.8.4/armv7-m/crtbegin.o

.jcr            0x00085738        0x0
 .jcr           0x00085738        0x0 c:/program files (x86)/atmel/atmel toolchain/arm gcc/native/4.8.1443/arm-gnu-toolchain/bin/../lib/gcc/arm-none-eabi/4.8.4/armv7-m/crtbegin.o

.igot.plt       0x00085738        0x0
 .igot.plt      0x00000000        0x0 c:/program files (x86)/atmel/atmel toolchain/arm gcc/native/4.8.1443/arm-gnu-toolchain/bin/../lib/gcc/arm-none-eabi/4.8.4/armv7-m/crtbegin.o
                0x00085738                . = ALIGN (0x4)
                0x00085738                _etext = .

.relocate       0x20070000      0x9ac load address 0x00085738
                0x20070000                . = ALIGN (0x4)
                0x20070000                _srelocate = .
 *(.ramfunc .ramfunc.*)
 .ramfunc       0x20070000      0x12c src/ASF/sam/utils/cmsis/sam3x/source/templates/system_sam3x.o
                0x20070000                SystemInit
                0x200700a4                system_init_flash
 *(.data .data.*)
 .data.Kp       0x2007012c        0x4 src/Regulator.o
                0x2007012c                Kp
 .data.speed    0x20070130        0x4 src/Regulator.o
                0x20070130                speed
 .data.g_interrupt_enabled
                0x20070134        0x1 src/ASF/common/utils/interrupt/interrupt_sam_nvic.o
                0x20070134                g_interrupt_enabled
 *fill*         0x20070135        0x3 
 .data.SystemCoreClock
                0x20070138        0x4 src/ASF/sam/utils/cmsis/sam3x/source/templates/system_sam3x.o
                0x20070138                SystemCoreClock
 .data.OB1x     0x2007013c        0x4 src/main.o
                0x2007013c                OB1x
 .data.OB1y     0x20070140        0x4 src/main.o
                0x20070140                OB1y
 .data.__fdlib_version
                0x20070144        0x1 c:/program files (x86)/atmel/atmel toolchain/arm gcc/native/4.8.1443/arm-gnu-toolchain/bin/../lib/gcc/arm-none-eabi/4.8.4/../../../../arm-none-eabi/lib/armv7-m\libm.a(lib_a-s_lib_ver.o)
                0x20070144                __fdlib_version
 *fill*         0x20070145        0x3 
 .data.impure_data
                0x20070148      0x428 c:/program files (x86)/atmel/atmel toolchain/arm gcc/native/4.8.1443/arm-gnu-toolchain/bin/../lib/gcc/arm-none-eabi/4.8.4/../../../../arm-none-eabi/lib/armv7-m\libc.a(lib_a-impure.o)
 .data._impure_ptr
                0x20070570        0x4 c:/program files (x86)/atmel/atmel toolchain/arm gcc/native/4.8.1443/arm-gnu-toolchain/bin/../lib/gcc/arm-none-eabi/4.8.4/../../../../arm-none-eabi/lib/armv7-m\libc.a(lib_a-impure.o)
                0x20070570                _impure_ptr
 .data.lc_ctype_charset
                0x20070574       0x20 c:/program files (x86)/atmel/atmel toolchain/arm gcc/native/4.8.1443/arm-gnu-toolchain/bin/../lib/gcc/arm-none-eabi/4.8.4/../../../../arm-none-eabi/lib/armv7-m\libc.a(lib_a-locale.o)
 .data.__mb_cur_max
                0x20070594        0x4 c:/program files (x86)/atmel/atmel toolchain/arm gcc/native/4.8.1443/arm-gnu-toolchain/bin/../lib/gcc/arm-none-eabi/4.8.4/../../../../arm-none-eabi/lib/armv7-m\libc.a(lib_a-locale.o)
                0x20070594                __mb_cur_max
 .data.__malloc_av_
                0x20070598      0x408 c:/program files (x86)/atmel/atmel toolchain/arm gcc/native/4.8.1443/arm-gnu-toolchain/bin/../lib/gcc/arm-none-eabi/4.8.4/../../../../arm-none-eabi/lib/armv7-m\libc.a(lib_a-mallocr.o)
                0x20070598                __malloc_av_
 .data.__malloc_trim_threshold
                0x200709a0        0x4 c:/program files (x86)/atmel/atmel toolchain/arm gcc/native/4.8.1443/arm-gnu-toolchain/bin/../lib/gcc/arm-none-eabi/4.8.4/../../../../arm-none-eabi/lib/armv7-m\libc.a(lib_a-mallocr.o)
                0x200709a0                __malloc_trim_threshold
 .data.__malloc_sbrk_base
                0x200709a4        0x4 c:/program files (x86)/atmel/atmel toolchain/arm gcc/native/4.8.1443/arm-gnu-toolchain/bin/../lib/gcc/arm-none-eabi/4.8.4/../../../../arm-none-eabi/lib/armv7-m\libc.a(lib_a-mallocr.o)
                0x200709a4                __malloc_sbrk_base
 .data.__wctomb
                0x200709a8        0x4 c:/program files (x86)/atmel/atmel toolchain/arm gcc/native/4.8.1443/arm-gnu-toolchain/bin/../lib/gcc/arm-none-eabi/4.8.4/../../../../arm-none-eabi/lib/armv7-m\libc.a(lib_a-wctomb_r.o)
                0x200709a8                __wctomb
                0x200709ac                . = ALIGN (0x4)
                0x200709ac                _erelocate = .

.bss            0x200709ac      0x198 load address 0x000860e4
                0x200709ac                . = ALIGN (0x4)
                0x200709ac                _sbss = .
                0x200709ac                _szero = .
 *(.bss .bss.*)
 .bss           0x200709ac       0x1c c:/program files (x86)/atmel/atmel toolchain/arm gcc/native/4.8.1443/arm-gnu-toolchain/bin/../lib/gcc/arm-none-eabi/4.8.4/armv7-m/crtbegin.o
 .bss.ul_reg_val.7230
                0x200709c8        0x4 src/ASF/sam/drivers/usart/usart.o
 .bss.serial_rx_buf
                0x200709cc       0x9c src/ASF/thirdparty/wireless/addons/sio2host/uart/sio2host.o
 .bss.serial_rx_buf_tail
                0x20070a68        0x1 src/ASF/thirdparty/wireless/addons/sio2host/uart/sio2host.o
 *fill*         0x20070a69        0x3 
 .bss.r_speed   0x20070a6c        0x4 src/Regulator.o
                0x20070a6c                r_speed
 .bss.l_speed   0x20070a70        0x4 src/Regulator.o
                0x20070a70                l_speed
 .bss.firsty    0x20070a74        0x2 src/Rotate.o
                0x20070a74                firsty
 *fill*         0x20070a76        0x2 
 .bss.l_count   0x20070a78        0x4 src/Rotate.o
                0x20070a78                l_count
 .bss.direction
                0x20070a7c        0x4 src/Rotate.o
                0x20070a7c                direction
 .bss.secondx   0x20070a80        0x2 src/Rotate.o
                0x20070a80                secondx
 .bss.secondy   0x20070a82        0x2 src/Rotate.o
                0x20070a82                secondy
 .bss.r_count   0x20070a84        0x4 src/Rotate.o
                0x20070a84                r_count
 .bss.firstx    0x20070a88        0x2 src/Rotate.o
                0x20070a88                firstx
 *fill*         0x20070a8a        0x2 
 .bss.gs_interrupt_sources
                0x20070a8c       0x70 src/ASF/sam/drivers/pio/pio_handler.o
 .bss.heap.5098
                0x20070afc        0x4 src/ASF/sam/utils/syscalls/gcc/syscalls.o
 .bss.__malloc_max_total_mem
                0x20070b00        0x4 c:/program files (x86)/atmel/atmel toolchain/arm gcc/native/4.8.1443/arm-gnu-toolchain/bin/../lib/gcc/arm-none-eabi/4.8.4/../../../../arm-none-eabi/lib/armv7-m\libc.a(lib_a-mallocr.o)
                0x20070b00                __malloc_max_total_mem
 .bss.__malloc_max_sbrked_mem
                0x20070b04        0x4 c:/program files (x86)/atmel/atmel toolchain/arm gcc/native/4.8.1443/arm-gnu-toolchain/bin/../lib/gcc/arm-none-eabi/4.8.4/../../../../arm-none-eabi/lib/armv7-m\libc.a(lib_a-mallocr.o)
                0x20070b04                __malloc_max_sbrked_mem
 .bss.__malloc_top_pad
                0x20070b08        0x4 c:/program files (x86)/atmel/atmel toolchain/arm gcc/native/4.8.1443/arm-gnu-toolchain/bin/../lib/gcc/arm-none-eabi/4.8.4/../../../../arm-none-eabi/lib/armv7-m\libc.a(lib_a-mallocr.o)
                0x20070b08                __malloc_top_pad
 .bss.__malloc_current_mallinfo
                0x20070b0c       0x28 c:/program files (x86)/atmel/atmel toolchain/arm gcc/native/4.8.1443/arm-gnu-toolchain/bin/../lib/gcc/arm-none-eabi/4.8.4/../../../../arm-none-eabi/lib/armv7-m\libc.a(lib_a-mallocr.o)
                0x20070b0c                __malloc_current_mallinfo
 *(COMMON)
 COMMON         0x20070b34        0x4 src/ASF/common/utils/stdio/read.o
                0x20070b34                ptr_get
 COMMON         0x20070b38        0x8 src/ASF/common/utils/stdio/write.o
                0x20070b38                ptr_put
                0x20070b3c                stdio_base
 COMMON         0x20070b40        0x4 c:/program files (x86)/atmel/atmel toolchain/arm gcc/native/4.8.1443/arm-gnu-toolchain/bin/../lib/gcc/arm-none-eabi/4.8.4/../../../../arm-none-eabi/lib/armv7-m\libc.a(lib_a-reent.o)
                0x20070b40                errno
                0x20070b44                . = ALIGN (0x4)
                0x20070b44                _ebss = .
                0x20070b44                _ezero = .

.stack          0x20070b44     0x2004 load address 0x0008627c
                0x20070b48                . = ALIGN (0x8)
 *fill*         0x20070b44        0x4 
                0x20070b48                _sstack = .
                0x20072b48                . = (. + __stack_size__)
 *fill*         0x20070b48     0x2000 
                0x20072b48                . = ALIGN (0x8)
                0x20072b48                _estack = .
                0x20072b48                . = ALIGN (0x4)
                0x20072b48                _end = .
OUTPUT(Test_AA.elf elf32-littlearm)

.ARM.attributes
                0x00000000       0x29
 .ARM.attributes
                0x00000000       0x1d c:/program files (x86)/atmel/atmel toolchain/arm gcc/native/4.8.1443/arm-gnu-toolchain/bin/../lib/gcc/arm-none-eabi/4.8.4/armv7-m/crti.o
 .ARM.attributes
                0x0000001d       0x2d c:/program files (x86)/atmel/atmel toolchain/arm gcc/native/4.8.1443/arm-gnu-toolchain/bin/../lib/gcc/arm-none-eabi/4.8.4/armv7-m/crtbegin.o
 .ARM.attributes
                0x0000004a       0x33 src/ASF/common/services/serial/usart_serial.o
 .ARM.attributes
                0x0000007d       0x33 src/ASF/common/utils/stdio/read.o
 .ARM.attributes
                0x000000b0       0x33 src/ASF/common/utils/stdio/write.o
 .ARM.attributes
                0x000000e3       0x33 src/ASF/sam/drivers/tc/tc.o
 .ARM.attributes
                0x00000116       0x33 src/ASF/sam/drivers/uart/uart.o
 .ARM.attributes
                0x00000149       0x33 src/ASF/sam/drivers/usart/usart.o
 .ARM.attributes
                0x0000017c       0x33 src/ASF/thirdparty/wireless/addons/sio2host/uart/sio2host.o
 .ARM.attributes
                0x000001af       0x33 src/CalculateAngle.o
 .ARM.attributes
                0x000001e2       0x33 src/Drive.o
 .ARM.attributes
                0x00000215       0x33 src/Regulator.o
 .ARM.attributes
                0x00000248       0x33 src/DelayFunctions.o
 .ARM.attributes
                0x0000027b       0x33 src/Motorfunctions.o
 .ARM.attributes
                0x000002ae       0x33 src/Rotate.o
 .ARM.attributes
                0x000002e1       0x33 src/ASF/common/services/clock/sam3x/sysclk.o
 .ARM.attributes
                0x00000314       0x33 src/ASF/common/utils/interrupt/interrupt_sam_nvic.o
 .ARM.attributes
                0x00000347       0x33 src/ASF/sam/boards/arduino_due_x/init.o
 .ARM.attributes
                0x0000037a       0x33 src/ASF/sam/drivers/pio/pio.o
 .ARM.attributes
                0x000003ad       0x33 src/ASF/sam/drivers/pio/pio_handler.o
 .ARM.attributes
                0x000003e0       0x33 src/ASF/sam/drivers/pmc/pmc.o
 .ARM.attributes
                0x00000413       0x33 src/ASF/sam/utils/cmsis/sam3x/source/templates/exceptions.o
 .ARM.attributes
                0x00000446       0x33 src/ASF/sam/utils/cmsis/sam3x/source/templates/gcc/startup_sam3x.o
 .ARM.attributes
                0x00000479       0x33 src/ASF/sam/utils/cmsis/sam3x/source/templates/system_sam3x.o
 .ARM.attributes
                0x000004ac       0x33 src/ASF/sam/utils/syscalls/gcc/syscalls.o
 .ARM.attributes
                0x000004df       0x33 src/main.o
 .ARM.attributes
                0x00000512       0x2d c:/program files (x86)/atmel/atmel toolchain/arm gcc/native/4.8.1443/arm-gnu-toolchain/bin/../lib/gcc/arm-none-eabi/4.8.4/../../../../arm-none-eabi/lib/armv7-m\libm.a(lib_a-w_acos.o)
 .ARM.attributes
                0x0000053f       0x2d c:/program files (x86)/atmel/atmel toolchain/arm gcc/native/4.8.1443/arm-gnu-toolchain/bin/../lib/gcc/arm-none-eabi/4.8.4/../../../../arm-none-eabi/lib/armv7-m\libm.a(lib_a-w_sqrt.o)
 .ARM.attributes
                0x0000056c       0x2d c:/program files (x86)/atmel/atmel toolchain/arm gcc/native/4.8.1443/arm-gnu-toolchain/bin/../lib/gcc/arm-none-eabi/4.8.4/../../../../arm-none-eabi/lib/armv7-m\libm.a(lib_a-e_acos.o)
 .ARM.attributes
                0x00000599       0x2d c:/program files (x86)/atmel/atmel toolchain/arm gcc/native/4.8.1443/arm-gnu-toolchain/bin/../lib/gcc/arm-none-eabi/4.8.4/../../../../arm-none-eabi/lib/armv7-m\libm.a(lib_a-e_sqrt.o)
 .ARM.attributes
                0x000005c6       0x2d c:/program files (x86)/atmel/atmel toolchain/arm gcc/native/4.8.1443/arm-gnu-toolchain/bin/../lib/gcc/arm-none-eabi/4.8.4/../../../../arm-none-eabi/lib/armv7-m\libm.a(lib_a-s_fabs.o)
 .ARM.attributes
                0x000005f3       0x2d c:/program files (x86)/atmel/atmel toolchain/arm gcc/native/4.8.1443/arm-gnu-toolchain/bin/../lib/gcc/arm-none-eabi/4.8.4/../../../../arm-none-eabi/lib/armv7-m\libm.a(lib_a-s_fpclassify.o)
 .ARM.attributes
                0x00000620       0x2d c:/program files (x86)/atmel/atmel toolchain/arm gcc/native/4.8.1443/arm-gnu-toolchain/bin/../lib/gcc/arm-none-eabi/4.8.4/../../../../arm-none-eabi/lib/armv7-m\libm.a(lib_a-s_lib_ver.o)
 .ARM.attributes
                0x0000064d       0x2d c:/program files (x86)/atmel/atmel toolchain/arm gcc/native/4.8.1443/arm-gnu-toolchain/bin/../lib/gcc/arm-none-eabi/4.8.4/../../../../arm-none-eabi/lib/armv7-m\libm.a(lib_a-s_matherr.o)
 .ARM.attributes
                0x0000067a       0x2d c:/program files (x86)/atmel/atmel toolchain/arm gcc/native/4.8.1443/arm-gnu-toolchain/bin/../lib/gcc/arm-none-eabi/4.8.4/../../../../arm-none-eabi/lib/armv7-m\libm.a(lib_a-s_nan.o)
 .ARM.attributes
                0x000006a7       0x1d c:/program files (x86)/atmel/atmel toolchain/arm gcc/native/4.8.1443/arm-gnu-toolchain/bin/../lib/gcc/arm-none-eabi/4.8.4/armv7-m\libgcc.a(_arm_addsubdf3.o)
 .ARM.attributes
                0x000006c4       0x1d c:/program files (x86)/atmel/atmel toolchain/arm gcc/native/4.8.1443/arm-gnu-toolchain/bin/../lib/gcc/arm-none-eabi/4.8.4/armv7-m\libgcc.a(_arm_muldivdf3.o)
 .ARM.attributes
                0x000006e1       0x1d c:/program files (x86)/atmel/atmel toolchain/arm gcc/native/4.8.1443/arm-gnu-toolchain/bin/../lib/gcc/arm-none-eabi/4.8.4/armv7-m\libgcc.a(_arm_cmpdf2.o)
 .ARM.attributes
                0x000006fe       0x1d c:/program files (x86)/atmel/atmel toolchain/arm gcc/native/4.8.1443/arm-gnu-toolchain/bin/../lib/gcc/arm-none-eabi/4.8.4/armv7-m\libgcc.a(_arm_fixdfsi.o)
 .ARM.attributes
                0x0000071b       0x2d c:/program files (x86)/atmel/atmel toolchain/arm gcc/native/4.8.1443/arm-gnu-toolchain/bin/../lib/gcc/arm-none-eabi/4.8.4/../../../../arm-none-eabi/lib/armv7-m\libc.a(lib_a-errno.o)
 .ARM.attributes
                0x00000748       0x2d c:/program files (x86)/atmel/atmel toolchain/arm gcc/native/4.8.1443/arm-gnu-toolchain/bin/../lib/gcc/arm-none-eabi/4.8.4/../../../../arm-none-eabi/lib/armv7-m\libc.a(lib_a-impure.o)
 .ARM.attributes
                0x00000775       0x2d c:/program files (x86)/atmel/atmel toolchain/arm gcc/native/4.8.1443/arm-gnu-toolchain/bin/../lib/gcc/arm-none-eabi/4.8.4/../../../../arm-none-eabi/lib/armv7-m\libc.a(lib_a-init.o)
 .ARM.attributes
                0x000007a2       0x2d c:/program files (x86)/atmel/atmel toolchain/arm gcc/native/4.8.1443/arm-gnu-toolchain/bin/../lib/gcc/arm-none-eabi/4.8.4/../../../../arm-none-eabi/lib/armv7-m\libc.a(lib_a-iprintf.o)
 .ARM.attributes
                0x000007cf       0x2d c:/program files (x86)/atmel/atmel toolchain/arm gcc/native/4.8.1443/arm-gnu-toolchain/bin/../lib/gcc/arm-none-eabi/4.8.4/../../../../arm-none-eabi/lib/armv7-m\libc.a(lib_a-memset.o)
 .ARM.attributes
                0x000007fc       0x2d c:/program files (x86)/atmel/atmel toolchain/arm gcc/native/4.8.1443/arm-gnu-toolchain/bin/../lib/gcc/arm-none-eabi/4.8.4/../../../../arm-none-eabi/lib/armv7-m\libc.a(lib_a-setbuf.o)
 .ARM.attributes
                0x00000829       0x2d c:/program files (x86)/atmel/atmel toolchain/arm gcc/native/4.8.1443/arm-gnu-toolchain/bin/../lib/gcc/arm-none-eabi/4.8.4/../../../../arm-none-eabi/lib/armv7-m\libc.a(lib_a-setvbuf.o)
 .ARM.attributes
                0x00000856       0x2d c:/program files (x86)/atmel/atmel toolchain/arm gcc/native/4.8.1443/arm-gnu-toolchain/bin/../lib/gcc/arm-none-eabi/4.8.4/../../../../arm-none-eabi/lib/armv7-m\libc.a(lib_a-vfiprintf.o)
 .ARM.attributes
                0x00000883       0x2d c:/program files (x86)/atmel/atmel toolchain/arm gcc/native/4.8.1443/arm-gnu-toolchain/bin/../lib/gcc/arm-none-eabi/4.8.4/../../../../arm-none-eabi/lib/armv7-m\libc.a(lib_a-wbuf.o)
 .ARM.attributes
                0x000008b0       0x2d c:/program files (x86)/atmel/atmel toolchain/arm gcc/native/4.8.1443/arm-gnu-toolchain/bin/../lib/gcc/arm-none-eabi/4.8.4/../../../../arm-none-eabi/lib/armv7-m\libc.a(lib_a-wsetup.o)
 .ARM.attributes
                0x000008dd       0x2d c:/program files (x86)/atmel/atmel toolchain/arm gcc/native/4.8.1443/arm-gnu-toolchain/bin/../lib/gcc/arm-none-eabi/4.8.4/../../../../arm-none-eabi/lib/armv7-m\libc.a(lib_a-__call_atexit.o)
 .ARM.attributes
                0x0000090a       0x2d c:/program files (x86)/atmel/atmel toolchain/arm gcc/native/4.8.1443/arm-gnu-toolchain/bin/../lib/gcc/arm-none-eabi/4.8.4/../../../../arm-none-eabi/lib/armv7-m\libc.a(lib_a-atexit.o)
 .ARM.attributes
                0x00000937       0x2d c:/program files (x86)/atmel/atmel toolchain/arm gcc/native/4.8.1443/arm-gnu-toolchain/bin/../lib/gcc/arm-none-eabi/4.8.4/../../../../arm-none-eabi/lib/armv7-m\libc.a(lib_a-fflush.o)
 .ARM.attributes
                0x00000964       0x2d c:/program files (x86)/atmel/atmel toolchain/arm gcc/native/4.8.1443/arm-gnu-toolchain/bin/../lib/gcc/arm-none-eabi/4.8.4/../../../../arm-none-eabi/lib/armv7-m\libc.a(lib_a-findfp.o)
 .ARM.attributes
                0x00000991       0x2d c:/program files (x86)/atmel/atmel toolchain/arm gcc/native/4.8.1443/arm-gnu-toolchain/bin/../lib/gcc/arm-none-eabi/4.8.4/../../../../arm-none-eabi/lib/armv7-m\libc.a(lib_a-fini.o)
 .ARM.attributes
                0x000009be       0x2d c:/program files (x86)/atmel/atmel toolchain/arm gcc/native/4.8.1443/arm-gnu-toolchain/bin/../lib/gcc/arm-none-eabi/4.8.4/../../../../arm-none-eabi/lib/armv7-m\libc.a(lib_a-fputwc.o)
 .ARM.attributes
                0x000009eb       0x2d c:/program files (x86)/atmel/atmel toolchain/arm gcc/native/4.8.1443/arm-gnu-toolchain/bin/../lib/gcc/arm-none-eabi/4.8.4/../../../../arm-none-eabi/lib/armv7-m\libc.a(lib_a-freer.o)
 .ARM.attributes
                0x00000a18       0x2d c:/program files (x86)/atmel/atmel toolchain/arm gcc/native/4.8.1443/arm-gnu-toolchain/bin/../lib/gcc/arm-none-eabi/4.8.4/../../../../arm-none-eabi/lib/armv7-m\libc.a(lib_a-fvwrite.o)
 .ARM.attributes
                0x00000a45       0x2d c:/program files (x86)/atmel/atmel toolchain/arm gcc/native/4.8.1443/arm-gnu-toolchain/bin/../lib/gcc/arm-none-eabi/4.8.4/../../../../arm-none-eabi/lib/armv7-m\libc.a(lib_a-fwalk.o)
 .ARM.attributes
                0x00000a72       0x2d c:/program files (x86)/atmel/atmel toolchain/arm gcc/native/4.8.1443/arm-gnu-toolchain/bin/../lib/gcc/arm-none-eabi/4.8.4/../../../../arm-none-eabi/lib/armv7-m\libc.a(lib_a-locale.o)
 .ARM.attributes
                0x00000a9f       0x2d c:/program files (x86)/atmel/atmel toolchain/arm gcc/native/4.8.1443/arm-gnu-toolchain/bin/../lib/gcc/arm-none-eabi/4.8.4/../../../../arm-none-eabi/lib/armv7-m\libc.a(lib_a-makebuf.o)
 .ARM.attributes
                0x00000acc       0x2d c:/program files (x86)/atmel/atmel toolchain/arm gcc/native/4.8.1443/arm-gnu-toolchain/bin/../lib/gcc/arm-none-eabi/4.8.4/../../../../arm-none-eabi/lib/armv7-m\libc.a(lib_a-malloc.o)
 .ARM.attributes
                0x00000af9       0x2d c:/program files (x86)/atmel/atmel toolchain/arm gcc/native/4.8.1443/arm-gnu-toolchain/bin/../lib/gcc/arm-none-eabi/4.8.4/../../../../arm-none-eabi/lib/armv7-m\libc.a(lib_a-mallocr.o)
 .ARM.attributes
                0x00000b26       0x2d c:/program files (x86)/atmel/atmel toolchain/arm gcc/native/4.8.1443/arm-gnu-toolchain/bin/../lib/gcc/arm-none-eabi/4.8.4/../../../../arm-none-eabi/lib/armv7-m\libc.a(lib_a-memchr-stub.o)
 .ARM.attributes
                0x00000b53       0x1b c:/program files (x86)/atmel/atmel toolchain/arm gcc/native/4.8.1443/arm-gnu-toolchain/bin/../lib/gcc/arm-none-eabi/4.8.4/../../../../arm-none-eabi/lib/armv7-m\libc.a(lib_a-memcpy.o)
 .ARM.attributes
                0x00000b6e       0x2d c:/program files (x86)/atmel/atmel toolchain/arm gcc/native/4.8.1443/arm-gnu-toolchain/bin/../lib/gcc/arm-none-eabi/4.8.4/../../../../arm-none-eabi/lib/armv7-m\libc.a(lib_a-memmove.o)
 .ARM.attributes
                0x00000b9b       0x2d c:/program files (x86)/atmel/atmel toolchain/arm gcc/native/4.8.1443/arm-gnu-toolchain/bin/../lib/gcc/arm-none-eabi/4.8.4/../../../../arm-none-eabi/lib/armv7-m\libc.a(lib_a-mlock.o)
 .ARM.attributes
                0x00000bc8       0x2d c:/program files (x86)/atmel/atmel toolchain/arm gcc/native/4.8.1443/arm-gnu-toolchain/bin/../lib/gcc/arm-none-eabi/4.8.4/../../../../arm-none-eabi/lib/armv7-m\libc.a(lib_a-reallocr.o)
 .ARM.attributes
                0x00000bf5       0x2d c:/program files (x86)/atmel/atmel toolchain/arm gcc/native/4.8.1443/arm-gnu-toolchain/bin/../lib/gcc/arm-none-eabi/4.8.4/../../../../arm-none-eabi/lib/armv7-m\libc.a(lib_a-sbrkr.o)
 .ARM.attributes
                0x00000c22       0x2d c:/program files (x86)/atmel/atmel toolchain/arm gcc/native/4.8.1443/arm-gnu-toolchain/bin/../lib/gcc/arm-none-eabi/4.8.4/../../../../arm-none-eabi/lib/armv7-m\libc.a(lib_a-stdio.o)
 .ARM.attributes
                0x00000c4f       0x2d c:/program files (x86)/atmel/atmel toolchain/arm gcc/native/4.8.1443/arm-gnu-toolchain/bin/../lib/gcc/arm-none-eabi/4.8.4/../../../../arm-none-eabi/lib/armv7-m\libc.a(lib_a-strlen.o)
 .ARM.attributes
                0x00000c7c       0x2d c:/program files (x86)/atmel/atmel toolchain/arm gcc/native/4.8.1443/arm-gnu-toolchain/bin/../lib/gcc/arm-none-eabi/4.8.4/../../../../arm-none-eabi/lib/armv7-m\libc.a(lib_a-wcrtomb.o)
 .ARM.attributes
                0x00000ca9       0x2d c:/program files (x86)/atmel/atmel toolchain/arm gcc/native/4.8.1443/arm-gnu-toolchain/bin/../lib/gcc/arm-none-eabi/4.8.4/../../../../arm-none-eabi/lib/armv7-m\libc.a(lib_a-wctomb_r.o)
 .ARM.attributes
                0x00000cd6       0x2d c:/program files (x86)/atmel/atmel toolchain/arm gcc/native/4.8.1443/arm-gnu-toolchain/bin/../lib/gcc/arm-none-eabi/4.8.4/../../../../arm-none-eabi/lib/armv7-m\libc.a(lib_a-writer.o)
 .ARM.attributes
                0x00000d03       0x2d c:/program files (x86)/atmel/atmel toolchain/arm gcc/native/4.8.1443/arm-gnu-toolchain/bin/../lib/gcc/arm-none-eabi/4.8.4/../../../../arm-none-eabi/lib/armv7-m\libc.a(lib_a-__atexit.o)
 .ARM.attributes
                0x00000d30       0x2d c:/program files (x86)/atmel/atmel toolchain/arm gcc/native/4.8.1443/arm-gnu-toolchain/bin/../lib/gcc/arm-none-eabi/4.8.4/../../../../arm-none-eabi/lib/armv7-m\libc.a(lib_a-closer.o)
 .ARM.attributes
                0x00000d5d       0x2d c:/program files (x86)/atmel/atmel toolchain/arm gcc/native/4.8.1443/arm-gnu-toolchain/bin/../lib/gcc/arm-none-eabi/4.8.4/../../../../arm-none-eabi/lib/armv7-m\libc.a(lib_a-fclose.o)
 .ARM.attributes
                0x00000d8a       0x2d c:/program files (x86)/atmel/atmel toolchain/arm gcc/native/4.8.1443/arm-gnu-toolchain/bin/../lib/gcc/arm-none-eabi/4.8.4/../../../../arm-none-eabi/lib/armv7-m\libc.a(lib_a-fstatr.o)
 .ARM.attributes
                0x00000db7       0x2d c:/program files (x86)/atmel/atmel toolchain/arm gcc/native/4.8.1443/arm-gnu-toolchain/bin/../lib/gcc/arm-none-eabi/4.8.4/../../../../arm-none-eabi/lib/armv7-m\libc.a(lib_a-isattyr.o)
 .ARM.attributes
                0x00000de4       0x2d c:/program files (x86)/atmel/atmel toolchain/arm gcc/native/4.8.1443/arm-gnu-toolchain/bin/../lib/gcc/arm-none-eabi/4.8.4/../../../../arm-none-eabi/lib/armv7-m\libc.a(lib_a-lseekr.o)
 .ARM.attributes
                0x00000e11       0x2d c:/program files (x86)/atmel/atmel toolchain/arm gcc/native/4.8.1443/arm-gnu-toolchain/bin/../lib/gcc/arm-none-eabi/4.8.4/../../../../arm-none-eabi/lib/armv7-m\libc.a(lib_a-readr.o)
 .ARM.attributes
                0x00000e3e       0x2d c:/program files (x86)/atmel/atmel toolchain/arm gcc/native/4.8.1443/arm-gnu-toolchain/bin/../lib/gcc/arm-none-eabi/4.8.4/../../../../arm-none-eabi/lib/armv7-m\libc.a(lib_a-reent.o)
 .ARM.attributes
                0x00000e6b       0x1d c:/program files (x86)/atmel/atmel toolchain/arm gcc/native/4.8.1443/arm-gnu-toolchain/bin/../lib/gcc/arm-none-eabi/4.8.4/armv7-m\libgcc.a(_aeabi_uldivmod.o)
 .ARM.attributes
                0x00000e88       0x2d c:/program files (x86)/atmel/atmel toolchain/arm gcc/native/4.8.1443/arm-gnu-toolchain/bin/../lib/gcc/arm-none-eabi/4.8.4/armv7-m\libgcc.a(bpabi.o)
 .ARM.attributes
                0x00000eb5       0x1d c:/program files (x86)/atmel/atmel toolchain/arm gcc/native/4.8.1443/arm-gnu-toolchain/bin/../lib/gcc/arm-none-eabi/4.8.4/armv7-m\libgcc.a(_dvmd_tls.o)
 .ARM.attributes
                0x00000ed2       0x2d c:/program files (x86)/atmel/atmel toolchain/arm gcc/native/4.8.1443/arm-gnu-toolchain/bin/../lib/gcc/arm-none-eabi/4.8.4/armv7-m\libgcc.a(_divdi3.o)
 .ARM.attributes
                0x00000eff       0x2d c:/program files (x86)/atmel/atmel toolchain/arm gcc/native/4.8.1443/arm-gnu-toolchain/bin/../lib/gcc/arm-none-eabi/4.8.4/armv7-m\libgcc.a(_udivdi3.o)
 .ARM.attributes
                0x00000f2c       0x1d c:/program files (x86)/atmel/atmel toolchain/arm gcc/native/4.8.1443/arm-gnu-toolchain/bin/../lib/gcc/arm-none-eabi/4.8.4/armv7-m/crtn.o

.comment        0x00000000       0x5b
 .comment       0x00000000       0x5b src/ASF/common/services/serial/usart_serial.o
                                 0x5c (size before relaxing)
 .comment       0x00000000       0x5c src/ASF/common/utils/stdio/read.o
 .comment       0x00000000       0x5c src/ASF/common/utils/stdio/write.o
 .comment       0x00000000       0x5c src/ASF/sam/drivers/tc/tc.o
 .comment       0x00000000       0x5c src/ASF/sam/drivers/uart/uart.o
 .comment       0x00000000       0x5c src/ASF/sam/drivers/usart/usart.o
 .comment       0x00000000       0x5c src/ASF/thirdparty/wireless/addons/sio2host/uart/sio2host.o
 .comment       0x00000000       0x5c src/CalculateAngle.o
 .comment       0x00000000       0x5c src/Drive.o
 .comment       0x00000000       0x5c src/Regulator.o
 .comment       0x00000000       0x5c src/DelayFunctions.o
 .comment       0x00000000       0x5c src/Motorfunctions.o
 .comment       0x00000000       0x5c src/Rotate.o
 .comment       0x00000000       0x5c src/ASF/common/services/clock/sam3x/sysclk.o
 .comment       0x00000000       0x5c src/ASF/common/utils/interrupt/interrupt_sam_nvic.o
 .comment       0x00000000       0x5c src/ASF/sam/boards/arduino_due_x/init.o
 .comment       0x00000000       0x5c src/ASF/sam/drivers/pio/pio.o
 .comment       0x00000000       0x5c src/ASF/sam/drivers/pio/pio_handler.o
 .comment       0x00000000       0x5c src/ASF/sam/drivers/pmc/pmc.o
 .comment       0x00000000       0x5c src/ASF/sam/utils/cmsis/sam3x/source/templates/exceptions.o
 .comment       0x00000000       0x5c src/ASF/sam/utils/cmsis/sam3x/source/templates/gcc/startup_sam3x.o
 .comment       0x00000000       0x5c src/ASF/sam/utils/cmsis/sam3x/source/templates/system_sam3x.o
 .comment       0x00000000       0x5c src/ASF/sam/utils/syscalls/gcc/syscalls.o
 .comment       0x00000000       0x5c src/main.o

.debug_info     0x00000000    0x11b11
 .debug_info    0x00000000      0x7c5 src/ASF/common/services/serial/usart_serial.o
 .debug_info    0x000007c5      0x1bb src/ASF/common/utils/stdio/read.o
 .debug_info    0x00000980      0x1c0 src/ASF/common/utils/stdio/write.o
 .debug_info    0x00000b40      0x94f src/ASF/sam/drivers/tc/tc.o
 .debug_info    0x0000148f      0x889 src/ASF/sam/drivers/uart/uart.o
 .debug_info    0x00001d18     0x1bfa src/ASF/sam/drivers/usart/usart.o
 .debug_info    0x00003912     0x187d src/ASF/thirdparty/wireless/addons/sio2host/uart/sio2host.o
 .debug_info    0x0000518f      0x245 src/CalculateAngle.o
 .debug_info    0x000053d4     0x1952 src/Drive.o
 .debug_info    0x00006d26      0xb00 src/Regulator.o
 .debug_info    0x00007826      0xd12 src/DelayFunctions.o
 .debug_info    0x00008538     0x1264 src/Motorfunctions.o
 .debug_info    0x0000979c     0x1ab6 src/Rotate.o
 .debug_info    0x0000b252      0x796 src/ASF/common/services/clock/sam3x/sysclk.o
 .debug_info    0x0000b9e8      0x1e8 src/ASF/common/utils/interrupt/interrupt_sam_nvic.o
 .debug_info    0x0000bbd0      0x8ca src/ASF/sam/boards/arduino_due_x/init.o
 .debug_info    0x0000c49a     0x1385 src/ASF/sam/drivers/pio/pio.o
 .debug_info    0x0000d81f      0xe52 src/ASF/sam/drivers/pio/pio_handler.o
 .debug_info    0x0000e671     0x1080 src/ASF/sam/drivers/pmc/pmc.o
 .debug_info    0x0000f6f1      0x124 src/ASF/sam/utils/cmsis/sam3x/source/templates/exceptions.o
 .debug_info    0x0000f815      0x3bd src/ASF/sam/utils/cmsis/sam3x/source/templates/gcc/startup_sam3x.o
 .debug_info    0x0000fbd2      0x4c6 src/ASF/sam/utils/cmsis/sam3x/source/templates/system_sam3x.o
 .debug_info    0x00010098      0x43f src/ASF/sam/utils/syscalls/gcc/syscalls.o
 .debug_info    0x000104d7     0x163a src/main.o

.debug_abbrev   0x00000000     0x3042
 .debug_abbrev  0x00000000      0x1a8 src/ASF/common/services/serial/usart_serial.o
 .debug_abbrev  0x000001a8      0x101 src/ASF/common/utils/stdio/read.o
 .debug_abbrev  0x000002a9       0xf5 src/ASF/common/utils/stdio/write.o
 .debug_abbrev  0x0000039e      0x1bb src/ASF/sam/drivers/tc/tc.o
 .debug_abbrev  0x00000559      0x1bd src/ASF/sam/drivers/uart/uart.o
 .debug_abbrev  0x00000716      0x325 src/ASF/sam/drivers/usart/usart.o
 .debug_abbrev  0x00000a3b      0x3da src/ASF/thirdparty/wireless/addons/sio2host/uart/sio2host.o
 .debug_abbrev  0x00000e15       0xf0 src/CalculateAngle.o
 .debug_abbrev  0x00000f05      0x300 src/Drive.o
 .debug_abbrev  0x00001205      0x218 src/Regulator.o
 .debug_abbrev  0x0000141d      0x1de src/DelayFunctions.o
 .debug_abbrev  0x000015fb      0x2c0 src/Motorfunctions.o
 .debug_abbrev  0x000018bb      0x365 src/Rotate.o
 .debug_abbrev  0x00001c20      0x227 src/ASF/common/services/clock/sam3x/sysclk.o
 .debug_abbrev  0x00001e47       0xef src/ASF/common/utils/interrupt/interrupt_sam_nvic.o
 .debug_abbrev  0x00001f36      0x1cd src/ASF/sam/boards/arduino_due_x/init.o
 .debug_abbrev  0x00002103      0x2d5 src/ASF/sam/drivers/pio/pio.o
 .debug_abbrev  0x000023d8      0x257 src/ASF/sam/drivers/pio/pio_handler.o
 .debug_abbrev  0x0000262f      0x268 src/ASF/sam/drivers/pmc/pmc.o
 .debug_abbrev  0x00002897       0x8c src/ASF/sam/utils/cmsis/sam3x/source/templates/exceptions.o
 .debug_abbrev  0x00002923      0x118 src/ASF/sam/utils/cmsis/sam3x/source/templates/gcc/startup_sam3x.o
 .debug_abbrev  0x00002a3b      0x115 src/ASF/sam/utils/cmsis/sam3x/source/templates/system_sam3x.o
 .debug_abbrev  0x00002b50      0x14e src/ASF/sam/utils/syscalls/gcc/syscalls.o
 .debug_abbrev  0x00002c9e      0x3a4 src/main.o

.debug_loc      0x00000000     0x5014
 .debug_loc     0x00000000      0x2d1 src/ASF/common/services/serial/usart_serial.o
 .debug_loc     0x000002d1       0xc5 src/ASF/common/utils/stdio/read.o
 .debug_loc     0x00000396      0x161 src/ASF/common/utils/stdio/write.o
 .debug_loc     0x000004f7      0x57a src/ASF/sam/drivers/tc/tc.o
 .debug_loc     0x00000a71      0x236 src/ASF/sam/drivers/uart/uart.o
 .debug_loc     0x00000ca7     0x128d src/ASF/sam/drivers/usart/usart.o
 .debug_loc     0x00001f34      0x4b5 src/ASF/thirdparty/wireless/addons/sio2host/uart/sio2host.o
 .debug_loc     0x000023e9      0x1c0 src/CalculateAngle.o
 .debug_loc     0x000025a9      0x386 src/Drive.o
 .debug_loc     0x0000292f       0xf3 src/Regulator.o
 .debug_loc     0x00002a22       0x6c src/DelayFunctions.o
 .debug_loc     0x00002a8e       0xef src/Motorfunctions.o
 .debug_loc     0x00002b7d      0x282 src/Rotate.o
 .debug_loc     0x00002dff      0x12d src/ASF/common/services/clock/sam3x/sysclk.o
 .debug_loc     0x00002f2c       0x1e src/ASF/common/utils/interrupt/interrupt_sam_nvic.o
 .debug_loc     0x00002f4a       0x20 src/ASF/sam/boards/arduino_due_x/init.o
 .debug_loc     0x00002f6a      0xa83 src/ASF/sam/drivers/pio/pio.o
 .debug_loc     0x000039ed      0x53d src/ASF/sam/drivers/pio/pio_handler.o
 .debug_loc     0x00003f2a      0xc95 src/ASF/sam/drivers/pmc/pmc.o
 .debug_loc     0x00004bbf       0x7e src/ASF/sam/utils/cmsis/sam3x/source/templates/gcc/startup_sam3x.o
 .debug_loc     0x00004c3d      0x12b src/ASF/sam/utils/syscalls/gcc/syscalls.o
 .debug_loc     0x00004d68      0x2ac src/main.o

.debug_aranges  0x00000000      0xb88
 .debug_aranges
                0x00000000       0x28 src/ASF/common/services/serial/usart_serial.o
 .debug_aranges
                0x00000028       0x20 src/ASF/common/utils/stdio/read.o
 .debug_aranges
                0x00000048       0x20 src/ASF/common/utils/stdio/write.o
 .debug_aranges
                0x00000068       0xd0 src/ASF/sam/drivers/tc/tc.o
 .debug_aranges
                0x00000138       0xe8 src/ASF/sam/drivers/uart/uart.o
 .debug_aranges
                0x00000220      0x2a8 src/ASF/sam/drivers/usart/usart.o
 .debug_aranges
                0x000004c8       0x60 src/ASF/thirdparty/wireless/addons/sio2host/uart/sio2host.o
 .debug_aranges
                0x00000528       0x40 src/CalculateAngle.o
 .debug_aranges
                0x00000568       0x28 src/Drive.o
 .debug_aranges
                0x00000590       0x28 src/Regulator.o
 .debug_aranges
                0x000005b8       0x28 src/DelayFunctions.o
 .debug_aranges
                0x000005e0       0x38 src/Motorfunctions.o
 .debug_aranges
                0x00000618       0x48 src/Rotate.o
 .debug_aranges
                0x00000660       0x40 src/ASF/common/services/clock/sam3x/sysclk.o
 .debug_aranges
                0x000006a0       0x28 src/ASF/common/utils/interrupt/interrupt_sam_nvic.o
 .debug_aranges
                0x000006c8       0x20 src/ASF/sam/boards/arduino_due_x/init.o
 .debug_aranges
                0x000006e8      0x148 src/ASF/sam/drivers/pio/pio.o
 .debug_aranges
                0x00000830       0x58 src/ASF/sam/drivers/pio/pio_handler.o
 .debug_aranges
                0x00000888      0x200 src/ASF/sam/drivers/pmc/pmc.o
 .debug_aranges
                0x00000a88       0x20 src/ASF/sam/utils/cmsis/sam3x/source/templates/exceptions.o
 .debug_aranges
                0x00000aa8       0x20 src/ASF/sam/utils/cmsis/sam3x/source/templates/gcc/startup_sam3x.o
 .debug_aranges
                0x00000ac8       0x30 src/ASF/sam/utils/cmsis/sam3x/source/templates/system_sam3x.o
 .debug_aranges
                0x00000af8       0x60 src/ASF/sam/utils/syscalls/gcc/syscalls.o
 .debug_aranges
                0x00000b58       0x30 src/main.o

.debug_ranges   0x00000000      0xcd0
 .debug_ranges  0x00000000       0x30 src/ASF/common/services/serial/usart_serial.o
 .debug_ranges  0x00000030       0x10 src/ASF/common/utils/stdio/read.o
 .debug_ranges  0x00000040       0x10 src/ASF/common/utils/stdio/write.o
 .debug_ranges  0x00000050       0xc0 src/ASF/sam/drivers/tc/tc.o
 .debug_ranges  0x00000110       0xd8 src/ASF/sam/drivers/uart/uart.o
 .debug_ranges  0x000001e8      0x298 src/ASF/sam/drivers/usart/usart.o
 .debug_ranges  0x00000480       0x50 src/ASF/thirdparty/wireless/addons/sio2host/uart/sio2host.o
 .debug_ranges  0x000004d0       0x30 src/CalculateAngle.o
 .debug_ranges  0x00000500      0x178 src/Drive.o
 .debug_ranges  0x00000678       0x18 src/Regulator.o
 .debug_ranges  0x00000690       0x18 src/DelayFunctions.o
 .debug_ranges  0x000006a8       0x28 src/Motorfunctions.o
 .debug_ranges  0x000006d0      0x188 src/Rotate.o
 .debug_ranges  0x00000858       0x30 src/ASF/common/services/clock/sam3x/sysclk.o
 .debug_ranges  0x00000888       0x18 src/ASF/common/utils/interrupt/interrupt_sam_nvic.o
 .debug_ranges  0x000008a0       0x10 src/ASF/sam/boards/arduino_due_x/init.o
 .debug_ranges  0x000008b0      0x138 src/ASF/sam/drivers/pio/pio.o
 .debug_ranges  0x000009e8       0x48 src/ASF/sam/drivers/pio/pio_handler.o
 .debug_ranges  0x00000a30      0x1f0 src/ASF/sam/drivers/pmc/pmc.o
 .debug_ranges  0x00000c20       0x10 src/ASF/sam/utils/cmsis/sam3x/source/templates/exceptions.o
 .debug_ranges  0x00000c30       0x10 src/ASF/sam/utils/cmsis/sam3x/source/templates/gcc/startup_sam3x.o
 .debug_ranges  0x00000c40       0x20 src/ASF/sam/utils/cmsis/sam3x/source/templates/system_sam3x.o
 .debug_ranges  0x00000c60       0x50 src/ASF/sam/utils/syscalls/gcc/syscalls.o
 .debug_ranges  0x00000cb0       0x20 src/main.o

.debug_macro    0x00000000     0x837e
 .debug_macro   0x00000000      0x55c src/ASF/common/services/serial/usart_serial.o
 .debug_macro   0x0000055c      0x4a9 src/ASF/common/utils/stdio/read.o
 .debug_macro   0x00000a05      0x4a9 src/ASF/common/utils/stdio/write.o
 .debug_macro   0x00000eae      0x4c5 src/ASF/sam/drivers/tc/tc.o
 .debug_macro   0x00001373       0x16 src/ASF/sam/drivers/tc/tc.o
 .debug_macro   0x00001389      0x4b8 src/ASF/sam/drivers/uart/uart.o
 .debug_macro   0x00001841       0x16 src/ASF/sam/drivers/uart/uart.o
 .debug_macro   0x00001857      0x4f4 src/ASF/sam/drivers/usart/usart.o
 .debug_macro   0x00001d4b       0x28 src/ASF/sam/drivers/usart/usart.o
 .debug_macro   0x00001d73      0x603 src/ASF/thirdparty/wireless/addons/sio2host/uart/sio2host.o
 .debug_macro   0x00002376       0x40 src/ASF/thirdparty/wireless/addons/sio2host/uart/sio2host.o
 .debug_macro   0x000023b6      0x108 src/CalculateAngle.o
 .debug_macro   0x000024be      0x1e1 src/CalculateAngle.o
 .debug_macro   0x0000269f      0x686 src/Drive.o
 .debug_macro   0x00002d25       0x10 src/Drive.o
 .debug_macro   0x00002d35      0x452 src/Drive.o
 .debug_macro   0x00003187      0x627 src/Regulator.o
 .debug_macro   0x000037ae      0x5f9 src/DelayFunctions.o
 .debug_macro   0x00003da7      0x628 src/Motorfunctions.o
 .debug_macro   0x000043cf      0x686 src/Rotate.o
 .debug_macro   0x00004a55      0x529 src/ASF/common/services/clock/sam3x/sysclk.o
 .debug_macro   0x00004f7e      0x273 src/ASF/common/services/clock/sam3x/sysclk.o
 .debug_macro   0x000051f1      0x4b3 src/ASF/common/utils/interrupt/interrupt_sam_nvic.o
 .debug_macro   0x000056a4       0x3f src/ASF/common/utils/interrupt/interrupt_sam_nvic.o
 .debug_macro   0x000056e3      0x568 src/ASF/sam/boards/arduino_due_x/init.o
 .debug_macro   0x00005c4b       0x58 src/ASF/sam/boards/arduino_due_x/init.o
 .debug_macro   0x00005ca3      0x4c4 src/ASF/sam/drivers/pio/pio.o
 .debug_macro   0x00006167       0x8e src/ASF/sam/drivers/pio/pio.o
 .debug_macro   0x000061f5      0x4c8 src/ASF/sam/drivers/pio/pio_handler.o
 .debug_macro   0x000066bd      0x4be src/ASF/sam/drivers/pmc/pmc.o
 .debug_macro   0x00006b7b       0x58 src/ASF/sam/drivers/pmc/pmc.o
 .debug_macro   0x00006bd3      0x4bd src/ASF/sam/utils/cmsis/sam3x/source/templates/exceptions.o
 .debug_macro   0x00007090      0x4cb src/ASF/sam/utils/cmsis/sam3x/source/templates/gcc/startup_sam3x.o
 .debug_macro   0x0000755b      0x4cb src/ASF/sam/utils/cmsis/sam3x/source/templates/system_sam3x.o
 .debug_macro   0x00007a26       0x26 src/ASF/sam/utils/cmsis/sam3x/source/templates/system_sam3x.o
 .debug_macro   0x00007a4c      0x129 src/ASF/sam/utils/syscalls/gcc/syscalls.o
 .debug_macro   0x00007b75       0x52 src/ASF/sam/utils/syscalls/gcc/syscalls.o
 .debug_macro   0x00007bc7       0x16 src/ASF/sam/utils/syscalls/gcc/syscalls.o
 .debug_macro   0x00007bdd       0x10 src/ASF/sam/utils/syscalls/gcc/syscalls.o
 .debug_macro   0x00007bed       0x41 src/ASF/sam/utils/syscalls/gcc/syscalls.o
 .debug_macro   0x00007c2e      0x120 src/ASF/sam/utils/syscalls/gcc/syscalls.o
 .debug_macro   0x00007d4e      0x630 src/main.o

.debug_line     0x00000000    0x130cc
 .debug_line    0x00000000      0xd1b src/ASF/common/services/serial/usart_serial.o
 .debug_line    0x00000d1b      0xad9 src/ASF/common/utils/stdio/read.o
 .debug_line    0x000017f4      0xacf src/ASF/common/utils/stdio/write.o
 .debug_line    0x000022c3      0xc7a src/ASF/sam/drivers/tc/tc.o
 .debug_line    0x00002f3d      0xc8f src/ASF/sam/drivers/uart/uart.o
 .debug_line    0x00003bcc     0x11a9 src/ASF/sam/drivers/usart/usart.o
 .debug_line    0x00004d75     0x108b src/ASF/thirdparty/wireless/addons/sio2host/uart/sio2host.o
 .debug_line    0x00005e00      0x355 src/CalculateAngle.o
 .debug_line    0x00006155      0xfc0 src/Drive.o
 .debug_line    0x00007115      0xef6 src/Regulator.o
 .debug_line    0x0000800b      0xeca src/DelayFunctions.o
 .debug_line    0x00008ed5      0xf2c src/Motorfunctions.o
 .debug_line    0x00009e01     0x102c src/Rotate.o
 .debug_line    0x0000ae2d      0xc48 src/ASF/common/services/clock/sam3x/sysclk.o
 .debug_line    0x0000ba75      0xaf4 src/ASF/common/utils/interrupt/interrupt_sam_nvic.o
 .debug_line    0x0000c569      0xcf2 src/ASF/sam/boards/arduino_due_x/init.o
 .debug_line    0x0000d25b      0xe42 src/ASF/sam/drivers/pio/pio.o
 .debug_line    0x0000e09d      0xb8d src/ASF/sam/drivers/pio/pio_handler.o
 .debug_line    0x0000ec2a     0x1047 src/ASF/sam/drivers/pmc/pmc.o
 .debug_line    0x0000fc71      0xab5 src/ASF/sam/utils/cmsis/sam3x/source/templates/exceptions.o
 .debug_line    0x00010726      0xb05 src/ASF/sam/utils/cmsis/sam3x/source/templates/gcc/startup_sam3x.o
 .debug_line    0x0001122b      0xb22 src/ASF/sam/utils/cmsis/sam3x/source/templates/system_sam3x.o
 .debug_line    0x00011d4d      0x39b src/ASF/sam/utils/syscalls/gcc/syscalls.o
 .debug_line    0x000120e8      0xfe4 src/main.o

.debug_str      0x00000000    0x63f5b
 .debug_str     0x00000000    0x5e150 src/ASF/common/services/serial/usart_serial.o
                              0x5e489 (size before relaxing)
 .debug_str     0x0005e150       0x3f src/ASF/common/utils/stdio/read.o
                              0x5a3ba (size before relaxing)
 .debug_str     0x0005e18f       0x2e src/ASF/common/utils/stdio/write.o
                              0x5a3bc (size before relaxing)
 .debug_str     0x0005e1bd      0x3be src/ASF/sam/drivers/tc/tc.o
                              0x5a763 (size before relaxing)
 .debug_str     0x0005e57b      0x2aa src/ASF/sam/drivers/uart/uart.o
                              0x5a780 (size before relaxing)
 .debug_str     0x0005e825      0xa2f src/ASF/sam/drivers/usart/usart.o
                              0x5b031 (size before relaxing)
 .debug_str     0x0005f254     0x1343 src/ASF/thirdparty/wireless/addons/sio2host/uart/sio2host.o
                              0x5f8b7 (size before relaxing)
 .debug_str     0x00060597      0xaa1 src/CalculateAngle.o
                               0x5229 (size before relaxing)
 .debug_str     0x00061038     0x122f src/Drive.o
                              0x60078 (size before relaxing)
 .debug_str     0x00062267       0x3d src/Regulator.o
                              0x5fc14 (size before relaxing)
 .debug_str     0x000622a4       0x34 src/DelayFunctions.o
                              0x5eebf (size before relaxing)
 .debug_str     0x000622d8       0x66 src/Motorfunctions.o
                              0x5ff78 (size before relaxing)
 .debug_str     0x0006233e       0xa6 src/Rotate.o
                              0x60108 (size before relaxing)
 .debug_str     0x000623e4      0x24c src/ASF/common/services/clock/sam3x/sysclk.o
                              0x5e240 (size before relaxing)
 .debug_str     0x00062630       0x73 src/ASF/common/utils/interrupt/interrupt_sam_nvic.o
                              0x5a40b (size before relaxing)
 .debug_str     0x000626a3      0x200 src/ASF/sam/boards/arduino_due_x/init.o
                              0x5ebd7 (size before relaxing)
 .debug_str     0x000628a3      0x40e src/ASF/sam/drivers/pio/pio.o
                              0x5ad5f (size before relaxing)
 .debug_str     0x00062cb1      0x1bf src/ASF/sam/drivers/pio/pio_handler.o
                              0x5ada7 (size before relaxing)
 .debug_str     0x00062e70      0x67e src/ASF/sam/drivers/pmc/pmc.o
                              0x5add5 (size before relaxing)
 .debug_str     0x000634ee       0x4d src/ASF/sam/utils/cmsis/sam3x/source/templates/exceptions.o
                              0x5a3d4 (size before relaxing)
 .debug_str     0x0006353b       0xb2 src/ASF/sam/utils/cmsis/sam3x/source/templates/gcc/startup_sam3x.o
                              0x5a4a9 (size before relaxing)
 .debug_str     0x000635ed      0x1cd src/ASF/sam/utils/cmsis/sam3x/source/templates/system_sam3x.o
                              0x5a6bc (size before relaxing)
 .debug_str     0x000637ba      0x73a src/ASF/sam/utils/syscalls/gcc/syscalls.o
                               0x4f1f (size before relaxing)
 .debug_str     0x00063ef4       0x67 src/main.o
                              0x5f2dc (size before relaxing)

.debug_frame    0x00000000     0x2420
 .debug_frame   0x00000000       0x60 src/ASF/common/services/serial/usart_serial.o
 .debug_frame   0x00000060       0x30 src/ASF/common/utils/stdio/read.o
 .debug_frame   0x00000090       0x30 src/ASF/common/utils/stdio/write.o
 .debug_frame   0x000000c0      0x198 src/ASF/sam/drivers/tc/tc.o
 .debug_frame   0x00000258      0x1b8 src/ASF/sam/drivers/uart/uart.o
 .debug_frame   0x00000410      0x5c8 src/ASF/sam/drivers/usart/usart.o
 .debug_frame   0x000009d8      0x10c src/ASF/thirdparty/wireless/addons/sio2host/uart/sio2host.o
 .debug_frame   0x00000ae4       0x7c src/CalculateAngle.o
 .debug_frame   0x00000b60       0x54 src/Drive.o
 .debug_frame   0x00000bb4       0x38 src/Regulator.o
 .debug_frame   0x00000bec       0x48 src/DelayFunctions.o
 .debug_frame   0x00000c34       0x70 src/Motorfunctions.o
 .debug_frame   0x00000ca4       0xa0 src/Rotate.o
 .debug_frame   0x00000d44       0x88 src/ASF/common/services/clock/sam3x/sysclk.o
 .debug_frame   0x00000dcc       0x30 src/ASF/common/utils/interrupt/interrupt_sam_nvic.o
 .debug_frame   0x00000dfc       0x28 src/ASF/sam/boards/arduino_due_x/init.o
 .debug_frame   0x00000e24      0x2a8 src/ASF/sam/drivers/pio/pio.o
 .debug_frame   0x000010cc       0xf8 src/ASF/sam/drivers/pio/pio_handler.o
 .debug_frame   0x000011c4      0x410 src/ASF/sam/drivers/pmc/pmc.o
 .debug_frame   0x000015d4       0x20 src/ASF/sam/utils/cmsis/sam3x/source/templates/exceptions.o
 .debug_frame   0x000015f4       0x28 src/ASF/sam/utils/cmsis/sam3x/source/templates/gcc/startup_sam3x.o
 .debug_frame   0x0000161c       0x40 src/ASF/sam/utils/cmsis/sam3x/source/templates/system_sam3x.o
 .debug_frame   0x0000165c       0xa8 src/ASF/sam/utils/syscalls/gcc/syscalls.o
 .debug_frame   0x00001704       0x74 src/main.o
 .debug_frame   0x00001778       0x34 c:/program files (x86)/atmel/atmel toolchain/arm gcc/native/4.8.1443/arm-gnu-toolchain/bin/../lib/gcc/arm-none-eabi/4.8.4/../../../../arm-none-eabi/lib/armv7-m\libm.a(lib_a-w_acos.o)
 .debug_frame   0x000017ac       0x38 c:/program files (x86)/atmel/atmel toolchain/arm gcc/native/4.8.1443/arm-gnu-toolchain/bin/../lib/gcc/arm-none-eabi/4.8.4/../../../../arm-none-eabi/lib/armv7-m\libm.a(lib_a-w_sqrt.o)
 .debug_frame   0x000017e4       0x38 c:/program files (x86)/atmel/atmel toolchain/arm gcc/native/4.8.1443/arm-gnu-toolchain/bin/../lib/gcc/arm-none-eabi/4.8.4/../../../../arm-none-eabi/lib/armv7-m\libm.a(lib_a-e_acos.o)
 .debug_frame   0x0000181c       0x34 c:/program files (x86)/atmel/atmel toolchain/arm gcc/native/4.8.1443/arm-gnu-toolchain/bin/../lib/gcc/arm-none-eabi/4.8.4/../../../../arm-none-eabi/lib/armv7-m\libm.a(lib_a-e_sqrt.o)
 .debug_frame   0x00001850       0x20 c:/program files (x86)/atmel/atmel toolchain/arm gcc/native/4.8.1443/arm-gnu-toolchain/bin/../lib/gcc/arm-none-eabi/4.8.4/../../../../arm-none-eabi/lib/armv7-m\libm.a(lib_a-s_fabs.o)
 .debug_frame   0x00001870       0x28 c:/program files (x86)/atmel/atmel toolchain/arm gcc/native/4.8.1443/arm-gnu-toolchain/bin/../lib/gcc/arm-none-eabi/4.8.4/../../../../arm-none-eabi/lib/armv7-m\libm.a(lib_a-s_fpclassify.o)
 .debug_frame   0x00001898       0x20 c:/program files (x86)/atmel/atmel toolchain/arm gcc/native/4.8.1443/arm-gnu-toolchain/bin/../lib/gcc/arm-none-eabi/4.8.4/../../../../arm-none-eabi/lib/armv7-m\libm.a(lib_a-s_matherr.o)
 .debug_frame   0x000018b8       0x20 c:/program files (x86)/atmel/atmel toolchain/arm gcc/native/4.8.1443/arm-gnu-toolchain/bin/../lib/gcc/arm-none-eabi/4.8.4/../../../../arm-none-eabi/lib/armv7-m\libm.a(lib_a-s_nan.o)
 .debug_frame   0x000018d8       0x20 c:/program files (x86)/atmel/atmel toolchain/arm gcc/native/4.8.1443/arm-gnu-toolchain/bin/../lib/gcc/arm-none-eabi/4.8.4/../../../../arm-none-eabi/lib/armv7-m\libc.a(lib_a-errno.o)
 .debug_frame   0x000018f8       0x2c c:/program files (x86)/atmel/atmel toolchain/arm gcc/native/4.8.1443/arm-gnu-toolchain/bin/../lib/gcc/arm-none-eabi/4.8.4/../../../../arm-none-eabi/lib/armv7-m\libc.a(lib_a-init.o)
 .debug_frame   0x00001924       0x5c c:/program files (x86)/atmel/atmel toolchain/arm gcc/native/4.8.1443/arm-gnu-toolchain/bin/../lib/gcc/arm-none-eabi/4.8.4/../../../../arm-none-eabi/lib/armv7-m\libc.a(lib_a-iprintf.o)
 .debug_frame   0x00001980       0x2c c:/program files (x86)/atmel/atmel toolchain/arm gcc/native/4.8.1443/arm-gnu-toolchain/bin/../lib/gcc/arm-none-eabi/4.8.4/../../../../arm-none-eabi/lib/armv7-m\libc.a(lib_a-memset.o)
 .debug_frame   0x000019ac       0x20 c:/program files (x86)/atmel/atmel toolchain/arm gcc/native/4.8.1443/arm-gnu-toolchain/bin/../lib/gcc/arm-none-eabi/4.8.4/../../../../arm-none-eabi/lib/armv7-m\libc.a(lib_a-setbuf.o)
 .debug_frame   0x000019cc       0x30 c:/program files (x86)/atmel/atmel toolchain/arm gcc/native/4.8.1443/arm-gnu-toolchain/bin/../lib/gcc/arm-none-eabi/4.8.4/../../../../arm-none-eabi/lib/armv7-m\libc.a(lib_a-setvbuf.o)
 .debug_frame   0x000019fc       0xb8 c:/program files (x86)/atmel/atmel toolchain/arm gcc/native/4.8.1443/arm-gnu-toolchain/bin/../lib/gcc/arm-none-eabi/4.8.4/../../../../arm-none-eabi/lib/armv7-m\libc.a(lib_a-vfiprintf.o)
 .debug_frame   0x00001ab4       0x40 c:/program files (x86)/atmel/atmel toolchain/arm gcc/native/4.8.1443/arm-gnu-toolchain/bin/../lib/gcc/arm-none-eabi/4.8.4/../../../../arm-none-eabi/lib/armv7-m\libc.a(lib_a-wbuf.o)
 .debug_frame   0x00001af4       0x2c c:/program files (x86)/atmel/atmel toolchain/arm gcc/native/4.8.1443/arm-gnu-toolchain/bin/../lib/gcc/arm-none-eabi/4.8.4/../../../../arm-none-eabi/lib/armv7-m\libc.a(lib_a-wsetup.o)
 .debug_frame   0x00001b20       0x48 c:/program files (x86)/atmel/atmel toolchain/arm gcc/native/4.8.1443/arm-gnu-toolchain/bin/../lib/gcc/arm-none-eabi/4.8.4/../../../../arm-none-eabi/lib/armv7-m\libc.a(lib_a-__call_atexit.o)
 .debug_frame   0x00001b68       0x20 c:/program files (x86)/atmel/atmel toolchain/arm gcc/native/4.8.1443/arm-gnu-toolchain/bin/../lib/gcc/arm-none-eabi/4.8.4/../../../../arm-none-eabi/lib/armv7-m\libc.a(lib_a-atexit.o)